Archive member included to satisfy reference by file (symbol)

/usr/lib/gcc/avr/5.3.0/avr5/libgcc.a(_exit.o)
                              /usr/lib/gcc/avr/5.3.0/../../../../avr/lib/avr5/crtatmega32u4.o (exit)
/usr/lib/gcc/avr/5.3.0/avr5/libgcc.a(_tablejump2.o)
                              obj_atreus/protocol/lufa/LUFA-120730/LUFA/Drivers/USB/Core/DeviceStandardReq.o (__tablejump2__)
/usr/lib/gcc/avr/5.3.0/avr5/libgcc.a(_copy_data.o)
                              obj_atreus/matrix.o (__do_copy_data)
/usr/lib/gcc/avr/5.3.0/avr5/libgcc.a(_clear_bss.o)
                              obj_atreus/keymap_qwertyPD.o (__do_clear_bss)
/usr/lib/gcc/avr/5.3.0/../../../../avr/lib/avr5/libatmega32u4.a(eerd_byte.o)
                              obj_atreus/protocol/lufa/LUFA-120730/LUFA/Drivers/USB/Core/AVR8/EndpointStream_AVR8.o (eeprom_read_byte)
/usr/lib/gcc/avr/5.3.0/../../../../avr/lib/avr5/libatmega32u4.a(eeupd_byte.o)
                              obj_atreus/protocol/lufa/LUFA-120730/LUFA/Drivers/USB/Core/AVR8/EndpointStream_AVR8.o (eeprom_update_byte)

Allocating common symbols
Common symbol       size              file

mk_time_to_max      0x1               obj_atreus/common/action.o
USB_IsInitialized   0x1               obj_atreus/protocol/lufa/LUFA-120730/LUFA/Drivers/USB/Core/USBTask.o
USB_DeviceState     0x1               obj_atreus/protocol/lufa/LUFA-120730/LUFA/Drivers/USB/Core/USBTask.o
mk_wheel_time_to_max
                    0x1               obj_atreus/common/action.o
USB_Device_ConfigurationNumber
                    0x1               obj_atreus/protocol/lufa/LUFA-120730/LUFA/Drivers/USB/Core/DeviceStandardReq.o
mk_max_speed        0x1               obj_atreus/common/action.o
mk_interval         0x1               obj_atreus/common/action.o
mk_delay            0x1               obj_atreus/common/action.o
USB_Device_CurrentlySelfPowered
                    0x1               obj_atreus/protocol/lufa/LUFA-120730/LUFA/Drivers/USB/Core/DeviceStandardReq.o
mk_wheel_max_speed  0x1               obj_atreus/common/action.o
USB_ControlRequest  0x8               obj_atreus/protocol/lufa/LUFA-120730/LUFA/Drivers/USB/Core/USBTask.o
USB_Device_RemoteWakeupEnabled
                    0x1               obj_atreus/protocol/lufa/LUFA-120730/LUFA/Drivers/USB/Core/DeviceStandardReq.o
debug_config        0x1               obj_atreus/keymap_qwertyPD.o

Discarded input sections

 .data          0x0000000000000000        0x0 /usr/lib/gcc/avr/5.3.0/../../../../avr/lib/avr5/crtatmega32u4.o
 .bss           0x0000000000000000        0x0 /usr/lib/gcc/avr/5.3.0/../../../../avr/lib/avr5/crtatmega32u4.o
 .text          0x0000000000000000        0x0 obj_atreus/keymap_qwertyPD.o
 .data          0x0000000000000000        0x0 obj_atreus/keymap_qwertyPD.o
 .bss           0x0000000000000000        0x0 obj_atreus/keymap_qwertyPD.o
 .text          0x0000000000000000        0x0 obj_atreus/keymap_common.o
 .data          0x0000000000000000        0x0 obj_atreus/keymap_common.o
 .bss           0x0000000000000000        0x0 obj_atreus/keymap_common.o
 .text          0x0000000000000000        0x0 obj_atreus/matrix.o
 .text.matrix_rows
                0x0000000000000000        0x4 obj_atreus/matrix.o
 .text.matrix_cols
                0x0000000000000000        0x4 obj_atreus/matrix.o
 .text.matrix_is_modified
                0x0000000000000000        0xc obj_atreus/matrix.o
 .text.matrix_is_on
                0x0000000000000000       0x2c obj_atreus/matrix.o
 .text.matrix_key_count
                0x0000000000000000       0x2c obj_atreus/matrix.o
 .text          0x0000000000000000        0x0 obj_atreus/led.o
 .data          0x0000000000000000        0x0 obj_atreus/led.o
 .bss           0x0000000000000000        0x0 obj_atreus/led.o
 .text          0x0000000000000000        0x0 obj_atreus/protocol/lufa/lufa.o
 .text          0x0000000000000000        0x0 obj_atreus/protocol/lufa/descriptor.o
 .data          0x0000000000000000        0x0 obj_atreus/protocol/lufa/descriptor.o
 .bss           0x0000000000000000        0x0 obj_atreus/protocol/lufa/descriptor.o
 .text          0x0000000000000000        0x0 obj_atreus/protocol/lufa/LUFA-120730/LUFA/Drivers/USB/Core/AVR8/Device_AVR8.o
 .data          0x0000000000000000        0x0 obj_atreus/protocol/lufa/LUFA-120730/LUFA/Drivers/USB/Core/AVR8/Device_AVR8.o
 .bss           0x0000000000000000        0x0 obj_atreus/protocol/lufa/LUFA-120730/LUFA/Drivers/USB/Core/AVR8/Device_AVR8.o
 .text          0x0000000000000000        0x0 obj_atreus/protocol/lufa/LUFA-120730/LUFA/Drivers/USB/Core/AVR8/Endpoint_AVR8.o
 .bss           0x0000000000000000        0x0 obj_atreus/protocol/lufa/LUFA-120730/LUFA/Drivers/USB/Core/AVR8/Endpoint_AVR8.o
 .text.Endpoint_ConfigureEndpointTable
                0x0000000000000000       0x88 obj_atreus/protocol/lufa/LUFA-120730/LUFA/Drivers/USB/Core/AVR8/Endpoint_AVR8.o
 .text.Endpoint_ClearEndpoints
[...]
Memory Configuration

Name             Origin             Length             Attributes
text             0x0000000000000000 0x0000000000020000 xr
data             0x0000000000800060 0x000000000000ffa0 rw !x
eeprom           0x0000000000810000 0x0000000000010000 rw !x
fuse             0x0000000000820000 0x0000000000000400 rw !x
lock             0x0000000000830000 0x0000000000000400 rw !x
signature        0x0000000000840000 0x0000000000000400 rw !x
user_signatures  0x0000000000850000 0x0000000000000400 rw !x
*default*        0x0000000000000000 0xffffffffffffffff

Linker script and memory map

Address of section .data set to 0x800100
LOAD /usr/lib/gcc/avr/5.3.0/../../../../avr/lib/avr5/crtatmega32u4.o
LOAD obj_atreus/keymap_qwertyPD.o
LOAD obj_atreus/keymap_common.o
LOAD obj_atreus/matrix.o
LOAD obj_atreus/led.o
LOAD obj_atreus/protocol/lufa/lufa.o
LOAD obj_atreus/protocol/lufa/descriptor.o
LOAD obj_atreus/protocol/lufa/LUFA-120730/LUFA/Drivers/USB/Core/AVR8/Device_AVR8.o
LOAD obj_atreus/protocol/lufa/LUFA-120730/LUFA/Drivers/USB/Core/AVR8/Endpoint_AVR8.o
LOAD obj_atreus/protocol/lufa/LUFA-120730/LUFA/Drivers/USB/Core/AVR8/Host_AVR8.o
LOAD obj_atreus/protocol/lufa/LUFA-120730/LUFA/Drivers/USB/Core/AVR8/Pipe_AVR8.o
LOAD obj_atreus/protocol/lufa/LUFA-120730/LUFA/Drivers/USB/Core/AVR8/USBController_AVR8.o
LOAD obj_atreus/protocol/lufa/LUFA-120730/LUFA/Drivers/USB/Core/AVR8/USBInterrupt_AVR8.o
LOAD obj_atreus/protocol/lufa/LUFA-120730/LUFA/Drivers/USB/Core/AVR8/EndpointStream_AVR8.o
LOAD obj_atreus/protocol/lufa/LUFA-120730/LUFA/Drivers/USB/Core/AVR8/PipeStream_AVR8.o
LOAD obj_atreus/protocol/lufa/LUFA-120730/LUFA/Drivers/USB/Core/ConfigDescriptors.o
LOAD obj_atreus/protocol/lufa/LUFA-120730/LUFA/Drivers/USB/Core/DeviceStandardReq.o
LOAD obj_atreus/protocol/lufa/LUFA-120730/LUFA/Drivers/USB/Core/Events.o
LOAD obj_atreus/protocol/lufa/LUFA-120730/LUFA/Drivers/USB/Core/HostStandardReq.o
LOAD obj_atreus/protocol/lufa/LUFA-120730/LUFA/Drivers/USB/Core/USBTask.o
LOAD obj_atreus/protocol/lufa/LUFA-120730/LUFA/Drivers/USB/Class/Common/HIDParser.o
LOAD obj_atreus/common/host.o
LOAD obj_atreus/common/keyboard.o
LOAD obj_atreus/common/action.o
LOAD obj_atreus/common/action_tapping.o
LOAD obj_atreus/common/action_macro.o
LOAD obj_atreus/common/action_layer.o
LOAD obj_atreus/common/action_util.o
LOAD obj_atreus/common/keymap.o
LOAD obj_atreus/common/timer.o
LOAD obj_atreus/common/print.o
LOAD obj_atreus/common/bootloader.o
LOAD obj_atreus/common/suspend.o
LOAD obj_atreus/common/xprintf.o
LOAD obj_atreus/common/util.o
LOAD obj_atreus/common/command.o
LOAD /usr/lib/gcc/avr/5.3.0/../../../../avr/lib/avr5/libm.a
START GROUP
LOAD /usr/lib/gcc/avr/5.3.0/avr5/libgcc.a
LOAD /usr/lib/gcc/avr/5.3.0/../../../../avr/lib/avr5/libm.a
LOAD /usr/lib/gcc/avr/5.3.0/../../../../avr/lib/avr5/libc.a
LOAD /usr/lib/gcc/avr/5.3.0/../../../../avr/lib/avr5/libatmega32u4.a
END GROUP
                0x0000000000020000                __TEXT_REGION_LENGTH__ = DEFINED (__TEXT_REGION_LENGTH__)?__TEXT_REGION_LENGTH__:0x20000
                0x000000000000ffa0                __DATA_REGION_LENGTH__ = DEFINED (__DATA_REGION_LENGTH__)?__DATA_REGION_LENGTH__:0xffa0
                0x0000000000010000                __EEPROM_REGION_LENGTH__ = DEFINED (__EEPROM_REGION_LENGTH__)?__EEPROM_REGION_LENGTH__:0x10000
                0x0000000000000400                __FUSE_REGION_LENGTH__ = DEFINED (__FUSE_REGION_LENGTH__)?__FUSE_REGION_LENGTH__:0x400
                0x0000000000000400                __LOCK_REGION_LENGTH__ = DEFINED (__LOCK_REGION_LENGTH__)?__LOCK_REGION_LENGTH__:0x400
                0x0000000000000400                __SIGNATURE_REGION_LENGTH__ = DEFINED (__SIGNATURE_REGION_LENGTH__)?__SIGNATURE_REGION_LENGTH__:0x400
                0x0000000000000400                __USER_SIGNATURE_REGION_LENGTH__ = DEFINED (__USER_SIGNATURE_REGION_LENGTH__)?__USER_SIGNATURE_REGION_LENGTH__:0x400

.hash
 *(.hash)

.dynsym
 *(.dynsym)

.dynstr
 *(.dynstr)

.gnu.version
 *(.gnu.version)

.gnu.version_d
 *(.gnu.version_d)

.gnu.version_r
 *(.gnu.version_r)

.rel.init
 *(.rel.init)

.rela.init
 *(.rela.init)

.rel.text
 *(.rel.text)
 *(.rel.text.*)
 *(.rel.gnu.linkonce.t*)

.rela.text
 *(.rela.text)
 *(.rela.text.*)
 *(.rela.gnu.linkonce.t*)

.rel.fini
 *(.rel.fini)

.rela.fini
 *(.rela.fini)

.rel.rodata
 *(.rel.rodata)
 *(.rel.rodata.*)
 *(.rel.gnu.linkonce.r*)

.rela.rodata
 *(.rela.rodata)
 *(.rela.rodata.*)
 *(.rela.gnu.linkonce.r*)

.rel.data
 *(.rel.data)
 *(.rel.data.*)
 *(.rel.gnu.linkonce.d*)

.rela.data
 *(.rela.data)
 *(.rela.data.*)
 *(.rela.gnu.linkonce.d*)

.rel.ctors
 *(.rel.ctors)

.rela.ctors
 *(.rela.ctors)

.rel.dtors
 *(.rel.dtors)

.rela.dtors
 *(.rela.dtors)

.rel.got
 *(.rel.got)

.rela.got
 *(.rela.got)

.rel.bss
 *(.rel.bss)

.rela.bss
 *(.rela.bss)

.rel.plt
 *(.rel.plt)

.rela.plt
 *(.rela.plt)

.text           0x0000000000000000     0x39e0
 *(.vectors)
 .vectors       0x0000000000000000       0xac /usr/lib/gcc/avr/5.3.0/../../../../avr/lib/avr5/crtatmega32u4.o
                0x0000000000000000                __vectors
                0x0000000000000000                __vector_default
 *(.vectors)
 *(.progmem.gcc*)
 .progmem.gcc_sw_table.USB_Device_ProcessControlRequest
                0x00000000000000ac       0x14 obj_atreus/protocol/lufa/LUFA-120730/LUFA/Drivers/USB/Core/DeviceStandardReq.o
 .progmem.gcc_sw_table.process_action
                0x00000000000000c0       0x20 obj_atreus/common/action.o
                0x00000000000000e0                . = ALIGN (0x2)
                0x00000000000000e0                __trampolines_start = .
 *(.trampolines)
 .trampolines   0x00000000000000e0        0x0 linker stubs
 *(.trampolines*)
                0x00000000000000e0                __trampolines_end = .
 *libprintf_flt.a:*(.progmem.data)
 *libc.a:*(.progmem.data)
 *(.progmem*)
 .progmem.data  0x00000000000000e0      0x110 obj_atreus/keymap_qwertyPD.o
                0x00000000000000e0                fn_actions
                0x00000000000000e8                keymaps
 .progmem.data  0x00000000000001f0       0x29 obj_atreus/keymap_common.o
 .progmem.data  0x0000000000000219       0x38 obj_atreus/matrix.o
 .progmem.data  0x0000000000000251       0x22 obj_atreus/protocol/lufa/lufa.o
 .progmem.data  0x0000000000000273      0x133 obj_atreus/protocol/lufa/descriptor.o
                0x0000000000000273                ProductString
                0x0000000000000283                ManufacturerString
                0x000000000000029d                LanguageString
                0x00000000000002a1                ConfigurationDescriptor
                0x00000000000002fc                DeviceDescriptor
                0x000000000000030e                NKROReport
                0x0000000000000347                ConsoleReport
                0x0000000000000367                KeyboardReport
 .progmem.data  0x00000000000003a6       0x1a obj_atreus/common/host.o
 .progmem.data  0x00000000000003c0       0x1a obj_atreus/common/keyboard.o
 .progmem.data  0x00000000000003da       0x3c obj_atreus/common/action_util.o
 .progmem.data  0x0000000000000416      0x4b6 obj_atreus/common/command.o
                0x00000000000008cc                . = ALIGN (0x2)
 *(.jumptables)
 *(.jumptables*)
 *(.lowtext)
 *(.lowtext*)
                0x00000000000008cc                __ctors_start = .
 *(.ctors)
                0x00000000000008cc                __ctors_end = .
                0x00000000000008cc                __dtors_start = .
 *(.dtors)
                0x00000000000008cc                __dtors_end = .
 SORT(*)(.ctors)
 SORT(*)(.dtors)
 *(.init0)
 .init0         0x00000000000008cc        0x0 /usr/lib/gcc/avr/5.3.0/../../../../avr/lib/avr5/crtatmega32u4.o
                0x00000000000008cc                __init
 *(.init0)
 *(.init1)
 *(.init1)
 *(.init2)
 .init2         0x00000000000008cc        0xc /usr/lib/gcc/avr/5.3.0/../../../../avr/lib/avr5/crtatmega32u4.o
 *(.init2)
 *(.init3)
 .init3         0x00000000000008d8       0x54 obj_atreus/common/bootloader.o
                0x00000000000008d8                bootloader_jump_after_watchdog_reset
 *(.init3)
 *(.init4)
 .init4         0x000000000000092c       0x16 /usr/lib/gcc/avr/5.3.0/avr5/libgcc.a(_copy_data.o)
                0x000000000000092c                __do_copy_data
 .init4         0x0000000000000942       0x10 /usr/lib/gcc/avr/5.3.0/avr5/libgcc.a(_clear_bss.o)
                0x0000000000000942                __do_clear_bss
 *(.init4)
 *(.init5)
 *(.init5)
 *(.init6)
 *(.init6)
 *(.init7)
 *(.init7)
 *(.init8)
 *(.init8)
 *(.init9)
 .init9         0x0000000000000952        0x8 /usr/lib/gcc/avr/5.3.0/../../../../avr/lib/avr5/crtatmega32u4.o
 *(.init9)
 *(.text)
 .text          0x000000000000095a        0x4 /usr/lib/gcc/avr/5.3.0/../../../../avr/lib/avr5/crtatmega32u4.o
                0x000000000000095a                __vector_38
                0x000000000000095a                __vector_22
                0x000000000000095a                __vector_28
                0x000000000000095a                __vector_1
                0x000000000000095a                __vector_32
                0x000000000000095a                __vector_34
                0x000000000000095a                __vector_24
                0x000000000000095a                __vector_12
                0x000000000000095a                __bad_interrupt
                0x000000000000095a                __vector_6
                0x000000000000095a                __vector_31
                0x000000000000095a                __vector_35
                0x000000000000095a                __vector_39
                0x000000000000095a                __vector_3
                0x000000000000095a                __vector_23
                0x000000000000095a                __vector_30
                0x000000000000095a                __vector_25
                0x000000000000095a                __vector_13
                0x000000000000095a                __vector_17
                0x000000000000095a                __vector_19
                0x000000000000095a                __vector_7
                0x000000000000095a                __vector_41
                0x000000000000095a                __vector_27
                0x000000000000095a                __vector_5
                0x000000000000095a                __vector_33
                0x000000000000095a                __vector_37
                0x000000000000095a                __vector_4
                0x000000000000095a                __vector_9
                0x000000000000095a                __vector_2
                0x000000000000095a                __vector_15
                0x000000000000095a                __vector_36
                0x000000000000095a                __vector_29
                0x000000000000095a                __vector_40
                0x000000000000095a                __vector_8
                0x000000000000095a                __vector_26
                0x000000000000095a                __vector_14
                0x000000000000095a                __vector_16
                0x000000000000095a                __vector_18
                0x000000000000095a                __vector_20
                0x000000000000095a                __vector_42
 .text          0x000000000000095e      0x15c obj_atreus/common/xprintf.o
                0x000000000000095e                xputc
                0x0000000000000976                xputs
                0x0000000000000984                xitoa
                0x0000000000000aa8                __xprintf
                0x0000000000000aba                . = ALIGN (0x2)
 *(.text.*)
 .text.action_function
                0x0000000000000aba        0xa obj_atreus/keymap_qwertyPD.o
                0x0000000000000aba                action_function
 .text.actionmap_key_to_action
                0x0000000000000ac4       0x26 obj_atreus/keymap_common.o
                0x0000000000000ac4                actionmap_key_to_action
 .text.keymap_fn_to_action
                0x0000000000000aea       0x12 obj_atreus/keymap_common.o
                0x0000000000000aea                keymap_fn_to_action
 .text.bootloader
                0x0000000000000afc       0x36 obj_atreus/keymap_common.o
                0x0000000000000afc                bootloader
 .text.unselect_rows
                0x0000000000000b32        0xe obj_atreus/matrix.o
 .text.matrix_init
                0x0000000000000b40       0x54 obj_atreus/matrix.o
                0x0000000000000b40                matrix_init
 .text.matrix_scan
                0x0000000000000b94      0x216 obj_atreus/matrix.o
                0x0000000000000b94                matrix_scan
 .text.matrix_get_row
                0x0000000000000daa       0x12 obj_atreus/matrix.o
                0x0000000000000daa                matrix_get_row
 .text.matrix_print
                0x0000000000000dbc       0x8e obj_atreus/matrix.o
                0x0000000000000dbc                matrix_print
 .text.led_set  0x0000000000000e4a        0xe obj_atreus/led.o
                0x0000000000000e4a                led_set
 .text.keyboard_leds
                0x0000000000000e58        0x6 obj_atreus/protocol/lufa/lufa.o
 .text.send_mouse
                0x0000000000000e5e        0x2 obj_atreus/protocol/lufa/lufa.o
 .text.sendchar
                0x0000000000000e60       0xc0 obj_atreus/protocol/lufa/lufa.o
                0x0000000000000e60                sendchar
 .text.send_consumer
                0x0000000000000f20       0x56 obj_atreus/protocol/lufa/lufa.o
 .text.send_system
                0x0000000000000f76       0x56 obj_atreus/protocol/lufa/lufa.o
 .text.send_keyboard
                0x0000000000000fcc       0x66 obj_atreus/protocol/lufa/lufa.o
 .text.EVENT_USB_Device_Connect
                0x0000000000001032        0x2 obj_atreus/protocol/lufa/lufa.o
                0x0000000000001032                EVENT_USB_Device_Connect
 .text.EVENT_USB_Device_Disconnect
                0x0000000000001034        0x2 obj_atreus/protocol/lufa/lufa.o
                0x0000000000001034                EVENT_USB_Device_Disconnect
 .text.EVENT_USB_Device_Reset
                0x0000000000001036        0x2 obj_atreus/protocol/lufa/lufa.o
                0x0000000000001036                EVENT_USB_Device_Reset
 .text.EVENT_USB_Device_Suspend
                0x0000000000001038        0x2 obj_atreus/protocol/lufa/lufa.o
                0x0000000000001038                EVENT_USB_Device_Suspend
 .text.EVENT_USB_Device_WakeUp
                0x000000000000103a        0x4 obj_atreus/protocol/lufa/lufa.o
                0x000000000000103a                EVENT_USB_Device_WakeUp
 .text.EVENT_USB_Device_StartOfFrame
                0x000000000000103e       0x5a obj_atreus/protocol/lufa/lufa.o
                0x000000000000103e                EVENT_USB_Device_StartOfFrame
 .text.EVENT_USB_Device_ConfigurationChanged
                0x0000000000001098       0x28 obj_atreus/protocol/lufa/lufa.o
                0x0000000000001098                EVENT_USB_Device_ConfigurationChanged
 .text.EVENT_USB_Device_ControlRequest
                0x00000000000010c0      0x14c obj_atreus/protocol/lufa/lufa.o
                0x00000000000010c0                EVENT_USB_Device_ControlRequest
 .text.startup.main
                0x000000000000120c       0x96 obj_atreus/protocol/lufa/lufa.o
                0x000000000000120c                main
 .text.CALLBACK_USB_GetDescriptor
                0x00000000000012a2       0xac obj_atreus/protocol/lufa/descriptor.o
                0x00000000000012a2                CALLBACK_USB_GetDescriptor
 .text.USB_Device_SendRemoteWakeup
                0x000000000000134e       0x2c obj_atreus/protocol/lufa/LUFA-120730/LUFA/Drivers/USB/Core/AVR8/Device_AVR8.o
                0x000000000000134e                USB_Device_SendRemoteWakeup
 .text.Endpoint_ConfigureEndpoint_Prv
                0x000000000000137a       0x6a obj_atreus/protocol/lufa/LUFA-120730/LUFA/Drivers/USB/Core/AVR8/Endpoint_AVR8.o
                0x000000000000137a                Endpoint_ConfigureEndpoint_Prv
 .text.Endpoint_ClearStatusStage
                0x00000000000013e4       0x3e obj_atreus/protocol/lufa/LUFA-120730/LUFA/Drivers/USB/Core/AVR8/Endpoint_AVR8.o
                0x00000000000013e4                Endpoint_ClearStatusStage
 .text.Endpoint_WaitUntilReady
                0x0000000000001422       0x66 obj_atreus/protocol/lufa/LUFA-120730/LUFA/Drivers/USB/Core/AVR8/Endpoint_AVR8.o
                0x0000000000001422                Endpoint_WaitUntilReady
 .text.USB_Disable
                0x0000000000001488       0x34 obj_atreus/protocol/lufa/LUFA-120730/LUFA/Drivers/USB/Core/AVR8/USBController_AVR8.o
                0x0000000000001488                USB_Disable
 .text.USB_ResetInterface
                0x00000000000014bc       0xda obj_atreus/protocol/lufa/LUFA-120730/LUFA/Drivers/USB/Core/AVR8/USBController_AVR8.o
                0x00000000000014bc                USB_ResetInterface
 .text.USB_Init
                0x0000000000001596       0x18 obj_atreus/protocol/lufa/LUFA-120730/LUFA/Drivers/USB/Core/AVR8/USBController_AVR8.o
                0x0000000000001596                USB_Init
 .text.USB_INT_DisableAllInterrupts
                0x00000000000015ae       0x10 obj_atreus/protocol/lufa/LUFA-120730/LUFA/Drivers/USB/Core/AVR8/USBInterrupt_AVR8.o
                0x00000000000015ae                USB_INT_DisableAllInterrupts
 .text.USB_INT_ClearAllInterrupts
                0x00000000000015be        0xa obj_atreus/protocol/lufa/LUFA-120730/LUFA/Drivers/USB/Core/AVR8/USBInterrupt_AVR8.o
                0x00000000000015be                USB_INT_ClearAllInterrupts
 .text.__vector_10
                0x00000000000015c8      0x1be obj_atreus/protocol/lufa/LUFA-120730/LUFA/Drivers/USB/Core/AVR8/USBInterrupt_AVR8.o
                0x00000000000015c8                __vector_10
 .text.__vector_11
                0x0000000000001786       0x88 obj_atreus/protocol/lufa/LUFA-120730/LUFA/Drivers/USB/Core/AVR8/USBInterrupt_AVR8.o
                0x0000000000001786                __vector_11
 .text.Endpoint_Write_Stream_LE
                0x000000000000180e       0x96 obj_atreus/protocol/lufa/LUFA-120730/LUFA/Drivers/USB/Core/AVR8/EndpointStream_AVR8.o
                0x000000000000180e                Endpoint_Write_Stream_LE
 .text.Endpoint_Write_Control_Stream_LE
                0x00000000000018a4       0xdc obj_atreus/protocol/lufa/LUFA-120730/LUFA/Drivers/USB/Core/AVR8/EndpointStream_AVR8.o
                0x00000000000018a4                Endpoint_Write_Control_Stream_LE
 .text.Endpoint_Write_Control_PStream_LE
                0x0000000000001980       0xde obj_atreus/protocol/lufa/LUFA-120730/LUFA/Drivers/USB/Core/AVR8/EndpointStream_AVR8.o
                0x0000000000001980                Endpoint_Write_Control_PStream_LE
 .text.USB_Device_ProcessControlRequest
                0x0000000000001a5e      0x2d4 obj_atreus/protocol/lufa/LUFA-120730/LUFA/Drivers/USB/Core/DeviceStandardReq.o
                0x0000000000001a5e                USB_Device_ProcessControlRequest
 .text.host_set_driver
                0x0000000000001d32        0xa obj_atreus/common/host.o
                0x0000000000001d32                host_set_driver
 .text.host_get_driver
                0x0000000000001d3c        0xa obj_atreus/common/host.o
                0x0000000000001d3c                host_get_driver
 .text.host_keyboard_leds
                0x0000000000001d46       0x18 obj_atreus/common/host.o
                0x0000000000001d46                host_keyboard_leds
 .text.host_keyboard_send
                0x0000000000001d5e       0x90 obj_atreus/common/host.o
                0x0000000000001d5e                host_keyboard_send
 .text.host_system_send
                0x0000000000001dee       0x2c obj_atreus/common/host.o
                0x0000000000001dee                host_system_send
 .text.host_consumer_send
                0x0000000000001e1a       0x2c obj_atreus/common/host.o
                0x0000000000001e1a                host_consumer_send
 .text.keyboard_init
                0x0000000000001e46        0x8 obj_atreus/common/keyboard.o
                0x0000000000001e46                keyboard_init
 .text.keyboard_set_leds
                0x0000000000001e4e       0x50 obj_atreus/common/keyboard.o
                0x0000000000001e4e                keyboard_set_leds
 .text.keyboard_task
                0x0000000000001e9e      0x16e obj_atreus/common/keyboard.o
                0x0000000000001e9e                keyboard_task
 .text.action_exec
                0x000000000000200c       0x5c obj_atreus/common/action.o
                0x000000000000200c                action_exec
 .text.register_code
                0x0000000000002068      0x13e obj_atreus/common/action.o
                0x0000000000002068                register_code
 .text.unregister_code
                0x00000000000021a6       0x50 obj_atreus/common/action.o
                0x00000000000021a6                unregister_code
 .text.register_mods
                0x00000000000021f6        0xe obj_atreus/common/action.o
                0x00000000000021f6                register_mods
 .text.unregister_mods
                0x0000000000002204        0xe obj_atreus/common/action.o
                0x0000000000002204                unregister_mods
 .text.process_action
                0x0000000000002212      0x550 obj_atreus/common/action.o
                0x0000000000002212                process_action
 .text.clear_keyboard_but_mods
                0x0000000000002762        0xc obj_atreus/common/action.o
                0x0000000000002762                clear_keyboard_but_mods
 .text.clear_keyboard
                0x000000000000276e        0x8 obj_atreus/common/action.o
                0x000000000000276e                clear_keyboard
 .text.is_tap_key
                0x0000000000002776       0x32 obj_atreus/common/action.o
                0x0000000000002776                is_tap_key
 .text.debug_event
                0x00000000000027a8       0x1e obj_atreus/common/action.o
                0x00000000000027a8                debug_event
 .text.debug_record
                0x00000000000027c6       0x20 obj_atreus/common/action.o
                0x00000000000027c6                debug_record
 .text.debug_waiting_buffer
                0x00000000000027e6       0x42 obj_atreus/common/action_tapping.o
 .text.debug_tapping_key
                0x0000000000002828       0x1c obj_atreus/common/action_tapping.o
 .text.waiting_buffer_scan_tap
                0x0000000000002844       0xb6 obj_atreus/common/action_tapping.o
 .text.process_tapping
                0x00000000000028fa      0x390 obj_atreus/common/action_tapping.o
 .text.action_tapping_process
                0x0000000000002c8a      0x14a obj_atreus/common/action_tapping.o
                0x0000000000002c8a                action_tapping_process
 .text.action_macro_play
                0x0000000000002dd4       0xf6 obj_atreus/common/action_macro.o
                0x0000000000002dd4                action_macro_play
 .text.default_layer_debug
                0x0000000000002eca        0x2 obj_atreus/common/action_layer.o
                0x0000000000002eca                default_layer_debug
 .text.default_layer_set
                0x0000000000002ecc       0x14 obj_atreus/common/action_layer.o
                0x0000000000002ecc                default_layer_set
 .text.default_layer_or
                0x0000000000002ee0       0x38 obj_atreus/common/action_layer.o
                0x0000000000002ee0                default_layer_or
 .text.default_layer_and
                0x0000000000002f18       0x38 obj_atreus/common/action_layer.o
                0x0000000000002f18                default_layer_and
 .text.default_layer_xor
                0x0000000000002f50       0x38 obj_atreus/common/action_layer.o
                0x0000000000002f50                default_layer_xor
 .text.layer_clear
                0x0000000000002f88       0x14 obj_atreus/common/action_layer.o
                0x0000000000002f88                layer_clear
 .text.layer_move
                0x0000000000002f9c       0x2a obj_atreus/common/action_layer.o
                0x0000000000002f9c                layer_move
 .text.layer_on
                0x0000000000002fc6       0x42 obj_atreus/common/action_layer.o
                0x0000000000002fc6                layer_on
 .text.layer_off
                0x0000000000003008       0x4a obj_atreus/common/action_layer.o
                0x0000000000003008                layer_off
 .text.layer_invert
                0x0000000000003052       0x42 obj_atreus/common/action_layer.o
                0x0000000000003052                layer_invert
 .text.layer_or
                0x0000000000003094       0x38 obj_atreus/common/action_layer.o
                0x0000000000003094                layer_or
 .text.layer_and
                0x00000000000030cc       0x38 obj_atreus/common/action_layer.o
                0x00000000000030cc                layer_and
 .text.layer_xor
                0x0000000000003104       0x38 obj_atreus/common/action_layer.o
                0x0000000000003104                layer_xor
 .text.layer_debug
                0x000000000000313c        0x2 obj_atreus/common/action_layer.o
                0x000000000000313c                layer_debug
 .text.layer_switch_get_action
                0x000000000000313e       0x82 obj_atreus/common/action_layer.o
                0x000000000000313e                layer_switch_get_action
 .text.add_key  0x00000000000031c0       0x98 obj_atreus/common/action_util.o
                0x00000000000031c0                add_key
 .text.del_key  0x0000000000003258       0x82 obj_atreus/common/action_util.o
                0x0000000000003258                del_key
 .text.clear_keys
                0x00000000000032da       0x1c obj_atreus/common/action_util.o
                0x00000000000032da                clear_keys
 .text.add_mods
                0x00000000000032f6        0xc obj_atreus/common/action_util.o
                0x00000000000032f6                add_mods
 .text.del_mods
                0x0000000000003302        0xe obj_atreus/common/action_util.o
                0x0000000000003302                del_mods
 .text.clear_mods
                0x0000000000003310        0x6 obj_atreus/common/action_util.o
                0x0000000000003310                clear_mods
 .text.add_weak_mods
                0x0000000000003316        0xc obj_atreus/common/action_util.o
                0x0000000000003316                add_weak_mods
 .text.del_weak_mods
                0x0000000000003322        0xe obj_atreus/common/action_util.o
                0x0000000000003322                del_weak_mods
 .text.clear_weak_mods
                0x0000000000003330        0x6 obj_atreus/common/action_util.o
                0x0000000000003330                clear_weak_mods
 .text.set_oneshot_mods
                0x0000000000003336        0x6 obj_atreus/common/action_util.o
                0x0000000000003336                set_oneshot_mods
 .text.clear_oneshot_mods
                0x000000000000333c        0x6 obj_atreus/common/action_util.o
                0x000000000000333c                clear_oneshot_mods
 .text.has_anykey
                0x0000000000003342       0x22 obj_atreus/common/action_util.o
                0x0000000000003342                has_anykey
 .text.send_keyboard_report
                0x0000000000003364       0x4c obj_atreus/common/action_util.o
                0x0000000000003364                send_keyboard_report
 .text.action_for_key
                0x00000000000033b0       0x1c obj_atreus/common/keymap.o
                0x00000000000033b0                action_for_key
 .text.action_get_macro
                0x00000000000033cc        0x6 obj_atreus/common/keymap.o
                0x00000000000033cc                action_get_macro
 .text.timer_init
                0x00000000000033d2       0x12 obj_atreus/common/timer.o
                0x00000000000033d2                timer_init
 .text.timer_read
                0x00000000000033e4       0x18 obj_atreus/common/timer.o
                0x00000000000033e4                timer_read
 .text.__vector_21
                0x00000000000033fc       0x4a obj_atreus/common/timer.o
                0x00000000000033fc                __vector_21
 .text.print_set_sendchar
                0x0000000000003446        0xa obj_atreus/common/print.o
                0x0000000000003446                print_set_sendchar
 .text.bootloader_jump
                0x0000000000003450       0x44 obj_atreus/common/bootloader.o
                0x0000000000003450                bootloader_jump
 .text.suspend_power_down
                0x0000000000003494        0x2 obj_atreus/common/suspend.o
                0x0000000000003494                suspend_power_down
 .text.suspend_wakeup_condition
                0x0000000000003496       0x22 obj_atreus/common/suspend.o
                0x0000000000003496                suspend_wakeup_condition
 .text.suspend_wakeup_init
                0x00000000000034b8        0x4 obj_atreus/common/suspend.o
                0x00000000000034b8                suspend_wakeup_init
 .text.biton32  0x00000000000034bc       0xa0 obj_atreus/common/util.o
                0x00000000000034bc                biton32
 .text.bitrev   0x000000000000355c       0x24 obj_atreus/common/util.o
                0x000000000000355c                bitrev
 .text.bitrev16
                0x0000000000003580       0x34 obj_atreus/common/util.o
                0x0000000000003580                bitrev16
 .text.switch_default_layer
                0x00000000000035b4       0x84 obj_atreus/common/command.o
 .text.command_extra
                0x0000000000003638        0x4 obj_atreus/common/command.o
                0x0000000000003638                command_extra
 .text.command_proc
                0x000000000000363c      0x394 obj_atreus/common/command.o
                0x000000000000363c                command_proc
 .text.libgcc   0x00000000000039d0        0xc /usr/lib/gcc/avr/5.3.0/avr5/libgcc.a(_tablejump2.o)
                0x00000000000039d0                __tablejump2__
                0x00000000000039dc                . = ALIGN (0x2)
 *(.fini9)
 .fini9         0x00000000000039dc        0x0 /usr/lib/gcc/avr/5.3.0/avr5/libgcc.a(_exit.o)
                0x00000000000039dc                exit
                0x00000000000039dc                _exit
 *(.fini9)
 *(.fini8)
 *(.fini8)
 *(.fini7)
 *(.fini7)
 *(.fini6)
 *(.fini6)
 *(.fini5)
 *(.fini5)
 *(.fini4)
 *(.fini4)
 *(.fini3)
 *(.fini3)
 *(.fini2)
 *(.fini2)
 *(.fini1)
 *(.fini1)
 *(.fini0)
 .fini0         0x00000000000039dc        0x4 /usr/lib/gcc/avr/5.3.0/avr5/libgcc.a(_exit.o)
 *(.fini0)
                0x00000000000039e0                _etext = .

.data           0x0000000000800100       0x26 load address 0x00000000000039e0
                0x0000000000800100                PROVIDE (__data_start, .)
 *(.data)
 .data          0x0000000000800100        0x9 obj_atreus/matrix.o
                0x0000000000800100                rows
 .data          0x0000000000800109        0xb obj_atreus/protocol/lufa/lufa.o
                0x0000000000800109                lufa_driver
 .data          0x0000000000800114        0x1 obj_atreus/protocol/lufa/LUFA-120730/LUFA/Drivers/USB/Core/AVR8/Endpoint_AVR8.o
                0x0000000000800114                USB_Device_ControlEndpointSize
 .data          0x0000000000800115        0x2 obj_atreus/common/action_util.o
                0x0000000000800115                keyboard_report
 *(.data*)
 *(.rodata)
 .rodata        0x0000000000800117        0xf obj_atreus/protocol/lufa/descriptor.o
 *(.rodata*)
 *(.gnu.linkonce.d*)
                0x0000000000800126                . = ALIGN (0x2)
                0x0000000000800126                _edata = .
                0x0000000000800126                PROVIDE (__data_end, .)

.bss            0x0000000000800126       0x9d
                0x0000000000800126                PROVIDE (__bss_start, .)
 *(.bss)
 .bss           0x0000000000800126       0x10 obj_atreus/matrix.o
 .bss           0x0000000000800136       0x13 obj_atreus/protocol/lufa/lufa.o
 .bss           0x0000000000800149        0x7 obj_atreus/common/host.o
                0x0000000000800149                keyboard_nkro
 .bss           0x0000000000800150        0x9 obj_atreus/common/keyboard.o
 .bss           0x0000000000800159       0x38 obj_atreus/common/action_tapping.o
 .bss           0x0000000000800191        0x8 obj_atreus/common/action_layer.o
                0x0000000000800191                layer_state
                0x0000000000800195                default_layer_state
 .bss           0x0000000000800199       0x13 obj_atreus/common/action_util.o
 .bss           0x00000000008001ac        0x4 obj_atreus/common/timer.o
                0x00000000008001ac                timer_count
 .bss           0x00000000008001b0        0x2 obj_atreus/common/xprintf.o
                0x00000000008001b0                xfunc_out
 .bss           0x00000000008001b2        0x3 obj_atreus/common/command.o
 *(.bss*)
 *(COMMON)
 COMMON         0x00000000008001b5        0x1 obj_atreus/keymap_qwertyPD.o
                0x00000000008001b5                debug_config
 COMMON         0x00000000008001b6        0x3 obj_atreus/protocol/lufa/LUFA-120730/LUFA/Drivers/USB/Core/DeviceStandardReq.o
                0x00000000008001b6                USB_Device_ConfigurationNumber
                0x00000000008001b7                USB_Device_CurrentlySelfPowered
                0x00000000008001b8                USB_Device_RemoteWakeupEnabled
 COMMON         0x00000000008001b9        0xa obj_atreus/protocol/lufa/LUFA-120730/LUFA/Drivers/USB/Core/USBTask.o
                0x00000000008001b9                USB_IsInitialized
                0x00000000008001ba                USB_DeviceState
                0x00000000008001bb                USB_ControlRequest
                0x00000000008001c3                PROVIDE (__bss_end, .)
                0x00000000000039e0                __data_load_start = LOADADDR (.data)
                0x0000000000003a06                __data_load_end = (__data_load_start + SIZEOF (.data))

.noinit         0x00000000008001c3        0x4
                [!provide]                        PROVIDE (__noinit_start, .)
 *(.noinit*)
 .noinit        0x00000000008001c3        0x4 obj_atreus/common/bootloader.o
                0x00000000008001c3                reset_key
                [!provide]                        PROVIDE (__noinit_end, .)
                0x00000000008001c7                _end = .
                [!provide]                        PROVIDE (__heap_start, .)

.eeprom         0x0000000000810000        0x0
 *(.eeprom*)
                0x0000000000810000                __eeprom_end = .

.fuse
 *(.fuse)
 *(.lfuse)
 *(.hfuse)
 *(.efuse)

.lock
 *(.lock*)

.signature
 *(.signature*)

.stab           0x0000000000000000      0x8b8
 *(.stab)
 .stab          0x0000000000000000      0x8b8 obj_atreus/common/xprintf.o

.stabstr        0x0000000000000000       0x66
 *(.stabstr)
 .stabstr       0x0000000000000000       0x66 obj_atreus/common/xprintf.o

.stab.excl
 *(.stab.excl)

.stab.exclstr
 *(.stab.exclstr)

.stab.index
 *(.stab.index)

.stab.indexstr
 *(.stab.indexstr)

.comment        0x0000000000000000       0x11
 *(.comment)
 .comment       0x0000000000000000       0x11 obj_atreus/keymap_qwertyPD.o
                                         0x12 (size before relaxing)
 .comment       0x0000000000000011       0x12 obj_atreus/keymap_common.o
 .comment       0x0000000000000011       0x12 obj_atreus/matrix.o
 .comment       0x0000000000000011       0x12 obj_atreus/led.o
 .comment       0x0000000000000011       0x12 obj_atreus/protocol/lufa/lufa.o
 .comment       0x0000000000000011       0x12 obj_atreus/protocol/lufa/descriptor.o
 .comment       0x0000000000000011       0x12 obj_atreus/protocol/lufa/LUFA-120730/LUFA/Drivers/USB/Core/AVR8/Device_AVR8.o
 .comment       0x0000000000000011       0x12 obj_atreus/protocol/lufa/LUFA-120730/LUFA/Drivers/USB/Core/AVR8/Endpoint_AVR8.o
 .comment       0x0000000000000011       0x12 obj_atreus/protocol/lufa/LUFA-120730/LUFA/Drivers/USB/Core/AVR8/USBController_AVR8.o
 .comment       0x0000000000000011       0x12 obj_atreus/protocol/lufa/LUFA-120730/LUFA/Drivers/USB/Core/AVR8/USBInterrupt_AVR8.o
 .comment       0x0000000000000011       0x12 obj_atreus/protocol/lufa/LUFA-120730/LUFA/Drivers/USB/Core/AVR8/EndpointStream_AVR8.o
 .comment       0x0000000000000011       0x12 obj_atreus/protocol/lufa/LUFA-120730/LUFA/Drivers/USB/Core/DeviceStandardReq.o
 .comment       0x0000000000000011       0x12 obj_atreus/protocol/lufa/LUFA-120730/LUFA/Drivers/USB/Core/USBTask.o
 .comment       0x0000000000000011       0x12 obj_atreus/common/host.o
 .comment       0x0000000000000011       0x12 obj_atreus/common/keyboard.o
 .comment       0x0000000000000011       0x12 obj_atreus/common/action.o
 .comment       0x0000000000000011       0x12 obj_atreus/common/action_tapping.o
 .comment       0x0000000000000011       0x12 obj_atreus/common/action_macro.o
 .comment       0x0000000000000011       0x12 obj_atreus/common/action_layer.o
 .comment       0x0000000000000011       0x12 obj_atreus/common/action_util.o
 .comment       0x0000000000000011       0x12 obj_atreus/common/keymap.o
 .comment       0x0000000000000011       0x12 obj_atreus/common/timer.o
 .comment       0x0000000000000011       0x12 obj_atreus/common/print.o
 .comment       0x0000000000000011       0x12 obj_atreus/common/bootloader.o
 .comment       0x0000000000000011       0x12 obj_atreus/common/suspend.o
 .comment       0x0000000000000011       0x12 obj_atreus/common/util.o
 .comment       0x0000000000000011       0x12 obj_atreus/common/command.o

.note.gnu.avr.deviceinfo
                0x0000000000000000       0x40
 .note.gnu.avr.deviceinfo
                0x0000000000000000       0x40 /usr/lib/gcc/avr/5.3.0/../../../../avr/lib/avr5/crtatmega32u4.o

.note.gnu.build-id
 *(.note.gnu.build-id)

.debug
 *(.debug)

.line
 *(.line)

.debug_srcinfo
 *(.debug_srcinfo)

.debug_sfnames
 *(.debug_sfnames)

.debug_aranges  0x0000000000000000      0x780
 *(.debug_aranges)
 .debug_aranges
                0x0000000000000000       0x20 obj_atreus/keymap_qwertyPD.o
 .debug_aranges
                0x0000000000000020       0x30 obj_atreus/keymap_common.o
 .debug_aranges
                0x0000000000000050       0x68 obj_atreus/matrix.o
 .debug_aranges
                0x00000000000000b8       0x20 obj_atreus/led.o
 .debug_aranges
                0x00000000000000d8       0x78 obj_atreus/protocol/lufa/lufa.o
 .debug_aranges
                0x0000000000000150       0x20 obj_atreus/protocol/lufa/descriptor.o
 .debug_aranges
                0x0000000000000170       0x20 obj_atreus/protocol/lufa/LUFA-120730/LUFA/Drivers/USB/Core/AVR8/Device_AVR8.o
 .debug_aranges
                0x0000000000000190       0x40 obj_atreus/protocol/lufa/LUFA-120730/LUFA/Drivers/USB/Core/AVR8/Endpoint_AVR8.o
 .debug_aranges
                0x00000000000001d0       0x30 obj_atreus/protocol/lufa/LUFA-120730/LUFA/Drivers/USB/Core/AVR8/USBController_AVR8.o
 .debug_aranges
                0x0000000000000200       0x38 obj_atreus/protocol/lufa/LUFA-120730/LUFA/Drivers/USB/Core/AVR8/USBInterrupt_AVR8.o
 .debug_aranges
                0x0000000000000238       0xc8 obj_atreus/protocol/lufa/LUFA-120730/LUFA/Drivers/USB/Core/AVR8/EndpointStream_AVR8.o
 .debug_aranges
                0x0000000000000300       0x20 obj_atreus/protocol/lufa/LUFA-120730/LUFA/Drivers/USB/Core/DeviceStandardReq.o
 .debug_aranges
                0x0000000000000320       0x20 obj_atreus/protocol/lufa/LUFA-120730/LUFA/Drivers/USB/Core/USBTask.o
 .debug_aranges
                0x0000000000000340       0x60 obj_atreus/common/host.o
 .debug_aranges
                0x00000000000003a0       0x30 obj_atreus/common/keyboard.o
 .debug_aranges
                0x00000000000003d0       0x78 obj_atreus/common/action.o
 .debug_aranges
                0x0000000000000448       0x40 obj_atreus/common/action_tapping.o
 .debug_aranges
                0x0000000000000488       0x20 obj_atreus/common/action_macro.o
 .debug_aranges
                0x00000000000004a8       0x88 obj_atreus/common/action_layer.o
 .debug_aranges
                0x0000000000000530       0xb0 obj_atreus/common/action_util.o
 .debug_aranges
                0x00000000000005e0       0x30 obj_atreus/common/keymap.o
 .debug_aranges
                0x0000000000000610       0x50 obj_atreus/common/timer.o
 .debug_aranges
                0x0000000000000660       0x38 obj_atreus/common/print.o
 .debug_aranges
                0x0000000000000698       0x28 obj_atreus/common/bootloader.o
 .debug_aranges
                0x00000000000006c0       0x30 obj_atreus/common/suspend.o
 .debug_aranges
                0x00000000000006f0       0x60 obj_atreus/common/util.o
 .debug_aranges
                0x0000000000000750       0x30 obj_atreus/common/command.o

.debug_pubnames
 *(.debug_pubnames)

.debug_info     0x0000000000000000     0xdecf
 *(.debug_info .gnu.linkonce.wi.*)
 .debug_info    0x0000000000000000      0x9f4 /usr/lib/gcc/avr/5.3.0/../../../../avr/lib/avr5/crtatmega32u4.o
 .debug_info    0x00000000000009f4      0x9e7 obj_atreus/keymap_qwertyPD.o
 .debug_info    0x00000000000013db      0x7b9 obj_atreus/keymap_common.o
 .debug_info    0x0000000000001b94      0x55d obj_atreus/matrix.o
 .debug_info    0x00000000000020f1       0x91 obj_atreus/led.o
 .debug_info    0x0000000000002182     0x110c obj_atreus/protocol/lufa/lufa.o
 .debug_info    0x000000000000328e      0x77e obj_atreus/protocol/lufa/descriptor.o
 .debug_info    0x0000000000003a0c       0xd2 obj_atreus/protocol/lufa/LUFA-120730/LUFA/Drivers/USB/Core/AVR8/Device_AVR8.o
 .debug_info    0x0000000000003ade      0x632 obj_atreus/protocol/lufa/LUFA-120730/LUFA/Drivers/USB/Core/AVR8/Endpoint_AVR8.o
 .debug_info    0x0000000000004110      0x70a obj_atreus/protocol/lufa/LUFA-120730/LUFA/Drivers/USB/Core/AVR8/USBController_AVR8.o
 .debug_info    0x000000000000481a      0x829 obj_atreus/protocol/lufa/LUFA-120730/LUFA/Drivers/USB/Core/AVR8/USBInterrupt_AVR8.o
 .debug_info    0x0000000000005043     0x1776 obj_atreus/protocol/lufa/LUFA-120730/LUFA/Drivers/USB/Core/AVR8/EndpointStream_AVR8.o
 .debug_info    0x00000000000067b9      0xbe0 obj_atreus/protocol/lufa/LUFA-120730/LUFA/Drivers/USB/Core/DeviceStandardReq.o
 .debug_info    0x0000000000007399      0x274 obj_atreus/protocol/lufa/LUFA-120730/LUFA/Drivers/USB/Core/USBTask.o
 .debug_info    0x000000000000760d      0x536 obj_atreus/common/host.o
 .debug_info    0x0000000000007b43      0x3f0 obj_atreus/common/keyboard.o
 .debug_info    0x0000000000007f33     0x137b obj_atreus/common/action.o
 .debug_info    0x00000000000092ae      0xde7 obj_atreus/common/action_tapping.o
 .debug_info    0x000000000000a095      0x80a obj_atreus/common/action_macro.o
 .debug_info    0x000000000000a89f      0x87c obj_atreus/common/action_layer.o
 .debug_info    0x000000000000b11b      0x6e7 obj_atreus/common/action_util.o
 .debug_info    0x000000000000b802      0x7ab obj_atreus/common/keymap.o
 .debug_info    0x000000000000bfad      0x204 obj_atreus/common/timer.o
 .debug_info    0x000000000000c1b1      0x1ba obj_atreus/common/print.o
 .debug_info    0x000000000000c36b      0x206 obj_atreus/common/bootloader.o
 .debug_info    0x000000000000c571      0x125 obj_atreus/common/suspend.o
 .debug_info    0x000000000000c696      0x29b obj_atreus/common/util.o
 .debug_info    0x000000000000c931     0x159e obj_atreus/common/command.o

.debug_abbrev   0x0000000000000000     0x3cfc
 *(.debug_abbrev)
 .debug_abbrev  0x0000000000000000      0x96a /usr/lib/gcc/avr/5.3.0/../../../../avr/lib/avr5/crtatmega32u4.o
 .debug_abbrev  0x000000000000096a      0x168 obj_atreus/keymap_qwertyPD.o
 .debug_abbrev  0x0000000000000ad2      0x253 obj_atreus/keymap_common.o
 .debug_abbrev  0x0000000000000d25      0x2cc obj_atreus/matrix.o
 .debug_abbrev  0x0000000000000ff1       0x60 obj_atreus/led.o
 .debug_abbrev  0x0000000000001051      0x451 obj_atreus/protocol/lufa/lufa.o
 .debug_abbrev  0x00000000000014a2      0x184 obj_atreus/protocol/lufa/descriptor.o
 .debug_abbrev  0x0000000000001626       0x80 obj_atreus/protocol/lufa/LUFA-120730/LUFA/Drivers/USB/Core/AVR8/Device_AVR8.o
 .debug_abbrev  0x00000000000016a6      0x237 obj_atreus/protocol/lufa/LUFA-120730/LUFA/Drivers/USB/Core/AVR8/Endpoint_AVR8.o
 .debug_abbrev  0x00000000000018dd      0x21a obj_atreus/protocol/lufa/LUFA-120730/LUFA/Drivers/USB/Core/AVR8/USBController_AVR8.o
 .debug_abbrev  0x0000000000001af7      0x224 obj_atreus/protocol/lufa/LUFA-120730/LUFA/Drivers/USB/Core/AVR8/USBInterrupt_AVR8.o
 .debug_abbrev  0x0000000000001d1b      0x1fb obj_atreus/protocol/lufa/LUFA-120730/LUFA/Drivers/USB/Core/AVR8/EndpointStream_AVR8.o
 .debug_abbrev  0x0000000000001f16      0x29c obj_atreus/protocol/lufa/LUFA-120730/LUFA/Drivers/USB/Core/DeviceStandardReq.o
 .debug_abbrev  0x00000000000021b2      0x170 obj_atreus/protocol/lufa/LUFA-120730/LUFA/Drivers/USB/Core/USBTask.o
 .debug_abbrev  0x0000000000002322      0x20b obj_atreus/common/host.o
 .debug_abbrev  0x000000000000252d      0x1ad obj_atreus/common/keyboard.o
 .debug_abbrev  0x00000000000026da      0x2a0 obj_atreus/common/action.o
 .debug_abbrev  0x000000000000297a      0x2c3 obj_atreus/common/action_tapping.o
 .debug_abbrev  0x0000000000002c3d      0x1b6 obj_atreus/common/action_macro.o
 .debug_abbrev  0x0000000000002df3      0x20a obj_atreus/common/action_layer.o
 .debug_abbrev  0x0000000000002ffd      0x2bc obj_atreus/common/action_util.o
 .debug_abbrev  0x00000000000032b9      0x1e0 obj_atreus/common/keymap.o
 .debug_abbrev  0x0000000000003499      0x11e obj_atreus/common/timer.o
 .debug_abbrev  0x00000000000035b7      0x11a obj_atreus/common/print.o
 .debug_abbrev  0x00000000000036d1      0x171 obj_atreus/common/bootloader.o
 .debug_abbrev  0x0000000000003842       0xe1 obj_atreus/common/suspend.o
 .debug_abbrev  0x0000000000003923       0xcb obj_atreus/common/util.o
 .debug_abbrev  0x00000000000039ee      0x30e obj_atreus/common/command.o

.debug_line     0x0000000000000000     0x6003
 *(.debug_line .debug_line.* .debug_line_end)
 .debug_line    0x0000000000000000       0x1d /usr/lib/gcc/avr/5.3.0/../../../../avr/lib/avr5/crtatmega32u4.o
 .debug_line    0x000000000000001d      0x118 obj_atreus/keymap_qwertyPD.o
 .debug_line    0x0000000000000135      0x19a obj_atreus/keymap_common.o
 .debug_line    0x00000000000002cf      0x39b obj_atreus/matrix.o
 .debug_line    0x000000000000066a       0x6b obj_atreus/led.o
 .debug_line    0x00000000000006d5      0x845 obj_atreus/protocol/lufa/lufa.o
 .debug_line    0x0000000000000f1a      0x1fc obj_atreus/protocol/lufa/descriptor.o
 .debug_line    0x0000000000001116      0x137 obj_atreus/protocol/lufa/LUFA-120730/LUFA/Drivers/USB/Core/AVR8/Device_AVR8.o
 .debug_line    0x000000000000124d      0x4fe obj_atreus/protocol/lufa/LUFA-120730/LUFA/Drivers/USB/Core/AVR8/Endpoint_AVR8.o
 .debug_line    0x000000000000174b      0x33d obj_atreus/protocol/lufa/LUFA-120730/LUFA/Drivers/USB/Core/AVR8/USBController_AVR8.o
 .debug_line    0x0000000000001a88      0x5cc obj_atreus/protocol/lufa/LUFA-120730/LUFA/Drivers/USB/Core/AVR8/USBInterrupt_AVR8.o
 .debug_line    0x0000000000002054     0x13d3 obj_atreus/protocol/lufa/LUFA-120730/LUFA/Drivers/USB/Core/AVR8/EndpointStream_AVR8.o
 .debug_line    0x0000000000003427      0x516 obj_atreus/protocol/lufa/LUFA-120730/LUFA/Drivers/USB/Core/DeviceStandardReq.o
 .debug_line    0x000000000000393d      0x1a1 obj_atreus/protocol/lufa/LUFA-120730/LUFA/Drivers/USB/Core/USBTask.o
 .debug_line    0x0000000000003ade      0x24b obj_atreus/common/host.o
 .debug_line    0x0000000000003d29      0x21d obj_atreus/common/keyboard.o
 .debug_line    0x0000000000003f46      0x75e obj_atreus/common/action.o
 .debug_line    0x00000000000046a4      0x4ea obj_atreus/common/action_tapping.o
 .debug_line    0x0000000000004b8e      0x1bb obj_atreus/common/action_macro.o
 .debug_line    0x0000000000004d49      0x25e obj_atreus/common/action_layer.o
 .debug_line    0x0000000000004fa7      0x373 obj_atreus/common/action_util.o
 .debug_line    0x000000000000531a      0x152 obj_atreus/common/keymap.o
 .debug_line    0x000000000000546c      0x1b0 obj_atreus/common/timer.o
 .debug_line    0x000000000000561c       0xe7 obj_atreus/common/print.o
 .debug_line    0x0000000000005703      0x1a9 obj_atreus/common/bootloader.o
 .debug_line    0x00000000000058ac       0xd4 obj_atreus/common/suspend.o
 .debug_line    0x0000000000005980      0x27d obj_atreus/common/util.o
 .debug_line    0x0000000000005bfd      0x406 obj_atreus/common/command.o

.debug_frame    0x0000000000000000     0x1480
 *(.debug_frame)
 .debug_frame   0x0000000000000000       0x24 obj_atreus/keymap_qwertyPD.o
 .debug_frame   0x0000000000000024       0x44 obj_atreus/keymap_common.o
 .debug_frame   0x0000000000000068      0x15c obj_atreus/matrix.o
 .debug_frame   0x00000000000001c4       0x24 obj_atreus/led.o
 .debug_frame   0x00000000000001e8      0x138 obj_atreus/protocol/lufa/lufa.o
 .debug_frame   0x0000000000000320       0x24 obj_atreus/protocol/lufa/descriptor.o
 .debug_frame   0x0000000000000344       0x24 obj_atreus/protocol/lufa/LUFA-120730/LUFA/Drivers/USB/Core/AVR8/Device_AVR8.o
 .debug_frame   0x0000000000000368       0x7c obj_atreus/protocol/lufa/LUFA-120730/LUFA/Drivers/USB/Core/AVR8/Endpoint_AVR8.o
 .debug_frame   0x00000000000003e4       0x58 obj_atreus/protocol/lufa/LUFA-120730/LUFA/Drivers/USB/Core/AVR8/USBController_AVR8.o
 .debug_frame   0x000000000000043c      0x108 obj_atreus/protocol/lufa/LUFA-120730/LUFA/Drivers/USB/Core/AVR8/USBInterrupt_AVR8.o
 .debug_frame   0x0000000000000544      0x420 obj_atreus/protocol/lufa/LUFA-120730/LUFA/Drivers/USB/Core/AVR8/EndpointStream_AVR8.o
 .debug_frame   0x0000000000000964       0x44 obj_atreus/protocol/lufa/LUFA-120730/LUFA/Drivers/USB/Core/DeviceStandardReq.o
 .debug_frame   0x00000000000009a8       0x2c obj_atreus/protocol/lufa/LUFA-120730/LUFA/Drivers/USB/Core/USBTask.o
 .debug_frame   0x00000000000009d4       0xd4 obj_atreus/common/host.o
 .debug_frame   0x0000000000000aa8       0xbc obj_atreus/common/keyboard.o
 .debug_frame   0x0000000000000b64      0x154 obj_atreus/common/action.o
 .debug_frame   0x0000000000000cb8       0xc8 obj_atreus/common/action_tapping.o
 .debug_frame   0x0000000000000d80       0x48 obj_atreus/common/action_macro.o
 .debug_frame   0x0000000000000dc8      0x17c obj_atreus/common/action_layer.o
 .debug_frame   0x0000000000000f44      0x170 obj_atreus/common/action_util.o
 .debug_frame   0x00000000000010b4       0x44 obj_atreus/common/keymap.o
 .debug_frame   0x00000000000010f8       0xf0 obj_atreus/common/timer.o
 .debug_frame   0x00000000000011e8       0x68 obj_atreus/common/print.o
 .debug_frame   0x0000000000001250       0x34 obj_atreus/common/bootloader.o
 .debug_frame   0x0000000000001284       0x4c obj_atreus/common/suspend.o
 .debug_frame   0x00000000000012d0      0x11c obj_atreus/common/util.o
 .debug_frame   0x00000000000013ec       0x94 obj_atreus/common/command.o

.debug_str      0x0000000000000000     0x3e84
 *(.debug_str)
 .debug_str     0x0000000000000000      0x371 /usr/lib/gcc/avr/5.3.0/../../../../avr/lib/avr5/crtatmega32u4.o
 .debug_str     0x0000000000000371      0xcb9 obj_atreus/keymap_qwertyPD.o
                                        0xd1b (size before relaxing)
 .debug_str     0x000000000000102a      0x151 obj_atreus/keymap_common.o
                                        0x6d1 (size before relaxing)
 .debug_str     0x000000000000117b       0xf4 obj_atreus/matrix.o
                                        0x331 (size before relaxing)
 .debug_str     0x000000000000126f       0x16 obj_atreus/led.o
                                        0x18d (size before relaxing)
 .debug_str     0x0000000000001285      0x781 obj_atreus/protocol/lufa/lufa.o
                                        0x9d6 (size before relaxing)
 .debug_str     0x0000000000001a06      0x735 obj_atreus/protocol/lufa/descriptor.o
                                        0x94d (size before relaxing)
 .debug_str     0x000000000000213b       0x75 obj_atreus/protocol/lufa/LUFA-120730/LUFA/Drivers/USB/Core/AVR8/Device_AVR8.o
                                        0x217 (size before relaxing)
 .debug_str     0x00000000000021b0      0x255 obj_atreus/protocol/lufa/LUFA-120730/LUFA/Drivers/USB/Core/AVR8/Endpoint_AVR8.o
                                        0x658 (size before relaxing)
 .debug_str     0x0000000000002405      0x1fd obj_atreus/protocol/lufa/LUFA-120730/LUFA/Drivers/USB/Core/AVR8/USBController_AVR8.o
                                        0x78d (size before relaxing)
 .debug_str     0x0000000000002602      0x16f obj_atreus/protocol/lufa/LUFA-120730/LUFA/Drivers/USB/Core/AVR8/USBInterrupt_AVR8.o
                                        0x616 (size before relaxing)
 .debug_str     0x0000000000002771      0x4cb obj_atreus/protocol/lufa/LUFA-120730/LUFA/Drivers/USB/Core/AVR8/EndpointStream_AVR8.o
                                        0x898 (size before relaxing)
 .debug_str     0x0000000000002c3c      0x44c obj_atreus/protocol/lufa/LUFA-120730/LUFA/Drivers/USB/Core/DeviceStandardReq.o
                                        0xaf2 (size before relaxing)
 .debug_str     0x0000000000003088       0x68 obj_atreus/protocol/lufa/LUFA-120730/LUFA/Drivers/USB/Core/USBTask.o
                                        0x39e (size before relaxing)
 .debug_str     0x00000000000030f0       0xc4 obj_atreus/common/host.o
                                        0x38e (size before relaxing)
 .debug_str     0x00000000000031b4       0x8c obj_atreus/common/keyboard.o
                                        0x31d (size before relaxing)
 .debug_str     0x0000000000003240      0x2ed obj_atreus/common/action.o
                                       0x10d1 (size before relaxing)
 .debug_str     0x000000000000352d       0xe3 obj_atreus/common/action_tapping.o
                                        0xb1f (size before relaxing)
 .debug_str     0x0000000000003610       0x5b obj_atreus/common/action_macro.o
                                        0x8b5 (size before relaxing)
 .debug_str     0x000000000000366b       0x70 obj_atreus/common/action_layer.o
                                        0x41f (size before relaxing)
 .debug_str     0x00000000000036db       0xf8 obj_atreus/common/action_util.o
                                        0x3f6 (size before relaxing)
 .debug_str     0x00000000000037d3       0x16 obj_atreus/common/keymap.o
                                        0x6cd (size before relaxing)
 .debug_str     0x00000000000037e9       0x6e obj_atreus/common/timer.o
                                        0x20d (size before relaxing)
 .debug_str     0x0000000000003857       0x4f obj_atreus/common/print.o
                                        0x1e5 (size before relaxing)
 .debug_str     0x00000000000038a6       0x5a obj_atreus/common/bootloader.o
                                        0x27a (size before relaxing)
 .debug_str     0x0000000000003900       0x17 obj_atreus/common/suspend.o
                                        0x1fe (size before relaxing)
 .debug_str     0x0000000000003917       0x46 obj_atreus/common/util.o
                                        0x1ea (size before relaxing)
 .debug_str     0x000000000000395d      0x527 obj_atreus/common/command.o
                                        0xe90 (size before relaxing)

.debug_loc      0x0000000000000000     0x64a8
 *(.debug_loc)
 .debug_loc     0x0000000000000000       0x8e obj_atreus/keymap_qwertyPD.o
 .debug_loc     0x000000000000008e       0xba obj_atreus/keymap_common.o
 .debug_loc     0x0000000000000148      0x3b3 obj_atreus/matrix.o
 .debug_loc     0x00000000000004fb      0x4c2 obj_atreus/protocol/lufa/lufa.o
 .debug_loc     0x00000000000009bd      0x20a obj_atreus/protocol/lufa/descriptor.o
 .debug_loc     0x0000000000000bc7      0x38d obj_atreus/protocol/lufa/LUFA-120730/LUFA/Drivers/USB/Core/AVR8/Endpoint_AVR8.o
 .debug_loc     0x0000000000000f54      0x180 obj_atreus/protocol/lufa/LUFA-120730/LUFA/Drivers/USB/Core/AVR8/USBController_AVR8.o
 .debug_loc     0x00000000000010d4      0x453 obj_atreus/protocol/lufa/LUFA-120730/LUFA/Drivers/USB/Core/AVR8/USBInterrupt_AVR8.o
 .debug_loc     0x0000000000001527     0x1f64 obj_atreus/protocol/lufa/LUFA-120730/LUFA/Drivers/USB/Core/AVR8/EndpointStream_AVR8.o
 .debug_loc     0x000000000000348b      0x350 obj_atreus/protocol/lufa/LUFA-120730/LUFA/Drivers/USB/Core/DeviceStandardReq.o
 .debug_loc     0x00000000000037db       0x49 obj_atreus/protocol/lufa/LUFA-120730/LUFA/Drivers/USB/Core/USBTask.o
 .debug_loc     0x0000000000003824      0x1a8 obj_atreus/common/host.o
 .debug_loc     0x00000000000039cc      0x26b obj_atreus/common/keyboard.o
 .debug_loc     0x0000000000003c37      0x883 obj_atreus/common/action.o
 .debug_loc     0x00000000000044ba      0x58c obj_atreus/common/action_tapping.o
 .debug_loc     0x0000000000004a46      0x462 obj_atreus/common/action_macro.o
 .debug_loc     0x0000000000004ea8      0x6b1 obj_atreus/common/action_layer.o
 .debug_loc     0x0000000000005559      0x3fd obj_atreus/common/action_util.o
 .debug_loc     0x0000000000005956       0xa3 obj_atreus/common/keymap.o
 .debug_loc     0x00000000000059f9      0x20a obj_atreus/common/timer.o
 .debug_loc     0x0000000000005c03       0xbc obj_atreus/common/print.o
 .debug_loc     0x0000000000005cbf       0x48 obj_atreus/common/bootloader.o
 .debug_loc     0x0000000000005d07       0x41 obj_atreus/common/suspend.o
 .debug_loc     0x0000000000005d48      0x524 obj_atreus/common/util.o
 .debug_loc     0x000000000000626c      0x23c obj_atreus/common/command.o

.debug_macinfo
 *(.debug_macinfo)

.debug_weaknames
 *(.debug_weaknames)

.debug_funcnames
 *(.debug_funcnames)

.debug_typenames
 *(.debug_typenames)

.debug_varnames
 *(.debug_varnames)

.debug_pubtypes
 *(.debug_pubtypes)

.debug_ranges   0x0000000000000000      0x9b0
 *(.debug_ranges)
 .debug_ranges  0x0000000000000000       0x10 obj_atreus/keymap_qwertyPD.o
 .debug_ranges  0x0000000000000010       0x20 obj_atreus/keymap_common.o
 .debug_ranges  0x0000000000000030       0x70 obj_atreus/matrix.o
 .debug_ranges  0x00000000000000a0       0x10 obj_atreus/led.o
 .debug_ranges  0x00000000000000b0       0x68 obj_atreus/protocol/lufa/lufa.o
 .debug_ranges  0x0000000000000118       0x28 obj_atreus/protocol/lufa/descriptor.o
 .debug_ranges  0x0000000000000140       0x10 obj_atreus/protocol/lufa/LUFA-120730/LUFA/Drivers/USB/Core/AVR8/Device_AVR8.o
 .debug_ranges  0x0000000000000150       0x78 obj_atreus/protocol/lufa/LUFA-120730/LUFA/Drivers/USB/Core/AVR8/Endpoint_AVR8.o
 .debug_ranges  0x00000000000001c8       0x20 obj_atreus/protocol/lufa/LUFA-120730/LUFA/Drivers/USB/Core/AVR8/USBController_AVR8.o
 .debug_ranges  0x00000000000001e8       0x28 obj_atreus/protocol/lufa/LUFA-120730/LUFA/Drivers/USB/Core/AVR8/USBInterrupt_AVR8.o
 .debug_ranges  0x0000000000000210      0x238 obj_atreus/protocol/lufa/LUFA-120730/LUFA/Drivers/USB/Core/AVR8/EndpointStream_AVR8.o
 .debug_ranges  0x0000000000000448       0x28 obj_atreus/protocol/lufa/LUFA-120730/LUFA/Drivers/USB/Core/DeviceStandardReq.o
 .debug_ranges  0x0000000000000470       0x10 obj_atreus/protocol/lufa/LUFA-120730/LUFA/Drivers/USB/Core/USBTask.o
 .debug_ranges  0x0000000000000480       0x50 obj_atreus/common/host.o
 .debug_ranges  0x00000000000004d0       0x58 obj_atreus/common/keyboard.o
 .debug_ranges  0x0000000000000528      0x110 obj_atreus/common/action.o
 .debug_ranges  0x0000000000000638       0x48 obj_atreus/common/action_tapping.o
 .debug_ranges  0x0000000000000680       0x28 obj_atreus/common/action_macro.o
 .debug_ranges  0x00000000000006a8      0x108 obj_atreus/common/action_layer.o
 .debug_ranges  0x00000000000007b0       0xb8 obj_atreus/common/action_util.o
 .debug_ranges  0x0000000000000868       0x20 obj_atreus/common/keymap.o
 .debug_ranges  0x0000000000000888       0x40 obj_atreus/common/timer.o
 .debug_ranges  0x00000000000008c8       0x28 obj_atreus/common/print.o
 .debug_ranges  0x00000000000008f0       0x18 obj_atreus/common/bootloader.o
 .debug_ranges  0x0000000000000908       0x38 obj_atreus/common/suspend.o
 .debug_ranges  0x0000000000000940       0x50 obj_atreus/common/util.o
 .debug_ranges  0x0000000000000990       0x20 obj_atreus/common/command.o

.debug_macro
 *(.debug_macro)
OUTPUT(atreus.elf elf32-avr)
LOAD linker stubs

Cross Reference Table

Symbol                                            File
CALLBACK_HIDParser_FilterHIDReportItem            obj_atreus/protocol/lufa/LUFA-120730/LUFA/Drivers/USB/Class/Common/HIDParser.o
CALLBACK_USB_GetDescriptor                        obj_atreus/protocol/lufa/descriptor.o
                                                  obj_atreus/protocol/lufa/LUFA-120730/LUFA/Drivers/USB/Core/DeviceStandardReq.o
                                                  obj_atreus/protocol/lufa/LUFA-120730/LUFA/Drivers/USB/Core/AVR8/USBController_AVR8.o
ConfigurationDescriptor                           obj_atreus/protocol/lufa/descriptor.o
ConsoleReport                                     obj_atreus/protocol/lufa/descriptor.o
DeviceDescriptor                                  obj_atreus/protocol/lufa/descriptor.o
EVENT_USB_Device_ConfigurationChanged             obj_atreus/protocol/lufa/lufa.o
                                                  obj_atreus/protocol/lufa/LUFA-120730/LUFA/Drivers/USB/Core/DeviceStandardReq.o
EVENT_USB_Device_Connect                          obj_atreus/protocol/lufa/lufa.o
                                                  obj_atreus/protocol/lufa/LUFA-120730/LUFA/Drivers/USB/Core/AVR8/USBInterrupt_AVR8.o
EVENT_USB_Device_ControlRequest                   obj_atreus/protocol/lufa/lufa.o
                                                  obj_atreus/protocol/lufa/LUFA-120730/LUFA/Drivers/USB/Core/DeviceStandardReq.o
EVENT_USB_Device_Disconnect                       obj_atreus/protocol/lufa/lufa.o
                                                  obj_atreus/protocol/lufa/LUFA-120730/LUFA/Drivers/USB/Core/AVR8/USBInterrupt_AVR8.o
EVENT_USB_Device_Reset                            obj_atreus/protocol/lufa/lufa.o
                                                  obj_atreus/protocol/lufa/LUFA-120730/LUFA/Drivers/USB/Core/AVR8/USBInterrupt_AVR8.o
EVENT_USB_Device_StartOfFrame                     obj_atreus/protocol/lufa/lufa.o
                                                  obj_atreus/protocol/lufa/LUFA-120730/LUFA/Drivers/USB/Core/AVR8/USBInterrupt_AVR8.o
EVENT_USB_Device_Suspend                          obj_atreus/protocol/lufa/lufa.o
                                                  obj_atreus/protocol/lufa/LUFA-120730/LUFA/Drivers/USB/Core/AVR8/USBInterrupt_AVR8.o
EVENT_USB_Device_WakeUp                           obj_atreus/protocol/lufa/lufa.o
                                                  obj_atreus/protocol/lufa/LUFA-120730/LUFA/Drivers/USB/Core/AVR8/USBInterrupt_AVR8.o
Endpoint_ClearEndpoints                           obj_atreus/protocol/lufa/LUFA-120730/LUFA/Drivers/USB/Core/AVR8/Endpoint_AVR8.o
Endpoint_ClearStatusStage                         obj_atreus/protocol/lufa/LUFA-120730/LUFA/Drivers/USB/Core/AVR8/Endpoint_AVR8.o
                                                  obj_atreus/protocol/lufa/LUFA-120730/LUFA/Drivers/USB/Core/DeviceStandardReq.o
                                                  obj_atreus/protocol/lufa/lufa.o
Endpoint_ConfigureEndpointTable                   obj_atreus/protocol/lufa/LUFA-120730/LUFA/Drivers/USB/Core/AVR8/Endpoint_AVR8.o
Endpoint_ConfigureEndpoint_Prv                    obj_atreus/protocol/lufa/LUFA-120730/LUFA/Drivers/USB/Core/AVR8/Endpoint_AVR8.o
                                                  obj_atreus/protocol/lufa/LUFA-120730/LUFA/Drivers/USB/Core/AVR8/USBInterrupt_AVR8.o
                                                  obj_atreus/protocol/lufa/LUFA-120730/LUFA/Drivers/USB/Core/AVR8/USBController_AVR8.o
                                                  obj_atreus/protocol/lufa/lufa.o
Endpoint_Discard_Stream                           obj_atreus/protocol/lufa/LUFA-120730/LUFA/Drivers/USB/Core/AVR8/EndpointStream_AVR8.o
Endpoint_Null_Stream                              obj_atreus/protocol/lufa/LUFA-120730/LUFA/Drivers/USB/Core/AVR8/EndpointStream_AVR8.o
Endpoint_Read_Control_EStream_BE                  obj_atreus/protocol/lufa/LUFA-120730/LUFA/Drivers/USB/Core/AVR8/EndpointStream_AVR8.o
Endpoint_Read_Control_EStream_LE                  obj_atreus/protocol/lufa/LUFA-120730/LUFA/Drivers/USB/Core/AVR8/EndpointStream_AVR8.o
Endpoint_Read_Control_Stream_BE                   obj_atreus/protocol/lufa/LUFA-120730/LUFA/Drivers/USB/Core/AVR8/EndpointStream_AVR8.o
Endpoint_Read_Control_Stream_LE                   obj_atreus/protocol/lufa/LUFA-120730/LUFA/Drivers/USB/Core/AVR8/EndpointStream_AVR8.o
Endpoint_Read_EStream_BE                          obj_atreus/protocol/lufa/LUFA-120730/LUFA/Drivers/USB/Core/AVR8/EndpointStream_AVR8.o
Endpoint_Read_EStream_LE                          obj_atreus/protocol/lufa/LUFA-120730/LUFA/Drivers/USB/Core/AVR8/EndpointStream_AVR8.o
Endpoint_Read_Stream_BE                           obj_atreus/protocol/lufa/LUFA-120730/LUFA/Drivers/USB/Core/AVR8/EndpointStream_AVR8.o
Endpoint_Read_Stream_LE                           obj_atreus/protocol/lufa/LUFA-120730/LUFA/Drivers/USB/Core/AVR8/EndpointStream_AVR8.o
Endpoint_WaitUntilReady                           obj_atreus/protocol/lufa/LUFA-120730/LUFA/Drivers/USB/Core/AVR8/Endpoint_AVR8.o
                                                  obj_atreus/protocol/lufa/LUFA-120730/LUFA/Drivers/USB/Core/AVR8/EndpointStream_AVR8.o
Endpoint_Write_Control_EStream_BE                 obj_atreus/protocol/lufa/LUFA-120730/LUFA/Drivers/USB/Core/AVR8/EndpointStream_AVR8.o
Endpoint_Write_Control_EStream_LE                 obj_atreus/protocol/lufa/LUFA-120730/LUFA/Drivers/USB/Core/AVR8/EndpointStream_AVR8.o
Endpoint_Write_Control_PStream_BE                 obj_atreus/protocol/lufa/LUFA-120730/LUFA/Drivers/USB/Core/AVR8/EndpointStream_AVR8.o
Endpoint_Write_Control_PStream_LE                 obj_atreus/protocol/lufa/LUFA-120730/LUFA/Drivers/USB/Core/AVR8/EndpointStream_AVR8.o
                                                  obj_atreus/protocol/lufa/LUFA-120730/LUFA/Drivers/USB/Core/DeviceStandardReq.o
Endpoint_Write_Control_Stream_BE                  obj_atreus/protocol/lufa/LUFA-120730/LUFA/Drivers/USB/Core/AVR8/EndpointStream_AVR8.o
Endpoint_Write_Control_Stream_LE                  obj_atreus/protocol/lufa/LUFA-120730/LUFA/Drivers/USB/Core/AVR8/EndpointStream_AVR8.o
                                                  obj_atreus/protocol/lufa/LUFA-120730/LUFA/Drivers/USB/Core/DeviceStandardReq.o
                                                  obj_atreus/protocol/lufa/lufa.o
Endpoint_Write_EStream_BE                         obj_atreus/protocol/lufa/LUFA-120730/LUFA/Drivers/USB/Core/AVR8/EndpointStream_AVR8.o
Endpoint_Write_EStream_LE                         obj_atreus/protocol/lufa/LUFA-120730/LUFA/Drivers/USB/Core/AVR8/EndpointStream_AVR8.o
Endpoint_Write_PStream_BE                         obj_atreus/protocol/lufa/LUFA-120730/LUFA/Drivers/USB/Core/AVR8/EndpointStream_AVR8.o
Endpoint_Write_PStream_LE                         obj_atreus/protocol/lufa/LUFA-120730/LUFA/Drivers/USB/Core/AVR8/EndpointStream_AVR8.o
Endpoint_Write_Stream_BE                          obj_atreus/protocol/lufa/LUFA-120730/LUFA/Drivers/USB/Core/AVR8/EndpointStream_AVR8.o
Endpoint_Write_Stream_LE                          obj_atreus/protocol/lufa/LUFA-120730/LUFA/Drivers/USB/Core/AVR8/EndpointStream_AVR8.o
                                                  obj_atreus/protocol/lufa/lufa.o
KeyboardReport                                    obj_atreus/protocol/lufa/descriptor.o
LanguageString                                    obj_atreus/protocol/lufa/descriptor.o
ManufacturerString                                obj_atreus/protocol/lufa/descriptor.o
NKROReport                                        obj_atreus/protocol/lufa/descriptor.o
ProductString                                     obj_atreus/protocol/lufa/descriptor.o
USB_ControlRequest                                obj_atreus/protocol/lufa/LUFA-120730/LUFA/Drivers/USB/Core/USBTask.o
                                                  obj_atreus/protocol/lufa/LUFA-120730/LUFA/Drivers/USB/Core/DeviceStandardReq.o
                                                  obj_atreus/protocol/lufa/LUFA-120730/LUFA/Drivers/USB/Core/AVR8/EndpointStream_AVR8.o
                                                  obj_atreus/protocol/lufa/LUFA-120730/LUFA/Drivers/USB/Core/AVR8/Endpoint_AVR8.o
                                                  obj_atreus/protocol/lufa/lufa.o
USB_DeviceState                                   obj_atreus/protocol/lufa/LUFA-120730/LUFA/Drivers/USB/Core/USBTask.o
                                                  obj_atreus/protocol/lufa/LUFA-120730/LUFA/Drivers/USB/Core/DeviceStandardReq.o
                                                  obj_atreus/protocol/lufa/LUFA-120730/LUFA/Drivers/USB/Core/AVR8/EndpointStream_AVR8.o
                                                  obj_atreus/protocol/lufa/LUFA-120730/LUFA/Drivers/USB/Core/AVR8/USBInterrupt_AVR8.o
                                                  obj_atreus/protocol/lufa/LUFA-120730/LUFA/Drivers/USB/Core/AVR8/USBController_AVR8.o
                                                  obj_atreus/protocol/lufa/LUFA-120730/LUFA/Drivers/USB/Core/AVR8/Endpoint_AVR8.o
                                                  obj_atreus/protocol/lufa/lufa.o
USB_Device_ConfigurationNumber                    obj_atreus/protocol/lufa/LUFA-120730/LUFA/Drivers/USB/Core/DeviceStandardReq.o
                                                  obj_atreus/protocol/lufa/LUFA-120730/LUFA/Drivers/USB/Core/AVR8/USBInterrupt_AVR8.o
                                                  obj_atreus/protocol/lufa/LUFA-120730/LUFA/Drivers/USB/Core/AVR8/USBController_AVR8.o
USB_Device_ControlEndpointSize                    obj_atreus/protocol/lufa/LUFA-120730/LUFA/Drivers/USB/Core/AVR8/Endpoint_AVR8.o
                                                  obj_atreus/protocol/lufa/LUFA-120730/LUFA/Drivers/USB/Core/AVR8/EndpointStream_AVR8.o
                                                  obj_atreus/protocol/lufa/LUFA-120730/LUFA/Drivers/USB/Core/AVR8/USBInterrupt_AVR8.o
                                                  obj_atreus/protocol/lufa/LUFA-120730/LUFA/Drivers/USB/Core/AVR8/USBController_AVR8.o
USB_Device_CurrentlySelfPowered                   obj_atreus/protocol/lufa/LUFA-120730/LUFA/Drivers/USB/Core/DeviceStandardReq.o
                                                  obj_atreus/protocol/lufa/LUFA-120730/LUFA/Drivers/USB/Core/AVR8/USBController_AVR8.o
USB_Device_ProcessControlRequest                  obj_atreus/protocol/lufa/LUFA-120730/LUFA/Drivers/USB/Core/DeviceStandardReq.o
                                                  obj_atreus/protocol/lufa/LUFA-120730/LUFA/Drivers/USB/Core/USBTask.o
                                                  obj_atreus/protocol/lufa/LUFA-120730/LUFA/Drivers/USB/Core/AVR8/USBInterrupt_AVR8.o
USB_Device_RemoteWakeupEnabled                    obj_atreus/protocol/lufa/LUFA-120730/LUFA/Drivers/USB/Core/DeviceStandardReq.o
                                                  obj_atreus/protocol/lufa/LUFA-120730/LUFA/Drivers/USB/Core/AVR8/USBController_AVR8.o
                                                  obj_atreus/protocol/lufa/lufa.o
USB_Device_SendRemoteWakeup                       obj_atreus/protocol/lufa/LUFA-120730/LUFA/Drivers/USB/Core/AVR8/Device_AVR8.o
                                                  obj_atreus/protocol/lufa/lufa.o
USB_Disable                                       obj_atreus/protocol/lufa/LUFA-120730/LUFA/Drivers/USB/Core/AVR8/USBController_AVR8.o
                                                  obj_atreus/common/bootloader.o
                                                  obj_atreus/protocol/lufa/lufa.o
USB_Event_Stub                                    obj_atreus/protocol/lufa/LUFA-120730/LUFA/Drivers/USB/Core/Events.o
USB_GetHIDReportItemInfo                          obj_atreus/protocol/lufa/LUFA-120730/LUFA/Drivers/USB/Class/Common/HIDParser.o
USB_GetHIDReportSize                              obj_atreus/protocol/lufa/LUFA-120730/LUFA/Drivers/USB/Class/Common/HIDParser.o
USB_GetNextDescriptorComp                         obj_atreus/protocol/lufa/LUFA-120730/LUFA/Drivers/USB/Core/ConfigDescriptors.o
USB_GetNextDescriptorOfType                       obj_atreus/protocol/lufa/LUFA-120730/LUFA/Drivers/USB/Core/ConfigDescriptors.o
USB_GetNextDescriptorOfTypeAfter                  obj_atreus/protocol/lufa/LUFA-120730/LUFA/Drivers/USB/Core/ConfigDescriptors.o
USB_GetNextDescriptorOfTypeBefore                 obj_atreus/protocol/lufa/LUFA-120730/LUFA/Drivers/USB/Core/ConfigDescriptors.o
USB_INT_ClearAllInterrupts                        obj_atreus/protocol/lufa/LUFA-120730/LUFA/Drivers/USB/Core/AVR8/USBInterrupt_AVR8.o
                                                  obj_atreus/protocol/lufa/LUFA-120730/LUFA/Drivers/USB/Core/AVR8/USBController_AVR8.o
USB_INT_DisableAllInterrupts                      obj_atreus/protocol/lufa/LUFA-120730/LUFA/Drivers/USB/Core/AVR8/USBInterrupt_AVR8.o
                                                  obj_atreus/protocol/lufa/LUFA-120730/LUFA/Drivers/USB/Core/AVR8/USBController_AVR8.o
USB_Init                                          obj_atreus/protocol/lufa/LUFA-120730/LUFA/Drivers/USB/Core/AVR8/USBController_AVR8.o
                                                  obj_atreus/protocol/lufa/lufa.o
USB_IsInitialized                                 obj_atreus/protocol/lufa/LUFA-120730/LUFA/Drivers/USB/Core/USBTask.o
                                                  obj_atreus/protocol/lufa/LUFA-120730/LUFA/Drivers/USB/Core/AVR8/USBController_AVR8.o
USB_ProcessHIDReport                              obj_atreus/protocol/lufa/LUFA-120730/LUFA/Drivers/USB/Class/Common/HIDParser.o
USB_ResetInterface                                obj_atreus/protocol/lufa/LUFA-120730/LUFA/Drivers/USB/Core/AVR8/USBController_AVR8.o
USB_SetHIDReportItemInfo                          obj_atreus/protocol/lufa/LUFA-120730/LUFA/Drivers/USB/Class/Common/HIDParser.o
USB_USBTask                                       obj_atreus/protocol/lufa/LUFA-120730/LUFA/Drivers/USB/Core/USBTask.o
__bad_interrupt                                   /usr/lib/gcc/avr/5.3.0/../../../../avr/lib/avr5/crtatmega32u4.o
__bss_end                                         /usr/lib/gcc/avr/5.3.0/avr5/libgcc.a(_clear_bss.o)
__bss_start                                       /usr/lib/gcc/avr/5.3.0/avr5/libgcc.a(_clear_bss.o)
__data_end                                        /usr/lib/gcc/avr/5.3.0/avr5/libgcc.a(_copy_data.o)
__data_load_start                                 /usr/lib/gcc/avr/5.3.0/avr5/libgcc.a(_copy_data.o)
__data_start                                      /usr/lib/gcc/avr/5.3.0/avr5/libgcc.a(_copy_data.o)
__do_clear_bss                                    /usr/lib/gcc/avr/5.3.0/avr5/libgcc.a(_clear_bss.o)
                                                  obj_atreus/common/command.o
                                                  obj_atreus/common/timer.o
                                                  obj_atreus/common/keymap.o
                                                  obj_atreus/common/action_util.o
                                                  obj_atreus/common/action_layer.o
                                                  obj_atreus/common/action_macro.o
                                                  obj_atreus/common/action_tapping.o
                                                  obj_atreus/common/action.o
                                                  obj_atreus/common/keyboard.o
                                                  obj_atreus/common/host.o
                                                  obj_atreus/protocol/lufa/LUFA-120730/LUFA/Drivers/USB/Core/USBTask.o
                                                  obj_atreus/protocol/lufa/LUFA-120730/LUFA/Drivers/USB/Core/DeviceStandardReq.o
                                                  obj_atreus/protocol/lufa/lufa.o
                                                  obj_atreus/matrix.o
                                                  obj_atreus/keymap_common.o
                                                  obj_atreus/keymap_qwertyPD.o
__do_copy_data                                    /usr/lib/gcc/avr/5.3.0/avr5/libgcc.a(_copy_data.o)
                                                  obj_atreus/common/action_util.o
                                                  obj_atreus/protocol/lufa/LUFA-120730/LUFA/Drivers/USB/Core/AVR8/Endpoint_AVR8.o
                                                  obj_atreus/protocol/lufa/descriptor.o
                                                  obj_atreus/protocol/lufa/lufa.o
                                                  obj_atreus/matrix.o
__heap_end                                        /usr/lib/gcc/avr/5.3.0/../../../../avr/lib/avr5/crtatmega32u4.o
__init                                            /usr/lib/gcc/avr/5.3.0/../../../../avr/lib/avr5/crtatmega32u4.o
__stack                                           /usr/lib/gcc/avr/5.3.0/../../../../avr/lib/avr5/crtatmega32u4.o
__tablejump2__                                    /usr/lib/gcc/avr/5.3.0/avr5/libgcc.a(_tablejump2.o)
                                                  obj_atreus/common/action.o
                                                  obj_atreus/protocol/lufa/LUFA-120730/LUFA/Drivers/USB/Core/DeviceStandardReq.o
__vector_1                                        /usr/lib/gcc/avr/5.3.0/../../../../avr/lib/avr5/crtatmega32u4.o
__vector_10                                       obj_atreus/protocol/lufa/LUFA-120730/LUFA/Drivers/USB/Core/AVR8/USBInterrupt_AVR8.o
                                                  /usr/lib/gcc/avr/5.3.0/../../../../avr/lib/avr5/crtatmega32u4.o
__vector_11                                       obj_atreus/protocol/lufa/LUFA-120730/LUFA/Drivers/USB/Core/AVR8/USBInterrupt_AVR8.o
                                                  /usr/lib/gcc/avr/5.3.0/../../../../avr/lib/avr5/crtatmega32u4.o
__vector_12                                       /usr/lib/gcc/avr/5.3.0/../../../../avr/lib/avr5/crtatmega32u4.o
__vector_13                                       /usr/lib/gcc/avr/5.3.0/../../../../avr/lib/avr5/crtatmega32u4.o
__vector_14                                       /usr/lib/gcc/avr/5.3.0/../../../../avr/lib/avr5/crtatmega32u4.o
__vector_15                                       /usr/lib/gcc/avr/5.3.0/../../../../avr/lib/avr5/crtatmega32u4.o
__vector_16                                       /usr/lib/gcc/avr/5.3.0/../../../../avr/lib/avr5/crtatmega32u4.o
__vector_17                                       /usr/lib/gcc/avr/5.3.0/../../../../avr/lib/avr5/crtatmega32u4.o
__vector_18                                       /usr/lib/gcc/avr/5.3.0/../../../../avr/lib/avr5/crtatmega32u4.o
__vector_19                                       /usr/lib/gcc/avr/5.3.0/../../../../avr/lib/avr5/crtatmega32u4.o
__vector_2                                        /usr/lib/gcc/avr/5.3.0/../../../../avr/lib/avr5/crtatmega32u4.o
__vector_20                                       /usr/lib/gcc/avr/5.3.0/../../../../avr/lib/avr5/crtatmega32u4.o
__vector_21                                       obj_atreus/common/timer.o
                                                  /usr/lib/gcc/avr/5.3.0/../../../../avr/lib/avr5/crtatmega32u4.o
__vector_22                                       /usr/lib/gcc/avr/5.3.0/../../../../avr/lib/avr5/crtatmega32u4.o
__vector_23                                       /usr/lib/gcc/avr/5.3.0/../../../../avr/lib/avr5/crtatmega32u4.o
__vector_24                                       /usr/lib/gcc/avr/5.3.0/../../../../avr/lib/avr5/crtatmega32u4.o
__vector_25                                       /usr/lib/gcc/avr/5.3.0/../../../../avr/lib/avr5/crtatmega32u4.o
__vector_26                                       /usr/lib/gcc/avr/5.3.0/../../../../avr/lib/avr5/crtatmega32u4.o
__vector_27                                       /usr/lib/gcc/avr/5.3.0/../../../../avr/lib/avr5/crtatmega32u4.o
__vector_28                                       /usr/lib/gcc/avr/5.3.0/../../../../avr/lib/avr5/crtatmega32u4.o
__vector_29                                       /usr/lib/gcc/avr/5.3.0/../../../../avr/lib/avr5/crtatmega32u4.o
__vector_3                                        /usr/lib/gcc/avr/5.3.0/../../../../avr/lib/avr5/crtatmega32u4.o
__vector_30                                       /usr/lib/gcc/avr/5.3.0/../../../../avr/lib/avr5/crtatmega32u4.o
__vector_31                                       /usr/lib/gcc/avr/5.3.0/../../../../avr/lib/avr5/crtatmega32u4.o
__vector_32                                       /usr/lib/gcc/avr/5.3.0/../../../../avr/lib/avr5/crtatmega32u4.o
__vector_33                                       /usr/lib/gcc/avr/5.3.0/../../../../avr/lib/avr5/crtatmega32u4.o
__vector_34                                       /usr/lib/gcc/avr/5.3.0/../../../../avr/lib/avr5/crtatmega32u4.o
__vector_35                                       /usr/lib/gcc/avr/5.3.0/../../../../avr/lib/avr5/crtatmega32u4.o
__vector_36                                       /usr/lib/gcc/avr/5.3.0/../../../../avr/lib/avr5/crtatmega32u4.o
__vector_37                                       /usr/lib/gcc/avr/5.3.0/../../../../avr/lib/avr5/crtatmega32u4.o
__vector_38                                       /usr/lib/gcc/avr/5.3.0/../../../../avr/lib/avr5/crtatmega32u4.o
__vector_39                                       /usr/lib/gcc/avr/5.3.0/../../../../avr/lib/avr5/crtatmega32u4.o
__vector_4                                        /usr/lib/gcc/avr/5.3.0/../../../../avr/lib/avr5/crtatmega32u4.o
__vector_40                                       /usr/lib/gcc/avr/5.3.0/../../../../avr/lib/avr5/crtatmega32u4.o
__vector_41                                       /usr/lib/gcc/avr/5.3.0/../../../../avr/lib/avr5/crtatmega32u4.o
__vector_42                                       /usr/lib/gcc/avr/5.3.0/../../../../avr/lib/avr5/crtatmega32u4.o
__vector_5                                        /usr/lib/gcc/avr/5.3.0/../../../../avr/lib/avr5/crtatmega32u4.o
__vector_6                                        /usr/lib/gcc/avr/5.3.0/../../../../avr/lib/avr5/crtatmega32u4.o
__vector_7                                        /usr/lib/gcc/avr/5.3.0/../../../../avr/lib/avr5/crtatmega32u4.o
__vector_8                                        /usr/lib/gcc/avr/5.3.0/../../../../avr/lib/avr5/crtatmega32u4.o
__vector_9                                        /usr/lib/gcc/avr/5.3.0/../../../../avr/lib/avr5/crtatmega32u4.o
__vector_default                                  /usr/lib/gcc/avr/5.3.0/../../../../avr/lib/avr5/crtatmega32u4.o
__vectors                                         /usr/lib/gcc/avr/5.3.0/../../../../avr/lib/avr5/crtatmega32u4.o
__xprintf                                         obj_atreus/common/xprintf.o
                                                  obj_atreus/common/command.o
                                                  obj_atreus/common/action_util.o
                                                  obj_atreus/common/keyboard.o
                                                  obj_atreus/common/host.o
                                                  obj_atreus/matrix.o
_exit                                             /usr/lib/gcc/avr/5.3.0/avr5/libgcc.a(_exit.o)
action_exec                                       obj_atreus/common/action.o
                                                  obj_atreus/common/keyboard.o
action_for_key                                    obj_atreus/common/keymap.o
                                                  obj_atreus/common/action_layer.o
action_function                                   obj_atreus/keymap_qwertyPD.o
                                                  obj_atreus/common/action.o
action_get_macro                                  obj_atreus/common/keymap.o
                                                  obj_atreus/common/action.o
action_macro_play                                 obj_atreus/common/action_macro.o
                                                  obj_atreus/common/action.o
action_tapping_process                            obj_atreus/common/action_tapping.o
                                                  obj_atreus/common/action.o
actionmap_key_to_action                           obj_atreus/keymap_common.o
                                                  obj_atreus/common/keymap.o
add_key                                           obj_atreus/common/action_util.o
                                                  obj_atreus/common/action.o
add_mods                                          obj_atreus/common/action_util.o
                                                  obj_atreus/common/action.o
add_weak_mods                                     obj_atreus/common/action_util.o
                                                  obj_atreus/common/action_macro.o
                                                  obj_atreus/common/action.o
biton                                             obj_atreus/common/util.o
                                                  obj_atreus/common/action_util.o
biton16                                           obj_atreus/common/util.o
biton32                                           obj_atreus/common/util.o
                                                  obj_atreus/common/command.o
bitpop                                            obj_atreus/common/util.o
                                                  obj_atreus/common/action_util.o
bitpop16                                          obj_atreus/common/util.o
                                                  obj_atreus/matrix.o
bitpop32                                          obj_atreus/common/util.o
bitrev                                            obj_atreus/common/util.o
bitrev16                                          obj_atreus/common/util.o
                                                  obj_atreus/matrix.o
bitrev32                                          obj_atreus/common/util.o
bootloader                                        obj_atreus/keymap_common.o
                                                  obj_atreus/keymap_qwertyPD.o
bootloader_jump                                   obj_atreus/common/bootloader.o
                                                  obj_atreus/common/command.o
                                                  obj_atreus/keymap_common.o
bootloader_jump_after_watchdog_reset              obj_atreus/common/bootloader.o
clear_keyboard                                    obj_atreus/common/action.o
                                                  obj_atreus/common/command.o
                                                  obj_atreus/common/suspend.o
                                                  obj_atreus/common/action_tapping.o
                                                  obj_atreus/keymap_common.o
clear_keyboard_but_mods                           obj_atreus/common/action.o
                                                  obj_atreus/common/action_layer.o
clear_keys                                        obj_atreus/common/action_util.o
                                                  obj_atreus/common/action.o
clear_mods                                        obj_atreus/common/action_util.o
                                                  obj_atreus/common/action.o
clear_oneshot_mods                                obj_atreus/common/action_util.o
                                                  obj_atreus/common/action.o
clear_weak_mods                                   obj_atreus/common/action_util.o
                                                  obj_atreus/common/action.o
command_extra                                     obj_atreus/common/command.o
command_proc                                      obj_atreus/common/command.o
                                                  obj_atreus/common/action.o
debug_action                                      obj_atreus/common/action.o
debug_config                                      obj_atreus/common/command.o
                                                  obj_atreus/common/keymap.o
                                                  obj_atreus/common/action_util.o
                                                  obj_atreus/common/action_layer.o
                                                  obj_atreus/common/action_macro.o
                                                  obj_atreus/common/action_tapping.o
                                                  obj_atreus/common/action.o
                                                  obj_atreus/common/keyboard.o
                                                  obj_atreus/common/host.o
                                                  obj_atreus/protocol/lufa/lufa.o
                                                  obj_atreus/matrix.o
                                                  obj_atreus/keymap_common.o
                                                  obj_atreus/keymap_qwertyPD.o
debug_event                                       obj_atreus/common/action.o
                                                  obj_atreus/common/action_tapping.o
debug_record                                      obj_atreus/common/action.o
                                                  obj_atreus/common/action_tapping.o
default_layer_and                                 obj_atreus/common/action_layer.o
                                                  obj_atreus/common/action.o
default_layer_debug                               obj_atreus/common/action_layer.o
                                                  obj_atreus/common/action.o
default_layer_or                                  obj_atreus/common/action_layer.o
                                                  obj_atreus/common/action.o
default_layer_set                                 obj_atreus/common/action_layer.o
                                                  obj_atreus/common/command.o
default_layer_state                               obj_atreus/common/action_layer.o
                                                  obj_atreus/common/command.o
default_layer_xor                                 obj_atreus/common/action_layer.o
                                                  obj_atreus/common/action.o
del_key                                           obj_atreus/common/action_util.o
                                                  obj_atreus/common/action.o
del_mods                                          obj_atreus/common/action_util.o
                                                  obj_atreus/common/action.o
del_weak_mods                                     obj_atreus/common/action_util.o
                                                  obj_atreus/common/action_macro.o
                                                  obj_atreus/common/action.o
eeprom_read_byte                                  /usr/lib/gcc/avr/5.3.0/../../../../avr/lib/avr5/libatmega32u4.a(eerd_byte.o)
                                                  obj_atreus/protocol/lufa/LUFA-120730/LUFA/Drivers/USB/Core/AVR8/EndpointStream_AVR8.o
eeprom_update_byte                                /usr/lib/gcc/avr/5.3.0/../../../../avr/lib/avr5/libatmega32u4.a(eeupd_byte.o)
                                                  obj_atreus/protocol/lufa/LUFA-120730/LUFA/Drivers/USB/Core/AVR8/EndpointStream_AVR8.o
eeprom_update_r18                                 /usr/lib/gcc/avr/5.3.0/../../../../avr/lib/avr5/libatmega32u4.a(eeupd_byte.o)
exit                                              /usr/lib/gcc/avr/5.3.0/avr5/libgcc.a(_exit.o)
                                                  /usr/lib/gcc/avr/5.3.0/../../../../avr/lib/avr5/crtatmega32u4.o
fn_actions                                        obj_atreus/keymap_qwertyPD.o
                                                  obj_atreus/keymap_common.o
get_first_key                                     obj_atreus/common/action_util.o
get_mods                                          obj_atreus/common/action_util.o
get_weak_mods                                     obj_atreus/common/action_util.o
has_anykey                                        obj_atreus/common/action_util.o
has_anymod                                        obj_atreus/common/action_util.o
host_consumer_send                                obj_atreus/common/host.o
                                                  obj_atreus/common/action.o
host_get_driver                                   obj_atreus/common/host.o
                                                  obj_atreus/common/command.o
host_keyboard_leds                                obj_atreus/common/host.o
                                                  obj_atreus/common/command.o
                                                  obj_atreus/common/keyboard.o
host_keyboard_send                                obj_atreus/common/host.o
                                                  obj_atreus/common/action_util.o
host_last_consumer_report                         obj_atreus/common/host.o
host_last_sysytem_report                          obj_atreus/common/host.o
host_mouse_send                                   obj_atreus/common/host.o
host_set_driver                                   obj_atreus/common/host.o
                                                  obj_atreus/common/command.o
                                                  obj_atreus/protocol/lufa/lufa.o
host_system_send                                  obj_atreus/common/host.o
                                                  obj_atreus/common/action.o
is_tap_key                                        obj_atreus/common/action.o
                                                  obj_atreus/common/action_tapping.o
keyboard_init                                     obj_atreus/common/keyboard.o
                                                  obj_atreus/protocol/lufa/lufa.o
keyboard_nkro                                     obj_atreus/common/host.o
                                                  obj_atreus/common/command.o
                                                  obj_atreus/common/action_util.o
                                                  obj_atreus/protocol/lufa/lufa.o