Archive member included to satisfy reference by file (symbol)

/usr/lib/gcc/avr/4.9.2/avr5/libgcc.a(_exit.o)
                              /usr/lib/gcc/avr/4.9.2/../../../avr/lib/avr5/crtatmega32u4.o (exit)
/usr/lib/gcc/avr/4.9.2/avr5/libgcc.a(_tablejump2.o)
                              obj_atreus/protocol/lufa/LUFA-120730/LUFA/Drivers/USB/Core/DeviceStandardReq.o (__tablejump2__)
/usr/lib/gcc/avr/4.9.2/avr5/libgcc.a(_copy_data.o)
                              obj_atreus/matrix.o (__do_copy_data)
/usr/lib/gcc/avr/4.9.2/avr5/libgcc.a(_clear_bss.o)
                              obj_atreus/keymap_qwertyPD.o (__do_clear_bss)
/usr/lib/gcc/avr/4.9.2/../../../avr/lib/avr5/libatmega32u4.a(eerd_byte.o)
                              obj_atreus/protocol/lufa/LUFA-120730/LUFA/Drivers/USB/Core/AVR8/EndpointStream_AVR8.o (eeprom_read_byte)
/usr/lib/gcc/avr/4.9.2/../../../avr/lib/avr5/libatmega32u4.a(eeupd_byte.o)
                              obj_atreus/protocol/lufa/LUFA-120730/LUFA/Drivers/USB/Core/AVR8/EndpointStream_AVR8.o (eeprom_update_byte)

Allocating common symbols
Common symbol       size              file

mk_time_to_max      0x1               obj_atreus/common/action.o
USB_IsInitialized   0x1               obj_atreus/protocol/lufa/LUFA-120730/LUFA/Drivers/USB/Core/USBTask.o
USB_DeviceState     0x1               obj_atreus/protocol/lufa/LUFA-120730/LUFA/Drivers/USB/Core/USBTask.o
mk_wheel_time_to_max
                    0x1               obj_atreus/common/action.o
USB_Device_ConfigurationNumber
                    0x1               obj_atreus/protocol/lufa/LUFA-120730/LUFA/Drivers/USB/Core/DeviceStandardReq.o
mk_max_speed        0x1               obj_atreus/common/action.o
mk_interval         0x1               obj_atreus/common/action.o
mk_delay            0x1               obj_atreus/common/action.o
USB_Device_CurrentlySelfPowered
                    0x1               obj_atreus/protocol/lufa/LUFA-120730/LUFA/Drivers/USB/Core/DeviceStandardReq.o
mk_wheel_max_speed  0x1               obj_atreus/common/action.o
USB_ControlRequest  0x8               obj_atreus/protocol/lufa/LUFA-120730/LUFA/Drivers/USB/Core/USBTask.o
USB_Device_RemoteWakeupEnabled
                    0x1               obj_atreus/protocol/lufa/LUFA-120730/LUFA/Drivers/USB/Core/DeviceStandardReq.o
debug_config        0x1               obj_atreus/keymap_qwertyPD.o

Discarded input sections

 .data          0x0000000000000000        0x0 /usr/lib/gcc/avr/4.9.2/../../../avr/lib/avr5/crtatmega32u4.o
 .bss           0x0000000000000000        0x0 /usr/lib/gcc/avr/4.9.2/../../../avr/lib/avr5/crtatmega32u4.o
 .text          0x0000000000000000        0x0 obj_atreus/keymap_qwertyPD.o
 .data          0x0000000000000000        0x0 obj_atreus/keymap_qwertyPD.o
 .bss           0x0000000000000000        0x0 obj_atreus/keymap_qwertyPD.o
 .text          0x0000000000000000        0x0 obj_atreus/keymap_common.o
 .data          0x0000000000000000        0x0 obj_atreus/keymap_common.o
 .bss           0x0000000000000000        0x0 obj_atreus/keymap_common.o
 .text          0x0000000000000000        0x0 obj_atreus/matrix.o
 .text.matrix_rows
                0x0000000000000000        0x4 obj_atreus/matrix.o
 .text.matrix_cols
                0x0000000000000000        0x4 obj_atreus/matrix.o
 .text.matrix_is_modified
                0x0000000000000000        0xc obj_atreus/matrix.o
 .text.matrix_is_on
                0x0000000000000000       0x2c obj_atreus/matrix.o
 .text.matrix_key_count
                0x0000000000000000       0x2c obj_atreus/matrix.o
 .text          0x0000000000000000        0x0 obj_atreus/led.o
 .data          0x0000000000000000        0x0 obj_atreus/led.o
 .bss           0x0000000000000000        0x0 obj_atreus/led.o
 .text          0x0000000000000000        0x0 obj_atreus/protocol/lufa/lufa.o
 .text          0x0000000000000000        0x0 obj_atreus/protocol/lufa/descriptor.o
 .data          0x0000000000000000        0x0 obj_atreus/protocol/lufa/descriptor.o
 .bss           0x0000000000000000        0x0 obj_atreus/protocol/lufa/descriptor.o
 .text          0x0000000000000000        0x0 obj_atreus/protocol/lufa/LUFA-120730/LUFA/Drivers/USB/Core/AVR8/Device_AVR8.o
 .data          0x0000000000000000        0x0 obj_atreus/protocol/lufa/LUFA-120730/LUFA/Drivers/USB/Core/AVR8/Device_AVR8.o
 .bss           0x0000000000000000        0x0 obj_atreus/protocol/lufa/LUFA-120730/LUFA/Drivers/USB/Core/AVR8/Device_AVR8.o
 .text          0x0000000000000000        0x0 obj_atreus/protocol/lufa/LUFA-120730/LUFA/Drivers/USB/Core/AVR8/Endpoint_AVR8.o
 .bss           0x0000000000000000        0x0 obj_atreus/protocol/lufa/LUFA-120730/LUFA/Drivers/USB/Core/AVR8/Endpoint_AVR8.o
 .text.Endpoint_ConfigureEndpointTable
                0x0000000000000000       0x92 obj_atreus/protocol/lufa/LUFA-120730/LUFA/Drivers/USB/Core/AVR8/Endpoint_AVR8.o
 .text.Endpoint_ClearEndpoints
[...]
Memory Configuration

Name             Origin             Length             Attributes
text             0x0000000000000000 0x0000000000020000 xr
data             0x0000000000800060 0x000000000000ffa0 rw !x
eeprom           0x0000000000810000 0x0000000000010000 rw !x
fuse             0x0000000000820000 0x0000000000000400 rw !x
lock             0x0000000000830000 0x0000000000000400 rw !x
signature        0x0000000000840000 0x0000000000000400 rw !x
user_signatures  0x0000000000850000 0x0000000000000400 rw !x
*default*        0x0000000000000000 0xffffffffffffffff

Linker script and memory map

Address of section .data set to 0x800100
LOAD /usr/lib/gcc/avr/4.9.2/../../../avr/lib/avr5/crtatmega32u4.o
LOAD obj_atreus/keymap_qwertyPD.o
LOAD obj_atreus/keymap_common.o
LOAD obj_atreus/matrix.o
LOAD obj_atreus/led.o
LOAD obj_atreus/protocol/lufa/lufa.o
LOAD obj_atreus/protocol/lufa/descriptor.o
LOAD obj_atreus/protocol/lufa/LUFA-120730/LUFA/Drivers/USB/Core/AVR8/Device_AVR8.o
LOAD obj_atreus/protocol/lufa/LUFA-120730/LUFA/Drivers/USB/Core/AVR8/Endpoint_AVR8.o
LOAD obj_atreus/protocol/lufa/LUFA-120730/LUFA/Drivers/USB/Core/AVR8/Host_AVR8.o
LOAD obj_atreus/protocol/lufa/LUFA-120730/LUFA/Drivers/USB/Core/AVR8/Pipe_AVR8.o
LOAD obj_atreus/protocol/lufa/LUFA-120730/LUFA/Drivers/USB/Core/AVR8/USBController_AVR8.o
LOAD obj_atreus/protocol/lufa/LUFA-120730/LUFA/Drivers/USB/Core/AVR8/USBInterrupt_AVR8.o
LOAD obj_atreus/protocol/lufa/LUFA-120730/LUFA/Drivers/USB/Core/AVR8/EndpointStream_AVR8.o
LOAD obj_atreus/protocol/lufa/LUFA-120730/LUFA/Drivers/USB/Core/AVR8/PipeStream_AVR8.o
LOAD obj_atreus/protocol/lufa/LUFA-120730/LUFA/Drivers/USB/Core/ConfigDescriptors.o
LOAD obj_atreus/protocol/lufa/LUFA-120730/LUFA/Drivers/USB/Core/DeviceStandardReq.o
LOAD obj_atreus/protocol/lufa/LUFA-120730/LUFA/Drivers/USB/Core/Events.o
LOAD obj_atreus/protocol/lufa/LUFA-120730/LUFA/Drivers/USB/Core/HostStandardReq.o
LOAD obj_atreus/protocol/lufa/LUFA-120730/LUFA/Drivers/USB/Core/USBTask.o
LOAD obj_atreus/protocol/lufa/LUFA-120730/LUFA/Drivers/USB/Class/Common/HIDParser.o
LOAD obj_atreus/common/host.o
LOAD obj_atreus/common/keyboard.o
LOAD obj_atreus/common/action.o
LOAD obj_atreus/common/action_tapping.o
LOAD obj_atreus/common/action_macro.o
LOAD obj_atreus/common/action_layer.o
LOAD obj_atreus/common/action_util.o
LOAD obj_atreus/common/keymap.o
LOAD obj_atreus/common/timer.o
LOAD obj_atreus/common/print.o
LOAD obj_atreus/common/bootloader.o
LOAD obj_atreus/common/suspend.o
LOAD obj_atreus/common/xprintf.o
LOAD obj_atreus/common/util.o
LOAD obj_atreus/common/command.o
LOAD /usr/lib/gcc/avr/4.9.2/../../../avr/lib/avr5/libm.a
START GROUP
LOAD /usr/lib/gcc/avr/4.9.2/avr5/libgcc.a
LOAD /usr/lib/gcc/avr/4.9.2/../../../avr/lib/avr5/libm.a
LOAD /usr/lib/gcc/avr/4.9.2/../../../avr/lib/avr5/libc.a
LOAD /usr/lib/gcc/avr/4.9.2/../../../avr/lib/avr5/libatmega32u4.a
END GROUP

.hash
 *(.hash)

.dynsym
 *(.dynsym)

.dynstr
 *(.dynstr)

.gnu.version
 *(.gnu.version)

.gnu.version_d
 *(.gnu.version_d)

.gnu.version_r
 *(.gnu.version_r)

.rel.init
 *(.rel.init)

.rela.init
 *(.rela.init)

.rel.text
 *(.rel.text)
 *(.rel.text.*)
 *(.rel.gnu.linkonce.t*)

.rela.text
 *(.rela.text)
 *(.rela.text.*)
 *(.rela.gnu.linkonce.t*)

.rel.fini
 *(.rel.fini)

.rela.fini
 *(.rela.fini)

.rel.rodata
 *(.rel.rodata)
 *(.rel.rodata.*)
 *(.rel.gnu.linkonce.r*)

.rela.rodata
 *(.rela.rodata)
 *(.rela.rodata.*)
 *(.rela.gnu.linkonce.r*)

.rel.data
 *(.rel.data)
 *(.rel.data.*)
 *(.rel.gnu.linkonce.d*)

.rela.data
 *(.rela.data)
 *(.rela.data.*)
 *(.rela.gnu.linkonce.d*)

.rel.ctors
 *(.rel.ctors)

.rela.ctors
 *(.rela.ctors)

.rel.dtors
 *(.rel.dtors)

.rela.dtors
 *(.rela.dtors)

.rel.got
 *(.rel.got)

.rela.got
 *(.rela.got)

.rel.bss
 *(.rel.bss)

.rela.bss
 *(.rela.bss)

.rel.plt
 *(.rel.plt)

.rela.plt
 *(.rela.plt)

.text           0x0000000000000000     0x39d0
 *(.vectors)
 .vectors       0x0000000000000000       0xac /usr/lib/gcc/avr/4.9.2/../../../avr/lib/avr5/crtatmega32u4.o
                0x0000000000000000                __vectors
                0x0000000000000000                __vector_default
 *(.vectors)
 *(.progmem.gcc*)
 .progmem.gcc_sw_table.USB_Device_ProcessControlRequest
                0x00000000000000ac       0x14 obj_atreus/protocol/lufa/LUFA-120730/LUFA/Drivers/USB/Core/DeviceStandardReq.o
 .progmem.gcc_sw_table.process_action
                0x00000000000000c0       0x20 obj_atreus/common/action.o
                0x00000000000000e0                . = ALIGN (0x2)
                0x00000000000000e0                __trampolines_start = .
 *(.trampolines)
 .trampolines   0x00000000000000e0        0x0 linker stubs
 *(.trampolines*)
                0x00000000000000e0                __trampolines_end = .
 *(.progmem*)
 .progmem.data  0x00000000000000e0      0x110 obj_atreus/keymap_qwertyPD.o
                0x00000000000000e0                fn_actions
                0x00000000000000e8                keymaps
 .progmem.data  0x00000000000001f0       0x29 obj_atreus/keymap_common.o
 .progmem.data  0x0000000000000219       0x38 obj_atreus/matrix.o
 .progmem.data  0x0000000000000251       0x22 obj_atreus/protocol/lufa/lufa.o
 .progmem.data  0x0000000000000273      0x133 obj_atreus/protocol/lufa/descriptor.o
                0x0000000000000273                ProductString
                0x0000000000000283                ManufacturerString
                0x000000000000029d                LanguageString
                0x00000000000002a1                ConfigurationDescriptor
                0x00000000000002fc                DeviceDescriptor
                0x000000000000030e                NKROReport
                0x0000000000000347                ConsoleReport
                0x0000000000000367                KeyboardReport
 .progmem.data  0x00000000000003a6       0x1a obj_atreus/common/host.o
 .progmem.data  0x00000000000003c0       0x1a obj_atreus/common/keyboard.o
 .progmem.data  0x00000000000003da       0x3c obj_atreus/common/action_util.o
 .progmem.data  0x0000000000000416      0x4b9 obj_atreus/common/command.o
                0x00000000000008d0                . = ALIGN (0x2)
 *fill*         0x00000000000008cf        0x1 
 *(.jumptables)
 *(.jumptables*)
 *(.lowtext)
 *(.lowtext*)
                0x00000000000008d0                __ctors_start = .
 *(.ctors)
                0x00000000000008d0                __ctors_end = .
                0x00000000000008d0                __dtors_start = .
 *(.dtors)
                0x00000000000008d0                __dtors_end = .
 SORT(*)(.ctors)
 SORT(*)(.dtors)
 *(.init0)
 .init0         0x00000000000008d0        0x0 /usr/lib/gcc/avr/4.9.2/../../../avr/lib/avr5/crtatmega32u4.o
                0x00000000000008d0                __init
 *(.init0)
 *(.init1)
 *(.init1)
 *(.init2)
 .init2         0x00000000000008d0        0xc /usr/lib/gcc/avr/4.9.2/../../../avr/lib/avr5/crtatmega32u4.o
 *(.init2)
 *(.init3)
 .init3         0x00000000000008dc       0x54 obj_atreus/common/bootloader.o
                0x00000000000008dc                bootloader_jump_after_watchdog_reset
 *(.init3)
 *(.init4)
 .init4         0x0000000000000930       0x16 /usr/lib/gcc/avr/4.9.2/avr5/libgcc.a(_copy_data.o)
                0x0000000000000930                __do_copy_data
 .init4         0x0000000000000946       0x10 /usr/lib/gcc/avr/4.9.2/avr5/libgcc.a(_clear_bss.o)
                0x0000000000000946                __do_clear_bss
 *(.init4)
 *(.init5)
 *(.init5)
 *(.init6)
 *(.init6)
 *(.init7)
 *(.init7)
 *(.init8)
 *(.init8)
 *(.init9)
 .init9         0x0000000000000956        0x8 /usr/lib/gcc/avr/4.9.2/../../../avr/lib/avr5/crtatmega32u4.o
 *(.init9)
 *(.text)
 .text          0x000000000000095e        0x4 /usr/lib/gcc/avr/4.9.2/../../../avr/lib/avr5/crtatmega32u4.o
                0x000000000000095e                __vector_38
                0x000000000000095e                __vector_22
                0x000000000000095e                __vector_28
                0x000000000000095e                __vector_1
                0x000000000000095e                __vector_32
                0x000000000000095e                __vector_34
                0x000000000000095e                __vector_24
                0x000000000000095e                __vector_12
                0x000000000000095e                __bad_interrupt
                0x000000000000095e                __vector_6
                0x000000000000095e                __vector_31
                0x000000000000095e                __vector_35
                0x000000000000095e                __vector_39
                0x000000000000095e                __vector_3
                0x000000000000095e                __vector_23
                0x000000000000095e                __vector_30
                0x000000000000095e                __vector_25
                0x000000000000095e                __vector_13
                0x000000000000095e                __vector_17
                0x000000000000095e                __vector_19
                0x000000000000095e                __vector_7
                0x000000000000095e                __vector_41
                0x000000000000095e                __vector_27
                0x000000000000095e                __vector_5
                0x000000000000095e                __vector_33
                0x000000000000095e                __vector_37
                0x000000000000095e                __vector_4
                0x000000000000095e                __vector_9
                0x000000000000095e                __vector_2
                0x000000000000095e                __vector_15
                0x000000000000095e                __vector_36
                0x000000000000095e                __vector_29
                0x000000000000095e                __vector_40
                0x000000000000095e                __vector_8
                0x000000000000095e                __vector_26
                0x000000000000095e                __vector_14
                0x000000000000095e                __vector_16
                0x000000000000095e                __vector_18
                0x000000000000095e                __vector_20
                0x000000000000095e                __vector_42
 .text          0x0000000000000962      0x15c obj_atreus/common/xprintf.o
                0x0000000000000962                xputc
                0x000000000000097a                xputs
                0x0000000000000988                xitoa
                0x0000000000000aac                __xprintf
                0x0000000000000abe                . = ALIGN (0x2)
 *(.text.*)
 .text.action_function
                0x0000000000000abe        0xa obj_atreus/keymap_qwertyPD.o
                0x0000000000000abe                action_function
 .text.actionmap_key_to_action
                0x0000000000000ac8       0x24 obj_atreus/keymap_common.o
                0x0000000000000ac8                actionmap_key_to_action
 .text.keymap_fn_to_action
                0x0000000000000aec       0x12 obj_atreus/keymap_common.o
                0x0000000000000aec                keymap_fn_to_action
 .text.bootloader
                0x0000000000000afe       0x36 obj_atreus/keymap_common.o
                0x0000000000000afe                bootloader
 .text.unselect_rows
                0x0000000000000b34        0xe obj_atreus/matrix.o
 .text.matrix_init
                0x0000000000000b42       0x54 obj_atreus/matrix.o
                0x0000000000000b42                matrix_init
 .text.matrix_scan
                0x0000000000000b96      0x216 obj_atreus/matrix.o
                0x0000000000000b96                matrix_scan
 .text.matrix_get_row
                0x0000000000000dac       0x12 obj_atreus/matrix.o
                0x0000000000000dac                matrix_get_row
 .text.matrix_print
                0x0000000000000dbe       0x8e obj_atreus/matrix.o
                0x0000000000000dbe                matrix_print
 .text.led_set  0x0000000000000e4c        0xe obj_atreus/led.o
                0x0000000000000e4c                led_set
 .text.keyboard_leds
                0x0000000000000e5a        0x6 obj_atreus/protocol/lufa/lufa.o
 .text.send_mouse
                0x0000000000000e60        0x2 obj_atreus/protocol/lufa/lufa.o
 .text.sendchar
                0x0000000000000e62       0xc0 obj_atreus/protocol/lufa/lufa.o
                0x0000000000000e62                sendchar
 .text.send_consumer
                0x0000000000000f22       0x56 obj_atreus/protocol/lufa/lufa.o
 .text.send_system
                0x0000000000000f78       0x56 obj_atreus/protocol/lufa/lufa.o
 .text.send_keyboard
                0x0000000000000fce       0x66 obj_atreus/protocol/lufa/lufa.o
 .text.EVENT_USB_Device_Connect
                0x0000000000001034        0x2 obj_atreus/protocol/lufa/lufa.o
                0x0000000000001034                EVENT_USB_Device_Connect
 .text.EVENT_USB_Device_Disconnect
                0x0000000000001036        0x2 obj_atreus/protocol/lufa/lufa.o
                0x0000000000001036                EVENT_USB_Device_Disconnect
 .text.EVENT_USB_Device_Reset
                0x0000000000001038        0x2 obj_atreus/protocol/lufa/lufa.o
                0x0000000000001038                EVENT_USB_Device_Reset
 .text.EVENT_USB_Device_Suspend
                0x000000000000103a        0x2 obj_atreus/protocol/lufa/lufa.o
                0x000000000000103a                EVENT_USB_Device_Suspend
 .text.EVENT_USB_Device_WakeUp
                0x000000000000103c        0x4 obj_atreus/protocol/lufa/lufa.o
                0x000000000000103c                EVENT_USB_Device_WakeUp
 .text.EVENT_USB_Device_StartOfFrame
                0x0000000000001040       0x5a obj_atreus/protocol/lufa/lufa.o
                0x0000000000001040                EVENT_USB_Device_StartOfFrame
 .text.EVENT_USB_Device_ConfigurationChanged
                0x000000000000109a       0x28 obj_atreus/protocol/lufa/lufa.o
                0x000000000000109a                EVENT_USB_Device_ConfigurationChanged
 .text.EVENT_USB_Device_ControlRequest
                0x00000000000010c2      0x14c obj_atreus/protocol/lufa/lufa.o
                0x00000000000010c2                EVENT_USB_Device_ControlRequest
 .text.startup.main
                0x000000000000120e       0x96 obj_atreus/protocol/lufa/lufa.o
                0x000000000000120e                main
 .text.CALLBACK_USB_GetDescriptor
                0x00000000000012a4       0xb0 obj_atreus/protocol/lufa/descriptor.o
                0x00000000000012a4                CALLBACK_USB_GetDescriptor
 .text.USB_Device_SendRemoteWakeup
                0x0000000000001354       0x2c obj_atreus/protocol/lufa/LUFA-120730/LUFA/Drivers/USB/Core/AVR8/Device_AVR8.o
                0x0000000000001354                USB_Device_SendRemoteWakeup
 .text.Endpoint_ConfigureEndpoint_Prv
                0x0000000000001380       0x6a obj_atreus/protocol/lufa/LUFA-120730/LUFA/Drivers/USB/Core/AVR8/Endpoint_AVR8.o
                0x0000000000001380                Endpoint_ConfigureEndpoint_Prv
 .text.Endpoint_ClearStatusStage
                0x00000000000013ea       0x3e obj_atreus/protocol/lufa/LUFA-120730/LUFA/Drivers/USB/Core/AVR8/Endpoint_AVR8.o
                0x00000000000013ea                Endpoint_ClearStatusStage
 .text.Endpoint_WaitUntilReady
                0x0000000000001428       0x64 obj_atreus/protocol/lufa/LUFA-120730/LUFA/Drivers/USB/Core/AVR8/Endpoint_AVR8.o
                0x0000000000001428                Endpoint_WaitUntilReady
 .text.USB_Disable
                0x000000000000148c       0x34 obj_atreus/protocol/lufa/LUFA-120730/LUFA/Drivers/USB/Core/AVR8/USBController_AVR8.o
                0x000000000000148c                USB_Disable
 .text.USB_ResetInterface
                0x00000000000014c0       0xda obj_atreus/protocol/lufa/LUFA-120730/LUFA/Drivers/USB/Core/AVR8/USBController_AVR8.o
                0x00000000000014c0                USB_ResetInterface
 .text.USB_Init
                0x000000000000159a       0x18 obj_atreus/protocol/lufa/LUFA-120730/LUFA/Drivers/USB/Core/AVR8/USBController_AVR8.o
                0x000000000000159a                USB_Init
 .text.USB_INT_DisableAllInterrupts
                0x00000000000015b2       0x10 obj_atreus/protocol/lufa/LUFA-120730/LUFA/Drivers/USB/Core/AVR8/USBInterrupt_AVR8.o
                0x00000000000015b2                USB_INT_DisableAllInterrupts
 .text.USB_INT_ClearAllInterrupts
                0x00000000000015c2        0xa obj_atreus/protocol/lufa/LUFA-120730/LUFA/Drivers/USB/Core/AVR8/USBInterrupt_AVR8.o
                0x00000000000015c2                USB_INT_ClearAllInterrupts
 .text.__vector_10
                0x00000000000015cc      0x1be obj_atreus/protocol/lufa/LUFA-120730/LUFA/Drivers/USB/Core/AVR8/USBInterrupt_AVR8.o
                0x00000000000015cc                __vector_10
 .text.__vector_11
                0x000000000000178a       0x88 obj_atreus/protocol/lufa/LUFA-120730/LUFA/Drivers/USB/Core/AVR8/USBInterrupt_AVR8.o
                0x000000000000178a                __vector_11
 .text.Endpoint_Write_Stream_LE
                0x0000000000001812       0x96 obj_atreus/protocol/lufa/LUFA-120730/LUFA/Drivers/USB/Core/AVR8/EndpointStream_AVR8.o
                0x0000000000001812                Endpoint_Write_Stream_LE
 .text.Endpoint_Write_Control_Stream_LE
                0x00000000000018a8       0xd8 obj_atreus/protocol/lufa/LUFA-120730/LUFA/Drivers/USB/Core/AVR8/EndpointStream_AVR8.o
                0x00000000000018a8                Endpoint_Write_Control_Stream_LE
 .text.Endpoint_Write_Control_PStream_LE
                0x0000000000001980       0xde obj_atreus/protocol/lufa/LUFA-120730/LUFA/Drivers/USB/Core/AVR8/EndpointStream_AVR8.o
                0x0000000000001980                Endpoint_Write_Control_PStream_LE
 .text.USB_Device_ProcessControlRequest
                0x0000000000001a5e      0x2c6 obj_atreus/protocol/lufa/LUFA-120730/LUFA/Drivers/USB/Core/DeviceStandardReq.o
                0x0000000000001a5e                USB_Device_ProcessControlRequest
 .text.host_set_driver
                0x0000000000001d24        0xa obj_atreus/common/host.o
                0x0000000000001d24                host_set_driver
 .text.host_get_driver
                0x0000000000001d2e        0xa obj_atreus/common/host.o
                0x0000000000001d2e                host_get_driver
 .text.host_keyboard_leds
                0x0000000000001d38       0x18 obj_atreus/common/host.o
                0x0000000000001d38                host_keyboard_leds
 .text.host_keyboard_send
                0x0000000000001d50       0x92 obj_atreus/common/host.o
                0x0000000000001d50                host_keyboard_send
 .text.host_system_send
                0x0000000000001de2       0x2c obj_atreus/common/host.o
                0x0000000000001de2                host_system_send
 .text.host_consumer_send
                0x0000000000001e0e       0x2c obj_atreus/common/host.o
                0x0000000000001e0e                host_consumer_send
 .text.keyboard_init
                0x0000000000001e3a        0x8 obj_atreus/common/keyboard.o
                0x0000000000001e3a                keyboard_init
 .text.keyboard_set_leds
                0x0000000000001e42       0x50 obj_atreus/common/keyboard.o
                0x0000000000001e42                keyboard_set_leds
 .text.keyboard_task
                0x0000000000001e92      0x16e obj_atreus/common/keyboard.o
                0x0000000000001e92                keyboard_task
 .text.action_exec
                0x0000000000002000       0x5c obj_atreus/common/action.o
                0x0000000000002000                action_exec
 .text.register_code
                0x000000000000205c      0x13e obj_atreus/common/action.o
                0x000000000000205c                register_code
 .text.unregister_code
                0x000000000000219a       0x50 obj_atreus/common/action.o
                0x000000000000219a                unregister_code
 .text.register_mods
                0x00000000000021ea        0xe obj_atreus/common/action.o
                0x00000000000021ea                register_mods
 .text.unregister_mods
                0x00000000000021f8        0xe obj_atreus/common/action.o
                0x00000000000021f8                unregister_mods
 .text.process_action
                0x0000000000002206      0x53c obj_atreus/common/action.o
                0x0000000000002206                process_action
 .text.clear_keyboard_but_mods
                0x0000000000002742        0xc obj_atreus/common/action.o
                0x0000000000002742                clear_keyboard_but_mods
 .text.clear_keyboard
                0x000000000000274e        0x8 obj_atreus/common/action.o
                0x000000000000274e                clear_keyboard
 .text.is_tap_key
                0x0000000000002756       0x40 obj_atreus/common/action.o
                0x0000000000002756                is_tap_key
 .text.debug_event
                0x0000000000002796       0x1e obj_atreus/common/action.o
                0x0000000000002796                debug_event
 .text.debug_record
                0x00000000000027b4       0x20 obj_atreus/common/action.o
                0x00000000000027b4                debug_record
 .text.debug_waiting_buffer
                0x00000000000027d4       0x42 obj_atreus/common/action_tapping.o
 .text.debug_tapping_key
                0x0000000000002816       0x1c obj_atreus/common/action_tapping.o
 .text.waiting_buffer_scan_tap
                0x0000000000002832       0xb6 obj_atreus/common/action_tapping.o
 .text.process_tapping
                0x00000000000028e8      0x38e obj_atreus/common/action_tapping.o
 .text.action_tapping_process
                0x0000000000002c76      0x148 obj_atreus/common/action_tapping.o
                0x0000000000002c76                action_tapping_process
 .text.action_macro_play
                0x0000000000002dbe       0xf6 obj_atreus/common/action_macro.o
                0x0000000000002dbe                action_macro_play
 .text.default_layer_debug
                0x0000000000002eb4        0x2 obj_atreus/common/action_layer.o
                0x0000000000002eb4                default_layer_debug
 .text.default_layer_set
                0x0000000000002eb6       0x14 obj_atreus/common/action_layer.o
                0x0000000000002eb6                default_layer_set
 .text.default_layer_or
                0x0000000000002eca       0x38 obj_atreus/common/action_layer.o
                0x0000000000002eca                default_layer_or
 .text.default_layer_and
                0x0000000000002f02       0x38 obj_atreus/common/action_layer.o
                0x0000000000002f02                default_layer_and
 .text.default_layer_xor
                0x0000000000002f3a       0x38 obj_atreus/common/action_layer.o
                0x0000000000002f3a                default_layer_xor
 .text.layer_clear
                0x0000000000002f72       0x14 obj_atreus/common/action_layer.o
                0x0000000000002f72                layer_clear
 .text.layer_move
                0x0000000000002f86       0x2a obj_atreus/common/action_layer.o
                0x0000000000002f86                layer_move
 .text.layer_on
                0x0000000000002fb0       0x42 obj_atreus/common/action_layer.o
                0x0000000000002fb0                layer_on
 .text.layer_off
                0x0000000000002ff2       0x4a obj_atreus/common/action_layer.o
                0x0000000000002ff2                layer_off
 .text.layer_invert
                0x000000000000303c       0x42 obj_atreus/common/action_layer.o
                0x000000000000303c                layer_invert
 .text.layer_or
                0x000000000000307e       0x38 obj_atreus/common/action_layer.o
                0x000000000000307e                layer_or
 .text.layer_and
                0x00000000000030b6       0x38 obj_atreus/common/action_layer.o
                0x00000000000030b6                layer_and
 .text.layer_xor
                0x00000000000030ee       0x38 obj_atreus/common/action_layer.o
                0x00000000000030ee                layer_xor
 .text.layer_debug
                0x0000000000003126        0x2 obj_atreus/common/action_layer.o
                0x0000000000003126                layer_debug
 .text.layer_switch_get_action
                0x0000000000003128       0x82 obj_atreus/common/action_layer.o
                0x0000000000003128                layer_switch_get_action
 .text.add_key  0x00000000000031aa       0x98 obj_atreus/common/action_util.o
                0x00000000000031aa                add_key
 .text.del_key  0x0000000000003242       0x82 obj_atreus/common/action_util.o
                0x0000000000003242                del_key
 .text.clear_keys
                0x00000000000032c4       0x1c obj_atreus/common/action_util.o
                0x00000000000032c4                clear_keys
 .text.add_mods
                0x00000000000032e0        0xc obj_atreus/common/action_util.o
                0x00000000000032e0                add_mods
 .text.del_mods
                0x00000000000032ec        0xe obj_atreus/common/action_util.o
                0x00000000000032ec                del_mods
 .text.clear_mods
                0x00000000000032fa        0x6 obj_atreus/common/action_util.o
                0x00000000000032fa                clear_mods
 .text.add_weak_mods
                0x0000000000003300        0xc obj_atreus/common/action_util.o
                0x0000000000003300                add_weak_mods
 .text.del_weak_mods
                0x000000000000330c        0xe obj_atreus/common/action_util.o
                0x000000000000330c                del_weak_mods
 .text.clear_weak_mods
                0x000000000000331a        0x6 obj_atreus/common/action_util.o
                0x000000000000331a                clear_weak_mods
 .text.set_oneshot_mods
                0x0000000000003320        0x6 obj_atreus/common/action_util.o
                0x0000000000003320                set_oneshot_mods
 .text.clear_oneshot_mods
                0x0000000000003326        0x6 obj_atreus/common/action_util.o
                0x0000000000003326                clear_oneshot_mods
 .text.has_anykey
                0x000000000000332c       0x22 obj_atreus/common/action_util.o
                0x000000000000332c                has_anykey
 .text.send_keyboard_report
                0x000000000000334e       0x4c obj_atreus/common/action_util.o
                0x000000000000334e                send_keyboard_report
 .text.action_for_key
                0x000000000000339a       0x1c obj_atreus/common/keymap.o
                0x000000000000339a                action_for_key
 .text.action_get_macro
                0x00000000000033b6        0x6 obj_atreus/common/keymap.o
                0x00000000000033b6                action_get_macro
 .text.timer_init
                0x00000000000033bc       0x12 obj_atreus/common/timer.o
                0x00000000000033bc                timer_init
 .text.timer_read
                0x00000000000033ce       0x18 obj_atreus/common/timer.o
                0x00000000000033ce                timer_read
 .text.__vector_21
                0x00000000000033e6       0x4a obj_atreus/common/timer.o
                0x00000000000033e6                __vector_21
 .text.print_set_sendchar
                0x0000000000003430        0xa obj_atreus/common/print.o
                0x0000000000003430                print_set_sendchar
 .text.bootloader_jump
                0x000000000000343a       0x44 obj_atreus/common/bootloader.o
                0x000000000000343a                bootloader_jump
 .text.suspend_power_down
                0x000000000000347e        0x2 obj_atreus/common/suspend.o
                0x000000000000347e                suspend_power_down
 .text.suspend_wakeup_condition
                0x0000000000003480       0x22 obj_atreus/common/suspend.o
                0x0000000000003480                suspend_wakeup_condition
 .text.suspend_wakeup_init
                0x00000000000034a2        0x4 obj_atreus/common/suspend.o
                0x00000000000034a2                suspend_wakeup_init
 .text.biton32  0x00000000000034a6       0xa0 obj_atreus/common/util.o
                0x00000000000034a6                biton32
 .text.bitrev   0x0000000000003546       0x2c obj_atreus/common/util.o
                0x0000000000003546                bitrev
 .text.bitrev16
                0x0000000000003572       0x34 obj_atreus/common/util.o
                0x0000000000003572                bitrev16
 .text.switch_default_layer
                0x00000000000035a6       0x84 obj_atreus/common/command.o
 .text.command_extra
                0x000000000000362a        0x4 obj_atreus/common/command.o
                0x000000000000362a                command_extra
 .text.command_proc
                0x000000000000362e      0x392 obj_atreus/common/command.o
                0x000000000000362e                command_proc
 .text.libgcc   0x00000000000039c0        0xc /usr/lib/gcc/avr/4.9.2/avr5/libgcc.a(_tablejump2.o)
                0x00000000000039c0                __tablejump2__
                0x00000000000039cc                . = ALIGN (0x2)
 *(.fini9)
 .fini9         0x00000000000039cc        0x0 /usr/lib/gcc/avr/4.9.2/avr5/libgcc.a(_exit.o)
                0x00000000000039cc                exit
                0x00000000000039cc                _exit
 *(.fini9)
 *(.fini8)
 *(.fini8)
 *(.fini7)
 *(.fini7)
 *(.fini6)
 *(.fini6)
 *(.fini5)
 *(.fini5)
 *(.fini4)
 *(.fini4)
 *(.fini3)
 *(.fini3)
 *(.fini2)
 *(.fini2)
 *(.fini1)
 *(.fini1)
 *(.fini0)
 .fini0         0x00000000000039cc        0x4 /usr/lib/gcc/avr/4.9.2/avr5/libgcc.a(_exit.o)
 *(.fini0)
                0x00000000000039d0                _etext = .

.data           0x0000000000800100       0x26 load address 0x00000000000039d0
                0x0000000000800100                PROVIDE (__data_start, .)
 *(.data)
 .data          0x0000000000800100        0x9 obj_atreus/matrix.o
                0x0000000000800100                rows
 .data          0x0000000000800109        0xb obj_atreus/protocol/lufa/lufa.o
                0x0000000000800109                lufa_driver
 .data          0x0000000000800114        0x1 obj_atreus/protocol/lufa/LUFA-120730/LUFA/Drivers/USB/Core/AVR8/Endpoint_AVR8.o
                0x0000000000800114                USB_Device_ControlEndpointSize
 .data          0x0000000000800115        0x2 obj_atreus/common/action_util.o
                0x0000000000800115                keyboard_report
 *(.data*)
 *(.rodata)
 .rodata        0x0000000000800117        0xf obj_atreus/protocol/lufa/descriptor.o
 *(.rodata*)
 *(.gnu.linkonce.d*)
                0x0000000000800126                . = ALIGN (0x2)
                0x0000000000800126                _edata = .
                0x0000000000800126                PROVIDE (__data_end, .)

.bss            0x0000000000800126       0x9d
                0x0000000000800126                PROVIDE (__bss_start, .)
 *(.bss)
 .bss           0x0000000000800126       0x10 obj_atreus/matrix.o
 .bss           0x0000000000800136       0x13 obj_atreus/protocol/lufa/lufa.o
 .bss           0x0000000000800149        0x7 obj_atreus/common/host.o
                0x0000000000800149                keyboard_nkro
 .bss           0x0000000000800150        0x9 obj_atreus/common/keyboard.o
 .bss           0x0000000000800159       0x38 obj_atreus/common/action_tapping.o
 .bss           0x0000000000800191        0x8 obj_atreus/common/action_layer.o
                0x0000000000800191                layer_state
                0x0000000000800195                default_layer_state
 .bss           0x0000000000800199       0x13 obj_atreus/common/action_util.o
 .bss           0x00000000008001ac        0x4 obj_atreus/common/timer.o
                0x00000000008001ac                timer_count
 .bss           0x00000000008001b0        0x2 obj_atreus/common/xprintf.o
                0x00000000008001b0                xfunc_out
 .bss           0x00000000008001b2        0x3 obj_atreus/common/command.o
 *(.bss*)
 *(COMMON)
 COMMON         0x00000000008001b5        0x1 obj_atreus/keymap_qwertyPD.o
                0x00000000008001b5                debug_config
 COMMON         0x00000000008001b6        0x3 obj_atreus/protocol/lufa/LUFA-120730/LUFA/Drivers/USB/Core/DeviceStandardReq.o
                0x00000000008001b6                USB_Device_ConfigurationNumber
                0x00000000008001b7                USB_Device_CurrentlySelfPowered
                0x00000000008001b8                USB_Device_RemoteWakeupEnabled
 COMMON         0x00000000008001b9        0xa obj_atreus/protocol/lufa/LUFA-120730/LUFA/Drivers/USB/Core/USBTask.o
                0x00000000008001b9                USB_IsInitialized
                0x00000000008001ba                USB_DeviceState
                0x00000000008001bb                USB_ControlRequest
                0x00000000008001c3                PROVIDE (__bss_end, .)
                0x00000000000039d0                __data_load_start = LOADADDR (.data)
                0x00000000000039f6                __data_load_end = (__data_load_start + SIZEOF (.data))

.noinit         0x00000000008001c3        0x4
                0x00000000008001c3                PROVIDE (__noinit_start, .)
 *(.noinit*)
 .noinit        0x00000000008001c3        0x4 obj_atreus/common/bootloader.o
                0x00000000008001c3                reset_key
                0x00000000008001c7                PROVIDE (__noinit_end, .)
                0x00000000008001c7                _end = .
                0x00000000008001c7                PROVIDE (__heap_start, .)

.eeprom         0x0000000000810000        0x0
 *(.eeprom*)
                0x0000000000810000                __eeprom_end = .

.fuse
 *(.fuse)
 *(.lfuse)
 *(.hfuse)
 *(.efuse)

.lock
 *(.lock*)

.signature
 *(.signature*)

.user_signatures
 *(.user_signatures*)

.stab           0x0000000000000000      0x8b8
 *(.stab)
 .stab          0x0000000000000000      0x8b8 obj_atreus/common/xprintf.o

.stabstr        0x0000000000000000       0x66
 *(.stabstr)
 .stabstr       0x0000000000000000       0x66 obj_atreus/common/xprintf.o

.stab.excl
 *(.stab.excl)

.stab.exclstr
 *(.stab.exclstr)

.stab.index
 *(.stab.index)

.stab.indexstr
 *(.stab.indexstr)

.comment        0x0000000000000000       0x11
 *(.comment)
 .comment       0x0000000000000000       0x11 obj_atreus/keymap_qwertyPD.o
                                         0x12 (size before relaxing)
 .comment       0x0000000000000011       0x12 obj_atreus/keymap_common.o
 .comment       0x0000000000000011       0x12 obj_atreus/matrix.o
 .comment       0x0000000000000011       0x12 obj_atreus/led.o
 .comment       0x0000000000000011       0x12 obj_atreus/protocol/lufa/lufa.o
 .comment       0x0000000000000011       0x12 obj_atreus/protocol/lufa/descriptor.o
 .comment       0x0000000000000011       0x12 obj_atreus/protocol/lufa/LUFA-120730/LUFA/Drivers/USB/Core/AVR8/Device_AVR8.o
 .comment       0x0000000000000011       0x12 obj_atreus/protocol/lufa/LUFA-120730/LUFA/Drivers/USB/Core/AVR8/Endpoint_AVR8.o
 .comment       0x0000000000000011       0x12 obj_atreus/protocol/lufa/LUFA-120730/LUFA/Drivers/USB/Core/AVR8/USBController_AVR8.o
 .comment       0x0000000000000011       0x12 obj_atreus/protocol/lufa/LUFA-120730/LUFA/Drivers/USB/Core/AVR8/USBInterrupt_AVR8.o
 .comment       0x0000000000000011       0x12 obj_atreus/protocol/lufa/LUFA-120730/LUFA/Drivers/USB/Core/AVR8/EndpointStream_AVR8.o
 .comment       0x0000000000000011       0x12 obj_atreus/protocol/lufa/LUFA-120730/LUFA/Drivers/USB/Core/DeviceStandardReq.o
 .comment       0x0000000000000011       0x12 obj_atreus/protocol/lufa/LUFA-120730/LUFA/Drivers/USB/Core/USBTask.o
 .comment       0x0000000000000011       0x12 obj_atreus/common/host.o
 .comment       0x0000000000000011       0x12 obj_atreus/common/keyboard.o
 .comment       0x0000000000000011       0x12 obj_atreus/common/action.o
 .comment       0x0000000000000011       0x12 obj_atreus/common/action_tapping.o
 .comment       0x0000000000000011       0x12 obj_atreus/common/action_macro.o
 .comment       0x0000000000000011       0x12 obj_atreus/common/action_layer.o
 .comment       0x0000000000000011       0x12 obj_atreus/common/action_util.o
 .comment       0x0000000000000011       0x12 obj_atreus/common/keymap.o
 .comment       0x0000000000000011       0x12 obj_atreus/common/timer.o
 .comment       0x0000000000000011       0x12 obj_atreus/common/print.o
 .comment       0x0000000000000011       0x12 obj_atreus/common/bootloader.o
 .comment       0x0000000000000011       0x12 obj_atreus/common/suspend.o
 .comment       0x0000000000000011       0x12 obj_atreus/common/util.o
 .comment       0x0000000000000011       0x12 obj_atreus/common/command.o

.note.gnu.avr.deviceinfo
                0x0000000000000000       0x40
 .note.gnu.avr.deviceinfo
                0x0000000000000000       0x40 /usr/lib/gcc/avr/4.9.2/../../../avr/lib/avr5/crtatmega32u4.o

.note.gnu.build-id
 *(.note.gnu.build-id)

.debug
 *(.debug)

.line
 *(.line)

.debug_srcinfo
 *(.debug_srcinfo)

.debug_sfnames
 *(.debug_sfnames)

.debug_aranges  0x0000000000000000      0x7a0
 *(.debug_aranges)
 .debug_aranges
                0x0000000000000000       0x20 obj_atreus/keymap_qwertyPD.o
 .debug_aranges
                0x0000000000000020       0x30 obj_atreus/keymap_common.o
 .debug_aranges
                0x0000000000000050       0x68 obj_atreus/matrix.o
 .debug_aranges
                0x00000000000000b8       0x20 obj_atreus/led.o
 .debug_aranges
                0x00000000000000d8       0x90 obj_atreus/protocol/lufa/lufa.o
 .debug_aranges
                0x0000000000000168       0x20 obj_atreus/protocol/lufa/descriptor.o
 .debug_aranges
                0x0000000000000188       0x20 obj_atreus/protocol/lufa/LUFA-120730/LUFA/Drivers/USB/Core/AVR8/Device_AVR8.o
 .debug_aranges
                0x00000000000001a8       0x40 obj_atreus/protocol/lufa/LUFA-120730/LUFA/Drivers/USB/Core/AVR8/Endpoint_AVR8.o
 .debug_aranges
                0x00000000000001e8       0x30 obj_atreus/protocol/lufa/LUFA-120730/LUFA/Drivers/USB/Core/AVR8/USBController_AVR8.o
 .debug_aranges
                0x0000000000000218       0x38 obj_atreus/protocol/lufa/LUFA-120730/LUFA/Drivers/USB/Core/AVR8/USBInterrupt_AVR8.o
 .debug_aranges
                0x0000000000000250       0xc8 obj_atreus/protocol/lufa/LUFA-120730/LUFA/Drivers/USB/Core/AVR8/EndpointStream_AVR8.o
 .debug_aranges
                0x0000000000000318       0x20 obj_atreus/protocol/lufa/LUFA-120730/LUFA/Drivers/USB/Core/DeviceStandardReq.o
 .debug_aranges
                0x0000000000000338       0x20 obj_atreus/protocol/lufa/LUFA-120730/LUFA/Drivers/USB/Core/USBTask.o
 .debug_aranges
                0x0000000000000358       0x60 obj_atreus/common/host.o
 .debug_aranges
                0x00000000000003b8       0x30 obj_atreus/common/keyboard.o
 .debug_aranges
                0x00000000000003e8       0x78 obj_atreus/common/action.o
 .debug_aranges
                0x0000000000000460       0x40 obj_atreus/common/action_tapping.o
 .debug_aranges
                0x00000000000004a0       0x20 obj_atreus/common/action_macro.o
 .debug_aranges
                0x00000000000004c0       0x90 obj_atreus/common/action_layer.o
 .debug_aranges
                0x0000000000000550       0xb0 obj_atreus/common/action_util.o
 .debug_aranges
                0x0000000000000600       0x30 obj_atreus/common/keymap.o
 .debug_aranges
                0x0000000000000630       0x50 obj_atreus/common/timer.o
 .debug_aranges
                0x0000000000000680       0x38 obj_atreus/common/print.o
 .debug_aranges
                0x00000000000006b8       0x28 obj_atreus/common/bootloader.o
 .debug_aranges
                0x00000000000006e0       0x30 obj_atreus/common/suspend.o
 .debug_aranges
                0x0000000000000710       0x60 obj_atreus/common/util.o
 .debug_aranges
                0x0000000000000770       0x30 obj_atreus/common/command.o

.debug_pubnames
 *(.debug_pubnames)

.debug_info     0x0000000000000000     0xda6e
 *(.debug_info .gnu.linkonce.wi.*)
 .debug_info    0x0000000000000000      0xa7a obj_atreus/keymap_qwertyPD.o
 .debug_info    0x0000000000000a7a      0x7f3 obj_atreus/keymap_common.o
 .debug_info    0x000000000000126d      0x582 obj_atreus/matrix.o
 .debug_info    0x00000000000017ef       0x91 obj_atreus/led.o
 .debug_info    0x0000000000001880     0x117d obj_atreus/protocol/lufa/lufa.o
 .debug_info    0x00000000000029fd      0x771 obj_atreus/protocol/lufa/descriptor.o
 .debug_info    0x000000000000316e       0xd2 obj_atreus/protocol/lufa/LUFA-120730/LUFA/Drivers/USB/Core/AVR8/Device_AVR8.o
 .debug_info    0x0000000000003240      0x626 obj_atreus/protocol/lufa/LUFA-120730/LUFA/Drivers/USB/Core/AVR8/Endpoint_AVR8.o
 .debug_info    0x0000000000003866      0x718 obj_atreus/protocol/lufa/LUFA-120730/LUFA/Drivers/USB/Core/AVR8/USBController_AVR8.o
 .debug_info    0x0000000000003f7e      0x80a obj_atreus/protocol/lufa/LUFA-120730/LUFA/Drivers/USB/Core/AVR8/USBInterrupt_AVR8.o
 .debug_info    0x0000000000004788     0x1784 obj_atreus/protocol/lufa/LUFA-120730/LUFA/Drivers/USB/Core/AVR8/EndpointStream_AVR8.o
 .debug_info    0x0000000000005f0c      0xc08 obj_atreus/protocol/lufa/LUFA-120730/LUFA/Drivers/USB/Core/DeviceStandardReq.o
 .debug_info    0x0000000000006b14      0x26d obj_atreus/protocol/lufa/LUFA-120730/LUFA/Drivers/USB/Core/USBTask.o
 .debug_info    0x0000000000006d81      0x54b obj_atreus/common/host.o
 .debug_info    0x00000000000072cc      0x41d obj_atreus/common/keyboard.o
 .debug_info    0x00000000000076e9     0x14d7 obj_atreus/common/action.o
 .debug_info    0x0000000000008bc0      0xe74 obj_atreus/common/action_tapping.o
 .debug_info    0x0000000000009a34      0x8bb obj_atreus/common/action_macro.o
 .debug_info    0x000000000000a2ef      0x895 obj_atreus/common/action_layer.o
 .debug_info    0x000000000000ab84      0x70e obj_atreus/common/action_util.o
 .debug_info    0x000000000000b292      0x80b obj_atreus/common/keymap.o
 .debug_info    0x000000000000ba9d      0x204 obj_atreus/common/timer.o
 .debug_info    0x000000000000bca1      0x1bd obj_atreus/common/print.o
 .debug_info    0x000000000000be5e      0x204 obj_atreus/common/bootloader.o
 .debug_info    0x000000000000c062      0x144 obj_atreus/common/suspend.o
 .debug_info    0x000000000000c1a6      0x29b obj_atreus/common/util.o
 .debug_info    0x000000000000c441     0x162d obj_atreus/common/command.o

.debug_abbrev   0x0000000000000000     0x364a
 *(.debug_abbrev)
 .debug_abbrev  0x0000000000000000      0x163 obj_atreus/keymap_qwertyPD.o
 .debug_abbrev  0x0000000000000163      0x26f obj_atreus/keymap_common.o
 .debug_abbrev  0x00000000000003d2      0x2f9 obj_atreus/matrix.o
 .debug_abbrev  0x00000000000006cb       0x60 obj_atreus/led.o
 .debug_abbrev  0x000000000000072b      0x497 obj_atreus/protocol/lufa/lufa.o
 .debug_abbrev  0x0000000000000bc2      0x177 obj_atreus/protocol/lufa/descriptor.o
 .debug_abbrev  0x0000000000000d39       0x80 obj_atreus/protocol/lufa/LUFA-120730/LUFA/Drivers/USB/Core/AVR8/Device_AVR8.o
 .debug_abbrev  0x0000000000000db9      0x224 obj_atreus/protocol/lufa/LUFA-120730/LUFA/Drivers/USB/Core/AVR8/Endpoint_AVR8.o
 .debug_abbrev  0x0000000000000fdd      0x236 obj_atreus/protocol/lufa/LUFA-120730/LUFA/Drivers/USB/Core/AVR8/USBController_AVR8.o
 .debug_abbrev  0x0000000000001213      0x24f obj_atreus/protocol/lufa/LUFA-120730/LUFA/Drivers/USB/Core/AVR8/USBInterrupt_AVR8.o
 .debug_abbrev  0x0000000000001462      0x215 obj_atreus/protocol/lufa/LUFA-120730/LUFA/Drivers/USB/Core/AVR8/EndpointStream_AVR8.o
 .debug_abbrev  0x0000000000001677      0x2c9 obj_atreus/protocol/lufa/LUFA-120730/LUFA/Drivers/USB/Core/DeviceStandardReq.o
 .debug_abbrev  0x0000000000001940      0x16d obj_atreus/protocol/lufa/LUFA-120730/LUFA/Drivers/USB/Core/USBTask.o
 .debug_abbrev  0x0000000000001aad      0x229 obj_atreus/common/host.o
 .debug_abbrev  0x0000000000001cd6      0x203 obj_atreus/common/keyboard.o
 .debug_abbrev  0x0000000000001ed9      0x2d1 obj_atreus/common/action.o
 .debug_abbrev  0x00000000000021aa      0x2ef obj_atreus/common/action_tapping.o
 .debug_abbrev  0x0000000000002499      0x1e6 obj_atreus/common/action_macro.o
 .debug_abbrev  0x000000000000267f      0x21a obj_atreus/common/action_layer.o
 .debug_abbrev  0x0000000000002899      0x2f1 obj_atreus/common/action_util.o
 .debug_abbrev  0x0000000000002b8a      0x20a obj_atreus/common/keymap.o
 .debug_abbrev  0x0000000000002d94      0x11e obj_atreus/common/timer.o
 .debug_abbrev  0x0000000000002eb2      0x119 obj_atreus/common/print.o
 .debug_abbrev  0x0000000000002fcb      0x15c obj_atreus/common/bootloader.o
 .debug_abbrev  0x0000000000003127      0x10f obj_atreus/common/suspend.o
 .debug_abbrev  0x0000000000003236       0xcb obj_atreus/common/util.o
 .debug_abbrev  0x0000000000003301      0x349 obj_atreus/common/command.o

.debug_line     0x0000000000000000     0x4181
 *(.debug_line .debug_line.* .debug_line_end)
 .debug_line    0x0000000000000000      0x10e obj_atreus/keymap_qwertyPD.o
 .debug_line    0x000000000000010e      0x16e obj_atreus/keymap_common.o
 .debug_line    0x000000000000027c      0x203 obj_atreus/matrix.o
 .debug_line    0x000000000000047f       0x57 obj_atreus/led.o
 .debug_line    0x00000000000004d6      0x651 obj_atreus/protocol/lufa/lufa.o
 .debug_line    0x0000000000000b27      0x1b1 obj_atreus/protocol/lufa/descriptor.o
 .debug_line    0x0000000000000cd8      0x11c obj_atreus/protocol/lufa/LUFA-120730/LUFA/Drivers/USB/Core/AVR8/Device_AVR8.o
 .debug_line    0x0000000000000df4      0x3c7 obj_atreus/protocol/lufa/LUFA-120730/LUFA/Drivers/USB/Core/AVR8/Endpoint_AVR8.o
 .debug_line    0x00000000000011bb      0x2a9 obj_atreus/protocol/lufa/LUFA-120730/LUFA/Drivers/USB/Core/AVR8/USBController_AVR8.o
 .debug_line    0x0000000000001464      0x4ae obj_atreus/protocol/lufa/LUFA-120730/LUFA/Drivers/USB/Core/AVR8/USBInterrupt_AVR8.o
 .debug_line    0x0000000000001912      0xb1f obj_atreus/protocol/lufa/LUFA-120730/LUFA/Drivers/USB/Core/AVR8/EndpointStream_AVR8.o
 .debug_line    0x0000000000002431      0x390 obj_atreus/protocol/lufa/LUFA-120730/LUFA/Drivers/USB/Core/DeviceStandardReq.o
 .debug_line    0x00000000000027c1      0x181 obj_atreus/protocol/lufa/LUFA-120730/LUFA/Drivers/USB/Core/USBTask.o
 .debug_line    0x0000000000002942      0x1a3 obj_atreus/common/host.o
 .debug_line    0x0000000000002ae5      0x183 obj_atreus/common/keyboard.o
 .debug_line    0x0000000000002c68      0x415 obj_atreus/common/action.o
 .debug_line    0x000000000000307d      0x297 obj_atreus/common/action_tapping.o
 .debug_line    0x0000000000003314      0x15d obj_atreus/common/action_macro.o
 .debug_line    0x0000000000003471      0x1e5 obj_atreus/common/action_layer.o
 .debug_line    0x0000000000003656      0x268 obj_atreus/common/action_util.o
 .debug_line    0x00000000000038be      0x132 obj_atreus/common/keymap.o
 .debug_line    0x00000000000039f0       0xfe obj_atreus/common/timer.o
 .debug_line    0x0000000000003aee       0xad obj_atreus/common/print.o
 .debug_line    0x0000000000003b9b      0x188 obj_atreus/common/bootloader.o
 .debug_line    0x0000000000003d23       0xa5 obj_atreus/common/suspend.o
 .debug_line    0x0000000000003dc8      0x170 obj_atreus/common/util.o
 .debug_line    0x0000000000003f38      0x249 obj_atreus/common/command.o

.debug_frame    0x0000000000000000     0x1498
 *(.debug_frame)
 .debug_frame   0x0000000000000000       0x24 obj_atreus/keymap_qwertyPD.o
 .debug_frame   0x0000000000000024       0x44 obj_atreus/keymap_common.o
 .debug_frame   0x0000000000000068      0x15c obj_atreus/matrix.o
 .debug_frame   0x00000000000001c4       0x24 obj_atreus/led.o
 .debug_frame   0x00000000000001e8      0x138 obj_atreus/protocol/lufa/lufa.o
 .debug_frame   0x0000000000000320       0x24 obj_atreus/protocol/lufa/descriptor.o
 .debug_frame   0x0000000000000344       0x24 obj_atreus/protocol/lufa/LUFA-120730/LUFA/Drivers/USB/Core/AVR8/Device_AVR8.o
 .debug_frame   0x0000000000000368       0x88 obj_atreus/protocol/lufa/LUFA-120730/LUFA/Drivers/USB/Core/AVR8/Endpoint_AVR8.o
 .debug_frame   0x00000000000003f0       0x58 obj_atreus/protocol/lufa/LUFA-120730/LUFA/Drivers/USB/Core/AVR8/USBController_AVR8.o
 .debug_frame   0x0000000000000448      0x108 obj_atreus/protocol/lufa/LUFA-120730/LUFA/Drivers/USB/Core/AVR8/USBInterrupt_AVR8.o
 .debug_frame   0x0000000000000550      0x42c obj_atreus/protocol/lufa/LUFA-120730/LUFA/Drivers/USB/Core/AVR8/EndpointStream_AVR8.o
 .debug_frame   0x000000000000097c       0x44 obj_atreus/protocol/lufa/LUFA-120730/LUFA/Drivers/USB/Core/DeviceStandardReq.o
 .debug_frame   0x00000000000009c0       0x2c obj_atreus/protocol/lufa/LUFA-120730/LUFA/Drivers/USB/Core/USBTask.o
 .debug_frame   0x00000000000009ec       0xd8 obj_atreus/common/host.o
 .debug_frame   0x0000000000000ac4       0xbc obj_atreus/common/keyboard.o
 .debug_frame   0x0000000000000b80      0x150 obj_atreus/common/action.o
 .debug_frame   0x0000000000000cd0       0xc8 obj_atreus/common/action_tapping.o
 .debug_frame   0x0000000000000d98       0x48 obj_atreus/common/action_macro.o
 .debug_frame   0x0000000000000de0      0x17c obj_atreus/common/action_layer.o
 .debug_frame   0x0000000000000f5c      0x170 obj_atreus/common/action_util.o
 .debug_frame   0x00000000000010cc       0x44 obj_atreus/common/keymap.o
 .debug_frame   0x0000000000001110       0xf0 obj_atreus/common/timer.o
 .debug_frame   0x0000000000001200       0x68 obj_atreus/common/print.o
 .debug_frame   0x0000000000001268       0x34 obj_atreus/common/bootloader.o
 .debug_frame   0x000000000000129c       0x4c obj_atreus/common/suspend.o
 .debug_frame   0x00000000000012e8      0x11c obj_atreus/common/util.o
 .debug_frame   0x0000000000001404       0x94 obj_atreus/common/command.o

.debug_str      0x0000000000000000     0x3b14
 *(.debug_str)
 .debug_str     0x0000000000000000      0xcb7 obj_atreus/keymap_qwertyPD.o
                                        0xd19 (size before relaxing)
 .debug_str     0x0000000000000cb7      0x151 obj_atreus/keymap_common.o
                                        0x6cf (size before relaxing)
 .debug_str     0x0000000000000e08       0xf4 obj_atreus/matrix.o
                                        0x334 (size before relaxing)
 .debug_str     0x0000000000000efc       0x16 obj_atreus/led.o
                                        0x18b (size before relaxing)
 .debug_str     0x0000000000000f12      0x7cd obj_atreus/protocol/lufa/lufa.o
                                        0xa20 (size before relaxing)
 .debug_str     0x00000000000016df      0x735 obj_atreus/protocol/lufa/descriptor.o
                                        0x94b (size before relaxing)
 .debug_str     0x0000000000001e14       0x75 obj_atreus/protocol/lufa/LUFA-120730/LUFA/Drivers/USB/Core/AVR8/Device_AVR8.o
                                        0x215 (size before relaxing)
 .debug_str     0x0000000000001e89      0x255 obj_atreus/protocol/lufa/LUFA-120730/LUFA/Drivers/USB/Core/AVR8/Endpoint_AVR8.o
                                        0x656 (size before relaxing)
 .debug_str     0x00000000000020de      0x1fd obj_atreus/protocol/lufa/LUFA-120730/LUFA/Drivers/USB/Core/AVR8/USBController_AVR8.o
                                        0x78b (size before relaxing)
 .debug_str     0x00000000000022db      0x123 obj_atreus/protocol/lufa/LUFA-120730/LUFA/Drivers/USB/Core/AVR8/USBInterrupt_AVR8.o
                                        0x614 (size before relaxing)
 .debug_str     0x00000000000023fe      0x4cb obj_atreus/protocol/lufa/LUFA-120730/LUFA/Drivers/USB/Core/AVR8/EndpointStream_AVR8.o
                                        0x896 (size before relaxing)
 .debug_str     0x00000000000028c9      0x44c obj_atreus/protocol/lufa/LUFA-120730/LUFA/Drivers/USB/Core/DeviceStandardReq.o
                                        0xaf0 (size before relaxing)
 .debug_str     0x0000000000002d15       0x68 obj_atreus/protocol/lufa/LUFA-120730/LUFA/Drivers/USB/Core/USBTask.o
                                        0x39c (size before relaxing)
 .debug_str     0x0000000000002d7d       0xc4 obj_atreus/common/host.o
                                        0x38c (size before relaxing)
 .debug_str     0x0000000000002e41       0x8c obj_atreus/common/keyboard.o
                                        0x31b (size before relaxing)
 .debug_str     0x0000000000002ecd      0x2f5 obj_atreus/common/action.o
                                       0x10d7 (size before relaxing)
 .debug_str     0x00000000000031c2       0xe3 obj_atreus/common/action_tapping.o
                                        0xb1d (size before relaxing)
 .debug_str     0x00000000000032a5       0x53 obj_atreus/common/action_macro.o
                                        0x8b3 (size before relaxing)
 .debug_str     0x00000000000032f8       0x70 obj_atreus/common/action_layer.o
                                        0x431 (size before relaxing)
 .debug_str     0x0000000000003368       0xf8 obj_atreus/common/action_util.o
                                        0x3f4 (size before relaxing)
 .debug_str     0x0000000000003460       0x16 obj_atreus/common/keymap.o
                                        0x6cb (size before relaxing)
 .debug_str     0x0000000000003476       0x6e obj_atreus/common/timer.o
                                        0x20b (size before relaxing)
 .debug_str     0x00000000000034e4       0x4f obj_atreus/common/print.o
                                        0x1e3 (size before relaxing)
 .debug_str     0x0000000000003533       0x5a obj_atreus/common/bootloader.o
                                        0x278 (size before relaxing)
 .debug_str     0x000000000000358d       0x17 obj_atreus/common/suspend.o
                                        0x212 (size before relaxing)
 .debug_str     0x00000000000035a4       0x46 obj_atreus/common/util.o
                                        0x1e8 (size before relaxing)
 .debug_str     0x00000000000035ea      0x52a obj_atreus/common/command.o
                                        0xe91 (size before relaxing)

.debug_loc      0x0000000000000000     0x6648
 *(.debug_loc)
 .debug_loc     0x0000000000000000       0x8e obj_atreus/keymap_qwertyPD.o
 .debug_loc     0x000000000000008e       0x42 obj_atreus/keymap_common.o
 .debug_loc     0x00000000000000d0      0x37a obj_atreus/matrix.o
 .debug_loc     0x000000000000044a      0x3f4 obj_atreus/protocol/lufa/lufa.o
 .debug_loc     0x000000000000083e      0x20a obj_atreus/protocol/lufa/descriptor.o
 .debug_loc     0x0000000000000a48      0x3df obj_atreus/protocol/lufa/LUFA-120730/LUFA/Drivers/USB/Core/AVR8/Endpoint_AVR8.o
 .debug_loc     0x0000000000000e27       0xf0 obj_atreus/protocol/lufa/LUFA-120730/LUFA/Drivers/USB/Core/AVR8/USBController_AVR8.o
 .debug_loc     0x0000000000000f17      0x3aa obj_atreus/protocol/lufa/LUFA-120730/LUFA/Drivers/USB/Core/AVR8/USBInterrupt_AVR8.o
 .debug_loc     0x00000000000012c1     0x1eac obj_atreus/protocol/lufa/LUFA-120730/LUFA/Drivers/USB/Core/AVR8/EndpointStream_AVR8.o
 .debug_loc     0x000000000000316d      0x373 obj_atreus/protocol/lufa/LUFA-120730/LUFA/Drivers/USB/Core/DeviceStandardReq.o
 .debug_loc     0x00000000000034e0       0x49 obj_atreus/protocol/lufa/LUFA-120730/LUFA/Drivers/USB/Core/USBTask.o
 .debug_loc     0x0000000000003529      0x1c2 obj_atreus/common/host.o
 .debug_loc     0x00000000000036eb      0x26b obj_atreus/common/keyboard.o
 .debug_loc     0x0000000000003956      0xc49 obj_atreus/common/action.o
 .debug_loc     0x000000000000459f      0x63d obj_atreus/common/action_tapping.o
 .debug_loc     0x0000000000004bdc      0x4ec obj_atreus/common/action_macro.o
 .debug_loc     0x00000000000050c8      0x695 obj_atreus/common/action_layer.o
 .debug_loc     0x000000000000575d      0x3fd obj_atreus/common/action_util.o
 .debug_loc     0x0000000000005b5a       0x87 obj_atreus/common/keymap.o
 .debug_loc     0x0000000000005be1      0x20a obj_atreus/common/timer.o
 .debug_loc     0x0000000000005deb       0xbc obj_atreus/common/print.o
 .debug_loc     0x0000000000005ea7       0x41 obj_atreus/common/suspend.o
 .debug_loc     0x0000000000005ee8      0x524 obj_atreus/common/util.o
 .debug_loc     0x000000000000640c      0x23c obj_atreus/common/command.o

.debug_macinfo
 *(.debug_macinfo)

.debug_weaknames
 *(.debug_weaknames)

.debug_funcnames
 *(.debug_funcnames)

.debug_typenames
 *(.debug_typenames)

.debug_varnames
 *(.debug_varnames)

.debug_pubtypes
 *(.debug_pubtypes)

.debug_ranges   0x0000000000000000      0x9b8
 *(.debug_ranges)
 .debug_ranges  0x0000000000000000       0x10 obj_atreus/keymap_qwertyPD.o
 .debug_ranges  0x0000000000000010       0x20 obj_atreus/keymap_common.o
 .debug_ranges  0x0000000000000030       0x70 obj_atreus/matrix.o
 .debug_ranges  0x00000000000000a0       0x10 obj_atreus/led.o
 .debug_ranges  0x00000000000000b0       0x80 obj_atreus/protocol/lufa/lufa.o
 .debug_ranges  0x0000000000000130       0x10 obj_atreus/protocol/lufa/descriptor.o
 .debug_ranges  0x0000000000000140       0x10 obj_atreus/protocol/lufa/LUFA-120730/LUFA/Drivers/USB/Core/AVR8/Device_AVR8.o
 .debug_ranges  0x0000000000000150       0x78 obj_atreus/protocol/lufa/LUFA-120730/LUFA/Drivers/USB/Core/AVR8/Endpoint_AVR8.o
 .debug_ranges  0x00000000000001c8       0x20 obj_atreus/protocol/lufa/LUFA-120730/LUFA/Drivers/USB/Core/AVR8/USBController_AVR8.o
 .debug_ranges  0x00000000000001e8       0x40 obj_atreus/protocol/lufa/LUFA-120730/LUFA/Drivers/USB/Core/AVR8/USBInterrupt_AVR8.o
 .debug_ranges  0x0000000000000228      0x238 obj_atreus/protocol/lufa/LUFA-120730/LUFA/Drivers/USB/Core/AVR8/EndpointStream_AVR8.o
 .debug_ranges  0x0000000000000460       0x28 obj_atreus/protocol/lufa/LUFA-120730/LUFA/Drivers/USB/Core/DeviceStandardReq.o
 .debug_ranges  0x0000000000000488       0x10 obj_atreus/protocol/lufa/LUFA-120730/LUFA/Drivers/USB/Core/USBTask.o
 .debug_ranges  0x0000000000000498       0x50 obj_atreus/common/host.o
 .debug_ranges  0x00000000000004e8       0x58 obj_atreus/common/keyboard.o
 .debug_ranges  0x0000000000000540       0xf8 obj_atreus/common/action.o
 .debug_ranges  0x0000000000000638       0x48 obj_atreus/common/action_tapping.o
 .debug_ranges  0x0000000000000680       0x28 obj_atreus/common/action_macro.o
 .debug_ranges  0x00000000000006a8      0x110 obj_atreus/common/action_layer.o
 .debug_ranges  0x00000000000007b8       0xb8 obj_atreus/common/action_util.o
 .debug_ranges  0x0000000000000870       0x20 obj_atreus/common/keymap.o
 .debug_ranges  0x0000000000000890       0x40 obj_atreus/common/timer.o
 .debug_ranges  0x00000000000008d0       0x28 obj_atreus/common/print.o
 .debug_ranges  0x00000000000008f8       0x18 obj_atreus/common/bootloader.o
 .debug_ranges  0x0000000000000910       0x38 obj_atreus/common/suspend.o
 .debug_ranges  0x0000000000000948       0x50 obj_atreus/common/util.o
 .debug_ranges  0x0000000000000998       0x20 obj_atreus/common/command.o

.debug_macro
 *(.debug_macro)
OUTPUT(atreus.elf elf32-avr)
LOAD linker stubs

Cross Reference Table

Symbol                                            File
CALLBACK_HIDParser_FilterHIDReportItem            obj_atreus/protocol/lufa/LUFA-120730/LUFA/Drivers/USB/Class/Common/HIDParser.o
CALLBACK_USB_GetDescriptor                        obj_atreus/protocol/lufa/descriptor.o
                                                  obj_atreus/protocol/lufa/LUFA-120730/LUFA/Drivers/USB/Core/DeviceStandardReq.o
                                                  obj_atreus/protocol/lufa/LUFA-120730/LUFA/Drivers/USB/Core/AVR8/USBController_AVR8.o
ConfigurationDescriptor                           obj_atreus/protocol/lufa/descriptor.o
ConsoleReport                                     obj_atreus/protocol/lufa/descriptor.o
DeviceDescriptor                                  obj_atreus/protocol/lufa/descriptor.o
EVENT_USB_Device_ConfigurationChanged             obj_atreus/protocol/lufa/lufa.o
                                                  obj_atreus/protocol/lufa/LUFA-120730/LUFA/Drivers/USB/Core/DeviceStandardReq.o
EVENT_USB_Device_Connect                          obj_atreus/protocol/lufa/lufa.o
                                                  obj_atreus/protocol/lufa/LUFA-120730/LUFA/Drivers/USB/Core/AVR8/USBInterrupt_AVR8.o
EVENT_USB_Device_ControlRequest                   obj_atreus/protocol/lufa/lufa.o
                                                  obj_atreus/protocol/lufa/LUFA-120730/LUFA/Drivers/USB/Core/DeviceStandardReq.o
EVENT_USB_Device_Disconnect                       obj_atreus/protocol/lufa/lufa.o
                                                  obj_atreus/protocol/lufa/LUFA-120730/LUFA/Drivers/USB/Core/AVR8/USBInterrupt_AVR8.o
EVENT_USB_Device_Reset                            obj_atreus/protocol/lufa/lufa.o
                                                  obj_atreus/protocol/lufa/LUFA-120730/LUFA/Drivers/USB/Core/AVR8/USBInterrupt_AVR8.o
EVENT_USB_Device_StartOfFrame                     obj_atreus/protocol/lufa/lufa.o
                                                  obj_atreus/protocol/lufa/LUFA-120730/LUFA/Drivers/USB/Core/AVR8/USBInterrupt_AVR8.o
EVENT_USB_Device_Suspend                          obj_atreus/protocol/lufa/lufa.o
                                                  obj_atreus/protocol/lufa/LUFA-120730/LUFA/Drivers/USB/Core/AVR8/USBInterrupt_AVR8.o
EVENT_USB_Device_WakeUp                           obj_atreus/protocol/lufa/lufa.o
                                                  obj_atreus/protocol/lufa/LUFA-120730/LUFA/Drivers/USB/Core/AVR8/USBInterrupt_AVR8.o
Endpoint_ClearEndpoints                           obj_atreus/protocol/lufa/LUFA-120730/LUFA/Drivers/USB/Core/AVR8/Endpoint_AVR8.o
Endpoint_ClearStatusStage                         obj_atreus/protocol/lufa/LUFA-120730/LUFA/Drivers/USB/Core/AVR8/Endpoint_AVR8.o
                                                  obj_atreus/protocol/lufa/LUFA-120730/LUFA/Drivers/USB/Core/DeviceStandardReq.o
                                                  obj_atreus/protocol/lufa/lufa.o
Endpoint_ConfigureEndpointTable                   obj_atreus/protocol/lufa/LUFA-120730/LUFA/Drivers/USB/Core/AVR8/Endpoint_AVR8.o
Endpoint_ConfigureEndpoint_Prv                    obj_atreus/protocol/lufa/LUFA-120730/LUFA/Drivers/USB/Core/AVR8/Endpoint_AVR8.o
                                                  obj_atreus/protocol/lufa/LUFA-120730/LUFA/Drivers/USB/Core/AVR8/USBInterrupt_AVR8.o
                                                  obj_atreus/protocol/lufa/LUFA-120730/LUFA/Drivers/USB/Core/AVR8/USBController_AVR8.o
                                                  obj_atreus/protocol/lufa/lufa.o
Endpoint_Discard_Stream                           obj_atreus/protocol/lufa/LUFA-120730/LUFA/Drivers/USB/Core/AVR8/EndpointStream_AVR8.o
Endpoint_Null_Stream                              obj_atreus/protocol/lufa/LUFA-120730/LUFA/Drivers/USB/Core/AVR8/EndpointStream_AVR8.o
Endpoint_Read_Control_EStream_BE                  obj_atreus/protocol/lufa/LUFA-120730/LUFA/Drivers/USB/Core/AVR8/EndpointStream_AVR8.o
Endpoint_Read_Control_EStream_LE                  obj_atreus/protocol/lufa/LUFA-120730/LUFA/Drivers/USB/Core/AVR8/EndpointStream_AVR8.o
Endpoint_Read_Control_Stream_BE                   obj_atreus/protocol/lufa/LUFA-120730/LUFA/Drivers/USB/Core/AVR8/EndpointStream_AVR8.o
Endpoint_Read_Control_Stream_LE                   obj_atreus/protocol/lufa/LUFA-120730/LUFA/Drivers/USB/Core/AVR8/EndpointStream_AVR8.o
Endpoint_Read_EStream_BE                          obj_atreus/protocol/lufa/LUFA-120730/LUFA/Drivers/USB/Core/AVR8/EndpointStream_AVR8.o
Endpoint_Read_EStream_LE                          obj_atreus/protocol/lufa/LUFA-120730/LUFA/Drivers/USB/Core/AVR8/EndpointStream_AVR8.o
Endpoint_Read_Stream_BE                           obj_atreus/protocol/lufa/LUFA-120730/LUFA/Drivers/USB/Core/AVR8/EndpointStream_AVR8.o
Endpoint_Read_Stream_LE                           obj_atreus/protocol/lufa/LUFA-120730/LUFA/Drivers/USB/Core/AVR8/EndpointStream_AVR8.o
Endpoint_WaitUntilReady                           obj_atreus/protocol/lufa/LUFA-120730/LUFA/Drivers/USB/Core/AVR8/Endpoint_AVR8.o
                                                  obj_atreus/protocol/lufa/LUFA-120730/LUFA/Drivers/USB/Core/AVR8/EndpointStream_AVR8.o
Endpoint_Write_Control_EStream_BE                 obj_atreus/protocol/lufa/LUFA-120730/LUFA/Drivers/USB/Core/AVR8/EndpointStream_AVR8.o
Endpoint_Write_Control_EStream_LE                 obj_atreus/protocol/lufa/LUFA-120730/LUFA/Drivers/USB/Core/AVR8/EndpointStream_AVR8.o
Endpoint_Write_Control_PStream_BE                 obj_atreus/protocol/lufa/LUFA-120730/LUFA/Drivers/USB/Core/AVR8/EndpointStream_AVR8.o
Endpoint_Write_Control_PStream_LE                 obj_atreus/protocol/lufa/LUFA-120730/LUFA/Drivers/USB/Core/AVR8/EndpointStream_AVR8.o
                                                  obj_atreus/protocol/lufa/LUFA-120730/LUFA/Drivers/USB/Core/DeviceStandardReq.o
Endpoint_Write_Control_Stream_BE                  obj_atreus/protocol/lufa/LUFA-120730/LUFA/Drivers/USB/Core/AVR8/EndpointStream_AVR8.o
Endpoint_Write_Control_Stream_LE                  obj_atreus/protocol/lufa/LUFA-120730/LUFA/Drivers/USB/Core/AVR8/EndpointStream_AVR8.o
                                                  obj_atreus/protocol/lufa/LUFA-120730/LUFA/Drivers/USB/Core/DeviceStandardReq.o
                                                  obj_atreus/protocol/lufa/lufa.o
Endpoint_Write_EStream_BE                         obj_atreus/protocol/lufa/LUFA-120730/LUFA/Drivers/USB/Core/AVR8/EndpointStream_AVR8.o
Endpoint_Write_EStream_LE                         obj_atreus/protocol/lufa/LUFA-120730/LUFA/Drivers/USB/Core/AVR8/EndpointStream_AVR8.o
Endpoint_Write_PStream_BE                         obj_atreus/protocol/lufa/LUFA-120730/LUFA/Drivers/USB/Core/AVR8/EndpointStream_AVR8.o
Endpoint_Write_PStream_LE                         obj_atreus/protocol/lufa/LUFA-120730/LUFA/Drivers/USB/Core/AVR8/EndpointStream_AVR8.o
Endpoint_Write_Stream_BE                          obj_atreus/protocol/lufa/LUFA-120730/LUFA/Drivers/USB/Core/AVR8/EndpointStream_AVR8.o
Endpoint_Write_Stream_LE                          obj_atreus/protocol/lufa/LUFA-120730/LUFA/Drivers/USB/Core/AVR8/EndpointStream_AVR8.o
                                                  obj_atreus/protocol/lufa/lufa.o
KeyboardReport                                    obj_atreus/protocol/lufa/descriptor.o
LanguageString                                    obj_atreus/protocol/lufa/descriptor.o
ManufacturerString                                obj_atreus/protocol/lufa/descriptor.o
NKROReport                                        obj_atreus/protocol/lufa/descriptor.o
ProductString                                     obj_atreus/protocol/lufa/descriptor.o
USB_ControlRequest                                obj_atreus/protocol/lufa/LUFA-120730/LUFA/Drivers/USB/Core/USBTask.o
                                                  obj_atreus/protocol/lufa/LUFA-120730/LUFA/Drivers/USB/Core/DeviceStandardReq.o
                                                  obj_atreus/protocol/lufa/LUFA-120730/LUFA/Drivers/USB/Core/AVR8/EndpointStream_AVR8.o
                                                  obj_atreus/protocol/lufa/LUFA-120730/LUFA/Drivers/USB/Core/AVR8/Endpoint_AVR8.o
                                                  obj_atreus/protocol/lufa/lufa.o
USB_DeviceState                                   obj_atreus/protocol/lufa/LUFA-120730/LUFA/Drivers/USB/Core/USBTask.o
                                                  obj_atreus/protocol/lufa/LUFA-120730/LUFA/Drivers/USB/Core/DeviceStandardReq.o
                                                  obj_atreus/protocol/lufa/LUFA-120730/LUFA/Drivers/USB/Core/AVR8/EndpointStream_AVR8.o
                                                  obj_atreus/protocol/lufa/LUFA-120730/LUFA/Drivers/USB/Core/AVR8/USBInterrupt_AVR8.o
                                                  obj_atreus/protocol/lufa/LUFA-120730/LUFA/Drivers/USB/Core/AVR8/USBController_AVR8.o
                                                  obj_atreus/protocol/lufa/LUFA-120730/LUFA/Drivers/USB/Core/AVR8/Endpoint_AVR8.o
                                                  obj_atreus/protocol/lufa/lufa.o
USB_Device_ConfigurationNumber                    obj_atreus/protocol/lufa/LUFA-120730/LUFA/Drivers/USB/Core/DeviceStandardReq.o
                                                  obj_atreus/protocol/lufa/LUFA-120730/LUFA/Drivers/USB/Core/AVR8/USBInterrupt_AVR8.o
                                                  obj_atreus/protocol/lufa/LUFA-120730/LUFA/Drivers/USB/Core/AVR8/USBController_AVR8.o
USB_Device_ControlEndpointSize                    obj_atreus/protocol/lufa/LUFA-120730/LUFA/Drivers/USB/Core/AVR8/Endpoint_AVR8.o
                                                  obj_atreus/protocol/lufa/LUFA-120730/LUFA/Drivers/USB/Core/AVR8/EndpointStream_AVR8.o
                                                  obj_atreus/protocol/lufa/LUFA-120730/LUFA/Drivers/USB/Core/AVR8/USBInterrupt_AVR8.o
                                                  obj_atreus/protocol/lufa/LUFA-120730/LUFA/Drivers/USB/Core/AVR8/USBController_AVR8.o
USB_Device_CurrentlySelfPowered                   obj_atreus/protocol/lufa/LUFA-120730/LUFA/Drivers/USB/Core/DeviceStandardReq.o
                                                  obj_atreus/protocol/lufa/LUFA-120730/LUFA/Drivers/USB/Core/AVR8/USBController_AVR8.o
USB_Device_ProcessControlRequest                  obj_atreus/protocol/lufa/LUFA-120730/LUFA/Drivers/USB/Core/DeviceStandardReq.o
                                                  obj_atreus/protocol/lufa/LUFA-120730/LUFA/Drivers/USB/Core/USBTask.o
                                                  obj_atreus/protocol/lufa/LUFA-120730/LUFA/Drivers/USB/Core/AVR8/USBInterrupt_AVR8.o
USB_Device_RemoteWakeupEnabled                    obj_atreus/protocol/lufa/LUFA-120730/LUFA/Drivers/USB/Core/DeviceStandardReq.o
                                                  obj_atreus/protocol/lufa/LUFA-120730/LUFA/Drivers/USB/Core/AVR8/USBController_AVR8.o
                                                  obj_atreus/protocol/lufa/lufa.o
USB_Device_SendRemoteWakeup                       obj_atreus/protocol/lufa/LUFA-120730/LUFA/Drivers/USB/Core/AVR8/Device_AVR8.o
                                                  obj_atreus/protocol/lufa/lufa.o
USB_Disable                                       obj_atreus/protocol/lufa/LUFA-120730/LUFA/Drivers/USB/Core/AVR8/USBController_AVR8.o
                                                  obj_atreus/common/bootloader.o
                                                  obj_atreus/protocol/lufa/lufa.o
USB_Event_Stub                                    obj_atreus/protocol/lufa/LUFA-120730/LUFA/Drivers/USB/Core/Events.o
USB_GetHIDReportItemInfo                          obj_atreus/protocol/lufa/LUFA-120730/LUFA/Drivers/USB/Class/Common/HIDParser.o
USB_GetHIDReportSize                              obj_atreus/protocol/lufa/LUFA-120730/LUFA/Drivers/USB/Class/Common/HIDParser.o
USB_GetNextDescriptorComp                         obj_atreus/protocol/lufa/LUFA-120730/LUFA/Drivers/USB/Core/ConfigDescriptors.o
USB_GetNextDescriptorOfType                       obj_atreus/protocol/lufa/LUFA-120730/LUFA/Drivers/USB/Core/ConfigDescriptors.o
USB_GetNextDescriptorOfTypeAfter                  obj_atreus/protocol/lufa/LUFA-120730/LUFA/Drivers/USB/Core/ConfigDescriptors.o
USB_GetNextDescriptorOfTypeBefore                 obj_atreus/protocol/lufa/LUFA-120730/LUFA/Drivers/USB/Core/ConfigDescriptors.o
USB_INT_ClearAllInterrupts                        obj_atreus/protocol/lufa/LUFA-120730/LUFA/Drivers/USB/Core/AVR8/USBInterrupt_AVR8.o
                                                  obj_atreus/protocol/lufa/LUFA-120730/LUFA/Drivers/USB/Core/AVR8/USBController_AVR8.o
USB_INT_DisableAllInterrupts                      obj_atreus/protocol/lufa/LUFA-120730/LUFA/Drivers/USB/Core/AVR8/USBInterrupt_AVR8.o
                                                  obj_atreus/protocol/lufa/LUFA-120730/LUFA/Drivers/USB/Core/AVR8/USBController_AVR8.o
USB_Init                                          obj_atreus/protocol/lufa/LUFA-120730/LUFA/Drivers/USB/Core/AVR8/USBController_AVR8.o
                                                  obj_atreus/protocol/lufa/lufa.o
USB_IsInitialized                                 obj_atreus/protocol/lufa/LUFA-120730/LUFA/Drivers/USB/Core/USBTask.o
                                                  obj_atreus/protocol/lufa/LUFA-120730/LUFA/Drivers/USB/Core/AVR8/USBController_AVR8.o
USB_ProcessHIDReport                              obj_atreus/protocol/lufa/LUFA-120730/LUFA/Drivers/USB/Class/Common/HIDParser.o
USB_ResetInterface                                obj_atreus/protocol/lufa/LUFA-120730/LUFA/Drivers/USB/Core/AVR8/USBController_AVR8.o
USB_SetHIDReportItemInfo                          obj_atreus/protocol/lufa/LUFA-120730/LUFA/Drivers/USB/Class/Common/HIDParser.o
USB_USBTask                                       obj_atreus/protocol/lufa/LUFA-120730/LUFA/Drivers/USB/Core/USBTask.o
__bad_interrupt                                   /usr/lib/gcc/avr/4.9.2/../../../avr/lib/avr5/crtatmega32u4.o
__bss_end                                         /usr/lib/gcc/avr/4.9.2/avr5/libgcc.a(_clear_bss.o)
__bss_start                                       /usr/lib/gcc/avr/4.9.2/avr5/libgcc.a(_clear_bss.o)
__data_end                                        /usr/lib/gcc/avr/4.9.2/avr5/libgcc.a(_copy_data.o)
__data_load_start                                 /usr/lib/gcc/avr/4.9.2/avr5/libgcc.a(_copy_data.o)
__data_start                                      /usr/lib/gcc/avr/4.9.2/avr5/libgcc.a(_copy_data.o)
__do_clear_bss                                    /usr/lib/gcc/avr/4.9.2/avr5/libgcc.a(_clear_bss.o)
                                                  obj_atreus/common/command.o
                                                  obj_atreus/common/timer.o
                                                  obj_atreus/common/keymap.o
                                                  obj_atreus/common/action_util.o
                                                  obj_atreus/common/action_layer.o
                                                  obj_atreus/common/action_macro.o
                                                  obj_atreus/common/action_tapping.o
                                                  obj_atreus/common/action.o
                                                  obj_atreus/common/keyboard.o
                                                  obj_atreus/common/host.o
                                                  obj_atreus/protocol/lufa/LUFA-120730/LUFA/Drivers/USB/Core/USBTask.o
                                                  obj_atreus/protocol/lufa/LUFA-120730/LUFA/Drivers/USB/Core/DeviceStandardReq.o
                                                  obj_atreus/protocol/lufa/lufa.o
                                                  obj_atreus/matrix.o
                                                  obj_atreus/keymap_common.o
                                                  obj_atreus/keymap_qwertyPD.o
__do_copy_data                                    /usr/lib/gcc/avr/4.9.2/avr5/libgcc.a(_copy_data.o)
                                                  obj_atreus/common/action_util.o
                                                  obj_atreus/protocol/lufa/LUFA-120730/LUFA/Drivers/USB/Core/AVR8/Endpoint_AVR8.o
                                                  obj_atreus/protocol/lufa/descriptor.o
                                                  obj_atreus/protocol/lufa/lufa.o
                                                  obj_atreus/matrix.o
__heap_end                                        /usr/lib/gcc/avr/4.9.2/../../../avr/lib/avr5/crtatmega32u4.o
__init                                            /usr/lib/gcc/avr/4.9.2/../../../avr/lib/avr5/crtatmega32u4.o
__stack                                           /usr/lib/gcc/avr/4.9.2/../../../avr/lib/avr5/crtatmega32u4.o
__tablejump2__                                    /usr/lib/gcc/avr/4.9.2/avr5/libgcc.a(_tablejump2.o)
                                                  obj_atreus/common/action.o
                                                  obj_atreus/protocol/lufa/LUFA-120730/LUFA/Drivers/USB/Core/DeviceStandardReq.o
__vector_1                                        /usr/lib/gcc/avr/4.9.2/../../../avr/lib/avr5/crtatmega32u4.o
__vector_10                                       obj_atreus/protocol/lufa/LUFA-120730/LUFA/Drivers/USB/Core/AVR8/USBInterrupt_AVR8.o
                                                  /usr/lib/gcc/avr/4.9.2/../../../avr/lib/avr5/crtatmega32u4.o
__vector_11                                       obj_atreus/protocol/lufa/LUFA-120730/LUFA/Drivers/USB/Core/AVR8/USBInterrupt_AVR8.o
                                                  /usr/lib/gcc/avr/4.9.2/../../../avr/lib/avr5/crtatmega32u4.o
__vector_12                                       /usr/lib/gcc/avr/4.9.2/../../../avr/lib/avr5/crtatmega32u4.o
__vector_13                                       /usr/lib/gcc/avr/4.9.2/../../../avr/lib/avr5/crtatmega32u4.o
__vector_14                                       /usr/lib/gcc/avr/4.9.2/../../../avr/lib/avr5/crtatmega32u4.o
__vector_15                                       /usr/lib/gcc/avr/4.9.2/../../../avr/lib/avr5/crtatmega32u4.o
__vector_16                                       /usr/lib/gcc/avr/4.9.2/../../../avr/lib/avr5/crtatmega32u4.o
__vector_17                                       /usr/lib/gcc/avr/4.9.2/../../../avr/lib/avr5/crtatmega32u4.o
__vector_18                                       /usr/lib/gcc/avr/4.9.2/../../../avr/lib/avr5/crtatmega32u4.o
__vector_19                                       /usr/lib/gcc/avr/4.9.2/../../../avr/lib/avr5/crtatmega32u4.o
__vector_2                                        /usr/lib/gcc/avr/4.9.2/../../../avr/lib/avr5/crtatmega32u4.o
__vector_20                                       /usr/lib/gcc/avr/4.9.2/../../../avr/lib/avr5/crtatmega32u4.o
__vector_21                                       obj_atreus/common/timer.o
                                                  /usr/lib/gcc/avr/4.9.2/../../../avr/lib/avr5/crtatmega32u4.o
__vector_22                                       /usr/lib/gcc/avr/4.9.2/../../../avr/lib/avr5/crtatmega32u4.o
__vector_23                                       /usr/lib/gcc/avr/4.9.2/../../../avr/lib/avr5/crtatmega32u4.o
__vector_24                                       /usr/lib/gcc/avr/4.9.2/../../../avr/lib/avr5/crtatmega32u4.o
__vector_25                                       /usr/lib/gcc/avr/4.9.2/../../../avr/lib/avr5/crtatmega32u4.o
__vector_26                                       /usr/lib/gcc/avr/4.9.2/../../../avr/lib/avr5/crtatmega32u4.o
__vector_27                                       /usr/lib/gcc/avr/4.9.2/../../../avr/lib/avr5/crtatmega32u4.o
__vector_28                                       /usr/lib/gcc/avr/4.9.2/../../../avr/lib/avr5/crtatmega32u4.o
__vector_29                                       /usr/lib/gcc/avr/4.9.2/../../../avr/lib/avr5/crtatmega32u4.o
__vector_3                                        /usr/lib/gcc/avr/4.9.2/../../../avr/lib/avr5/crtatmega32u4.o
__vector_30                                       /usr/lib/gcc/avr/4.9.2/../../../avr/lib/avr5/crtatmega32u4.o
__vector_31                                       /usr/lib/gcc/avr/4.9.2/../../../avr/lib/avr5/crtatmega32u4.o
__vector_32                                       /usr/lib/gcc/avr/4.9.2/../../../avr/lib/avr5/crtatmega32u4.o
__vector_33                                       /usr/lib/gcc/avr/4.9.2/../../../avr/lib/avr5/crtatmega32u4.o
__vector_34                                       /usr/lib/gcc/avr/4.9.2/../../../avr/lib/avr5/crtatmega32u4.o
__vector_35                                       /usr/lib/gcc/avr/4.9.2/../../../avr/lib/avr5/crtatmega32u4.o
__vector_36                                       /usr/lib/gcc/avr/4.9.2/../../../avr/lib/avr5/crtatmega32u4.o
__vector_37                                       /usr/lib/gcc/avr/4.9.2/../../../avr/lib/avr5/crtatmega32u4.o
__vector_38                                       /usr/lib/gcc/avr/4.9.2/../../../avr/lib/avr5/crtatmega32u4.o
__vector_39                                       /usr/lib/gcc/avr/4.9.2/../../../avr/lib/avr5/crtatmega32u4.o
__vector_4                                        /usr/lib/gcc/avr/4.9.2/../../../avr/lib/avr5/crtatmega32u4.o
__vector_40                                       /usr/lib/gcc/avr/4.9.2/../../../avr/lib/avr5/crtatmega32u4.o
__vector_41                                       /usr/lib/gcc/avr/4.9.2/../../../avr/lib/avr5/crtatmega32u4.o
__vector_42                                       /usr/lib/gcc/avr/4.9.2/../../../avr/lib/avr5/crtatmega32u4.o
__vector_5                                        /usr/lib/gcc/avr/4.9.2/../../../avr/lib/avr5/crtatmega32u4.o
__vector_6                                        /usr/lib/gcc/avr/4.9.2/../../../avr/lib/avr5/crtatmega32u4.o
__vector_7                                        /usr/lib/gcc/avr/4.9.2/../../../avr/lib/avr5/crtatmega32u4.o
__vector_8                                        /usr/lib/gcc/avr/4.9.2/../../../avr/lib/avr5/crtatmega32u4.o
__vector_9                                        /usr/lib/gcc/avr/4.9.2/../../../avr/lib/avr5/crtatmega32u4.o
__vector_default                                  /usr/lib/gcc/avr/4.9.2/../../../avr/lib/avr5/crtatmega32u4.o
__vectors                                         /usr/lib/gcc/avr/4.9.2/../../../avr/lib/avr5/crtatmega32u4.o
__xprintf                                         obj_atreus/common/xprintf.o
                                                  obj_atreus/common/command.o
                                                  obj_atreus/common/action_util.o
                                                  obj_atreus/common/keyboard.o
                                                  obj_atreus/common/host.o
                                                  obj_atreus/matrix.o
_exit                                             /usr/lib/gcc/avr/4.9.2/avr5/libgcc.a(_exit.o)
action_exec                                       obj_atreus/common/action.o
                                                  obj_atreus/common/keyboard.o
action_for_key                                    obj_atreus/common/keymap.o
                                                  obj_atreus/common/action_layer.o
action_function                                   obj_atreus/keymap_qwertyPD.o
                                                  obj_atreus/common/action.o
action_get_macro                                  obj_atreus/common/keymap.o
                                                  obj_atreus/common/action.o
action_macro_play                                 obj_atreus/common/action_macro.o
                                                  obj_atreus/common/action.o
action_tapping_process                            obj_atreus/common/action_tapping.o
                                                  obj_atreus/common/action.o
actionmap_key_to_action                           obj_atreus/keymap_common.o
                                                  obj_atreus/common/keymap.o
add_key                                           obj_atreus/common/action_util.o
                                                  obj_atreus/common/action.o
add_mods                                          obj_atreus/common/action_util.o
                                                  obj_atreus/common/action.o
add_weak_mods                                     obj_atreus/common/action_util.o
                                                  obj_atreus/common/action_macro.o
                                                  obj_atreus/common/action.o
biton                                             obj_atreus/common/util.o
                                                  obj_atreus/common/action_util.o
biton16                                           obj_atreus/common/util.o
biton32                                           obj_atreus/common/util.o
                                                  obj_atreus/common/command.o
bitpop                                            obj_atreus/common/util.o
                                                  obj_atreus/common/action_util.o
bitpop16                                          obj_atreus/common/util.o
                                                  obj_atreus/matrix.o
bitpop32                                          obj_atreus/common/util.o
bitrev                                            obj_atreus/common/util.o
bitrev16                                          obj_atreus/common/util.o
                                                  obj_atreus/matrix.o
bitrev32                                          obj_atreus/common/util.o
bootloader                                        obj_atreus/keymap_common.o
                                                  obj_atreus/keymap_qwertyPD.o
bootloader_jump                                   obj_atreus/common/bootloader.o
                                                  obj_atreus/common/command.o
                                                  obj_atreus/keymap_common.o
bootloader_jump_after_watchdog_reset              obj_atreus/common/bootloader.o
clear_keyboard                                    obj_atreus/common/action.o
                                                  obj_atreus/common/command.o
                                                  obj_atreus/common/suspend.o
                                                  obj_atreus/common/action_tapping.o
                                                  obj_atreus/keymap_common.o
clear_keyboard_but_mods                           obj_atreus/common/action.o
                                                  obj_atreus/common/action_layer.o
clear_keys                                        obj_atreus/common/action_util.o
                                                  obj_atreus/common/action.o
clear_mods                                        obj_atreus/common/action_util.o
                                                  obj_atreus/common/action.o
clear_oneshot_mods                                obj_atreus/common/action_util.o
                                                  obj_atreus/common/action.o
clear_weak_mods                                   obj_atreus/common/action_util.o
                                                  obj_atreus/common/action.o
command_extra                                     obj_atreus/common/command.o
command_proc                                      obj_atreus/common/command.o
                                                  obj_atreus/common/action.o
debug_action                                      obj_atreus/common/action.o
debug_config                                      obj_atreus/common/command.o
                                                  obj_atreus/common/keymap.o
                                                  obj_atreus/common/action_util.o
                                                  obj_atreus/common/action_layer.o
                                                  obj_atreus/common/action_macro.o
                                                  obj_atreus/common/action_tapping.o
                                                  obj_atreus/common/action.o
                                                  obj_atreus/common/keyboard.o
                                                  obj_atreus/common/host.o
                                                  obj_atreus/protocol/lufa/lufa.o
                                                  obj_atreus/matrix.o
                                                  obj_atreus/keymap_common.o
                                                  obj_atreus/keymap_qwertyPD.o
debug_event                                       obj_atreus/common/action.o
                                                  obj_atreus/common/action_tapping.o
debug_record                                      obj_atreus/common/action.o
                                                  obj_atreus/common/action_tapping.o
default_layer_and                                 obj_atreus/common/action_layer.o
                                                  obj_atreus/common/action.o
default_layer_debug                               obj_atreus/common/action_layer.o
                                                  obj_atreus/common/action.o
default_layer_or                                  obj_atreus/common/action_layer.o
                                                  obj_atreus/common/action.o
default_layer_set                                 obj_atreus/common/action_layer.o
                                                  obj_atreus/common/command.o
default_layer_state                               obj_atreus/common/action_layer.o
                                                  obj_atreus/common/command.o
default_layer_xor                                 obj_atreus/common/action_layer.o
                                                  obj_atreus/common/action.o
del_key                                           obj_atreus/common/action_util.o
                                                  obj_atreus/common/action.o
del_mods                                          obj_atreus/common/action_util.o
                                                  obj_atreus/common/action.o
del_weak_mods                                     obj_atreus/common/action_util.o
                                                  obj_atreus/common/action_macro.o
                                                  obj_atreus/common/action.o
eeprom_read_byte                                  /usr/lib/gcc/avr/4.9.2/../../../avr/lib/avr5/libatmega32u4.a(eerd_byte.o)
                                                  obj_atreus/protocol/lufa/LUFA-120730/LUFA/Drivers/USB/Core/AVR8/EndpointStream_AVR8.o
eeprom_update_byte                                /usr/lib/gcc/avr/4.9.2/../../../avr/lib/avr5/libatmega32u4.a(eeupd_byte.o)
                                                  obj_atreus/protocol/lufa/LUFA-120730/LUFA/Drivers/USB/Core/AVR8/EndpointStream_AVR8.o
eeprom_update_r18                                 /usr/lib/gcc/avr/4.9.2/../../../avr/lib/avr5/libatmega32u4.a(eeupd_byte.o)
exit                                              /usr/lib/gcc/avr/4.9.2/avr5/libgcc.a(_exit.o)
                                                  /usr/lib/gcc/avr/4.9.2/../../../avr/lib/avr5/crtatmega32u4.o
fn_actions                                        obj_atreus/keymap_qwertyPD.o
                                                  obj_atreus/keymap_common.o
get_first_key                                     obj_atreus/common/action_util.o
get_mods                                          obj_atreus/common/action_util.o
get_weak_mods                                     obj_atreus/common/action_util.o
has_anykey                                        obj_atreus/common/action_util.o
has_anymod                                        obj_atreus/common/action_util.o
host_consumer_send                                obj_atreus/common/host.o
                                                  obj_atreus/common/action.o
host_get_driver                                   obj_atreus/common/host.o
                                                  obj_atreus/common/command.o
host_keyboard_leds                                obj_atreus/common/host.o
                                                  obj_atreus/common/command.o
                                                  obj_atreus/common/keyboard.o
host_keyboard_send                                obj_atreus/common/host.o
                                                  obj_atreus/common/action_util.o
host_last_consumer_report                         obj_atreus/common/host.o
host_last_sysytem_report                          obj_atreus/common/host.o
host_mouse_send                                   obj_atreus/common/host.o
host_set_driver                                   obj_atreus/common/host.o
                                                  obj_atreus/common/command.o
                                                  obj_atreus/protocol/lufa/lufa.o
host_system_send                                  obj_atreus/common/host.o
                                                  obj_atreus/common/action.o
is_tap_key                                        obj_atreus/common/action.o
                                                  obj_atreus/common/action_tapping.o
keyboard_init                                     obj_atreus/common/keyboard.o
                                                  obj_atreus/protocol/lufa/lufa.o
keyboard_nkro                                     obj_atreus/common/host.o
                                                  obj_atreus/common/command.o
                                                  obj_atreus/common/action_util.o
                                                  obj_atreus/protocol/lufa/lufa.o
keyboard_report                                   obj_atreus/common/action_util.o
                                                  obj_atreus/common/command.o
keyboard_set_leds                                 obj_atreus/common/keyboard.o
keyboard_task                                     obj_atreus/common/keyboard.o
                                                  obj_atreus/protocol/lufa/lufa.o
keymap_fn_to_action                               obj_atreus/keymap_common.o
                                                  obj_atreus/common/keymap.o
keymaps                                           obj_atreus/keymap_qwertyPD.o
                                                  obj_atreus/keymap_common.o
layer_and                                         obj_atreus/common/action_layer.o
                                                  obj_atreus/common/action.o
layer_clear                                       obj_atreus/common/action_layer.o
                                                  obj_atreus/common/action.o
layer_debug                                       obj_atreus/common/action_layer.o
                                                  obj_atreus/common/action.o
layer_invert                                      obj_atreus/common/action_layer.o
                                                  obj_atreus/common/action.o
layer_move                                        obj_atreus/common/action_layer.o
                                                  obj_atreus/common/action.o
layer_off                                         obj_atreus/common/action_layer.o
                                                  obj_atreus/common/action.o